2024-07-31 20:35:33.191 [info] Extension host with pid 5143 started
2024-07-31 20:35:33.191 [info] Skipping acquiring lock for /home/loganmancuso/.config/VSCodium/User/workspaceStorage/77f35f266b2704abb99b6f16ff5252d6.
2024-07-31 20:35:33.441 [info] ExtensionService#_doActivateExtension vscode.emmet, startup: false, activationEvent: 'onLanguage'
2024-07-31 20:35:33.902 [info] ExtensionService#_doActivateExtension vscode.git-base, startup: true, activationEvent: '*', root cause: vscode.git
2024-07-31 20:35:33.907 [info] ExtensionService#_doActivateExtension Shan.code-settings-sync, startup: true, activationEvent: '*'
2024-07-31 20:35:34.207 [info] ExtensionService#_doActivateExtension vscode.git, startup: true, activationEvent: '*'
2024-07-31 20:35:34.259 [info] ExtensionService#_doActivateExtension vscode.github, startup: true, activationEvent: '*'
2024-07-31 20:35:34.376 [info] ExtensionService#_doActivateExtension gamunu.opentofu, startup: true, activationEvent: 'workspaceContains:**/*.tf,**/*.tfvars'
2024-07-31 20:35:34.546 [info] Eager extensions activated
2024-07-31 20:35:34.616 [info] ExtensionService#_doActivateExtension vscode.debug-auto-launch, startup: false, activationEvent: 'onStartupFinished'
2024-07-31 20:35:34.621 [info] ExtensionService#_doActivateExtension vscode.merge-conflict, startup: false, activationEvent: 'onStartupFinished'
2024-07-31 20:37:21.623 [info] ExtensionService#_doActivateExtension vscode.extension-editing, startup: false, activationEvent: 'onLanguage:markdown'
2024-07-31 20:37:21.634 [info] ExtensionService#_doActivateExtension vscode.markdown-language-features, startup: false, activationEvent: 'onLanguage:markdown'
2024-07-31 20:37:22.286 [info] ExtensionService#_doActivateExtension vscode.markdown-math, startup: false, activationEvent: 'api', root cause: vscode.markdown-language-features
2024-07-31 22:53:37.532 [info] Extension host terminating: renderer closed the MessagePort
2024-07-31 22:53:37.550 [error] Canceled: Canceled
	at new L (/snap/codium/394/usr/share/codium/resources/app/out/vs/workbench/api/node/extensionHostProcess.js:143:50578)
	at c._remoteCall (/snap/codium/394/usr/share/codium/resources/app/out/vs/workbench/api/node/extensionHostProcess.js:150:7677)
	at x.<computed>.z.charCodeAt.x.<computed> (/snap/codium/394/usr/share/codium/resources/app/out/vs/workbench/api/node/extensionHostProcess.js:150:4229)
	at r._doExecuteCommand (/snap/codium/394/usr/share/codium/resources/app/out/vs/workbench/api/node/extensionHostProcess.js:153:224943)
	at r.executeCommand (/snap/codium/394/usr/share/codium/resources/app/out/vs/workbench/api/node/extensionHostProcess.js:153:224268)
	at _.registerCommand.description (/snap/codium/394/usr/share/codium/resources/app/out/vs/workbench/api/node/extensionHostProcess.js:153:223512)
	at r._executeContributedCommand (/snap/codium/394/usr/share/codium/resources/app/out/vs/workbench/api/node/extensionHostProcess.js:153:225581)
	at r._doExecuteCommand (/snap/codium/394/usr/share/codium/resources/app/out/vs/workbench/api/node/extensionHostProcess.js:153:224401)
	at r.executeCommand (/snap/codium/394/usr/share/codium/resources/app/out/vs/workbench/api/node/extensionHostProcess.js:153:224268)
	at Object.executeCommand (/snap/codium/394/usr/share/codium/resources/app/out/vs/workbench/api/node/extensionHostProcess.js:163:29252)
	at a.O [as value] (/snap/codium/394/usr/share/codium/resources/app/extensions/git/dist/main.js:2:945087)
	at o._deliver (/snap/codium/394/usr/share/codium/resources/app/out/vs/workbench/api/node/extensionHostProcess.js:82:838)
	at o._deliverQueue (/snap/codium/394/usr/share/codium/resources/app/out/vs/workbench/api/node/extensionHostProcess.js:82:929)
	at o.fire (/snap/codium/394/usr/share/codium/resources/app/out/vs/workbench/api/node/extensionHostProcess.js:82:1264)
	at Object.p [as dispose] (/snap/codium/394/usr/share/codium/resources/app/extensions/git/dist/main.js:2:964171)
	at /snap/codium/394/usr/share/codium/resources/app/extensions/git/dist/main.js:2:970209
	at Array.forEach (<anonymous>)
	at f.dispose (/snap/codium/394/usr/share/codium/resources/app/extensions/git/dist/main.js:2:970195)
	at d.<anonymous> (/snap/codium/394/usr/share/codium/resources/app/out/vs/workbench/api/node/extensionHostProcess.js:151:5993)
	at d.dispose (/snap/codium/394/usr/share/codium/resources/app/out/vs/workbench/api/node/extensionHostProcess.js:151:6090)
	at d.<anonymous> (/snap/codium/394/usr/share/codium/resources/app/extensions/git/dist/main.js:2:947344)
	at d.dispose (/snap/codium/394/usr/share/codium/resources/app/out/vs/workbench/api/node/extensionHostProcess.js:151:6090)
	at a (/snap/codium/394/usr/share/codium/resources/app/out/vs/workbench/api/node/extensionHostProcess.js:30:758)
	at f._deactivate (/snap/codium/394/usr/share/codium/resources/app/out/vs/workbench/api/node/extensionHostProcess.js:159:12988)
	at /snap/codium/394/usr/share/codium/resources/app/out/vs/workbench/api/node/extensionHostProcess.js:159:10107
	at Array.map (<anonymous>)
	at f._deactivateAll (/snap/codium/394/usr/share/codium/resources/app/out/vs/workbench/api/node/extensionHostProcess.js:159:10094)
	at f.terminate (/snap/codium/394/usr/share/codium/resources/app/out/vs/workbench/api/node/extensionHostProcess.js:159:10478)
	at a.terminate (/snap/codium/394/usr/share/codium/resources/app/out/vs/workbench/api/node/extensionHostProcess.js:163:1908)
	at t (/snap/codium/394/usr/share/codium/resources/app/out/vs/workbench/api/node/extensionHostProcess.js:176:11627)
	at MessagePortMain.<anonymous> (/snap/codium/394/usr/share/codium/resources/app/out/vs/workbench/api/node/extensionHostProcess.js:176:7702)
	at MessagePortMain.emit (node:events:517:28)
	at MessagePortMain._internalPort.emit (node:electron/js2c/utility_init:2:2285) setContext undefined
2024-07-31 22:53:37.551 [error] Canceled: Canceled
	at new L (/snap/codium/394/usr/share/codium/resources/app/out/vs/workbench/api/node/extensionHostProcess.js:143:50578)
	at c._remoteCall (/snap/codium/394/usr/share/codium/resources/app/out/vs/workbench/api/node/extensionHostProcess.js:150:7677)
	at x.<computed>.z.charCodeAt.x.<computed> (/snap/codium/394/usr/share/codium/resources/app/out/vs/workbench/api/node/extensionHostProcess.js:150:4229)
	at r._doExecuteCommand (/snap/codium/394/usr/share/codium/resources/app/out/vs/workbench/api/node/extensionHostProcess.js:153:224943)
	at r.executeCommand (/snap/codium/394/usr/share/codium/resources/app/out/vs/workbench/api/node/extensionHostProcess.js:153:224268)
	at _.registerCommand.description (/snap/codium/394/usr/share/codium/resources/app/out/vs/workbench/api/node/extensionHostProcess.js:153:223512)
	at r._executeContributedCommand (/snap/codium/394/usr/share/codium/resources/app/out/vs/workbench/api/node/extensionHostProcess.js:153:225581)
	at r._doExecuteCommand (/snap/codium/394/usr/share/codium/resources/app/out/vs/workbench/api/node/extensionHostProcess.js:153:224401)
	at r.executeCommand (/snap/codium/394/usr/share/codium/resources/app/out/vs/workbench/api/node/extensionHostProcess.js:153:224268)
	at Object.executeCommand (/snap/codium/394/usr/share/codium/resources/app/out/vs/workbench/api/node/extensionHostProcess.js:163:29252)
	at set hasGitHubRepositories [as hasGitHubRepositories] (/snap/codium/394/usr/share/codium/resources/app/extensions/github/dist/extension.js:2:322918)
	at /snap/codium/394/usr/share/codium/resources/app/extensions/github/dist/extension.js:2:323877
	at a.value (/snap/codium/394/usr/share/codium/resources/app/extensions/git/dist/main.js:2:1050660)
	at o._deliver (/snap/codium/394/usr/share/codium/resources/app/out/vs/workbench/api/node/extensionHostProcess.js:82:838)
	at o._deliverQueue (/snap/codium/394/usr/share/codium/resources/app/out/vs/workbench/api/node/extensionHostProcess.js:82:929)
	at o.fire (/snap/codium/394/usr/share/codium/resources/app/out/vs/workbench/api/node/extensionHostProcess.js:82:1264)
	at Object.p [as dispose] (/snap/codium/394/usr/share/codium/resources/app/extensions/git/dist/main.js:2:964171)
	at /snap/codium/394/usr/share/codium/resources/app/extensions/git/dist/main.js:2:970209
	at Array.forEach (<anonymous>)
	at f.dispose (/snap/codium/394/usr/share/codium/resources/app/extensions/git/dist/main.js:2:970195)
	at d.<anonymous> (/snap/codium/394/usr/share/codium/resources/app/out/vs/workbench/api/node/extensionHostProcess.js:151:5993)
	at d.dispose (/snap/codium/394/usr/share/codium/resources/app/out/vs/workbench/api/node/extensionHostProcess.js:151:6090)
	at d.<anonymous> (/snap/codium/394/usr/share/codium/resources/app/extensions/git/dist/main.js:2:947344)
	at d.dispose (/snap/codium/394/usr/share/codium/resources/app/out/vs/workbench/api/node/extensionHostProcess.js:151:6090)
	at a (/snap/codium/394/usr/share/codium/resources/app/out/vs/workbench/api/node/extensionHostProcess.js:30:758)
	at f._deactivate (/snap/codium/394/usr/share/codium/resources/app/out/vs/workbench/api/node/extensionHostProcess.js:159:12988)
	at /snap/codium/394/usr/share/codium/resources/app/out/vs/workbench/api/node/extensionHostProcess.js:159:10107
	at Array.map (<anonymous>)
	at f._deactivateAll (/snap/codium/394/usr/share/codium/resources/app/out/vs/workbench/api/node/extensionHostProcess.js:159:10094)
	at f.terminate (/snap/codium/394/usr/share/codium/resources/app/out/vs/workbench/api/node/extensionHostProcess.js:159:10478)
	at a.terminate (/snap/codium/394/usr/share/codium/resources/app/out/vs/workbench/api/node/extensionHostProcess.js:163:1908)
	at t (/snap/codium/394/usr/share/codium/resources/app/out/vs/workbench/api/node/extensionHostProcess.js:176:11627)
	at MessagePortMain.<anonymous> (/snap/codium/394/usr/share/codium/resources/app/out/vs/workbench/api/node/extensionHostProcess.js:176:7702)
	at MessagePortMain.emit (node:events:517:28)
	at MessagePortMain._internalPort.emit (node:electron/js2c/utility_init:2:2285) setContext undefined
2024-07-31 22:53:37.551 [error] Canceled: Canceled
	at new L (/snap/codium/394/usr/share/codium/resources/app/out/vs/workbench/api/node/extensionHostProcess.js:143:50578)
	at c._remoteCall (/snap/codium/394/usr/share/codium/resources/app/out/vs/workbench/api/node/extensionHostProcess.js:150:7677)
	at x.<computed>.z.charCodeAt.x.<computed> (/snap/codium/394/usr/share/codium/resources/app/out/vs/workbench/api/node/extensionHostProcess.js:150:4229)
	at r._doExecuteCommand (/snap/codium/394/usr/share/codium/resources/app/out/vs/workbench/api/node/extensionHostProcess.js:153:224943)
	at r.executeCommand (/snap/codium/394/usr/share/codium/resources/app/out/vs/workbench/api/node/extensionHostProcess.js:153:224268)
	at _.registerCommand.description (/snap/codium/394/usr/share/codium/resources/app/out/vs/workbench/api/node/extensionHostProcess.js:153:223512)
	at r._executeContributedCommand (/snap/codium/394/usr/share/codium/resources/app/out/vs/workbench/api/node/extensionHostProcess.js:153:225581)
	at r._doExecuteCommand (/snap/codium/394/usr/share/codium/resources/app/out/vs/workbench/api/node/extensionHostProcess.js:153:224401)
	at r.executeCommand (/snap/codium/394/usr/share/codium/resources/app/out/vs/workbench/api/node/extensionHostProcess.js:153:224268)
	at Object.executeCommand (/snap/codium/394/usr/share/codium/resources/app/out/vs/workbench/api/node/extensionHostProcess.js:163:29252)
	at a.O [as value] (/snap/codium/394/usr/share/codium/resources/app/extensions/git/dist/main.js:2:945087)
	at o._deliver (/snap/codium/394/usr/share/codium/resources/app/out/vs/workbench/api/node/extensionHostProcess.js:82:838)
	at o._deliverQueue (/snap/codium/394/usr/share/codium/resources/app/out/vs/workbench/api/node/extensionHostProcess.js:82:929)
	at o.fire (/snap/codium/394/usr/share/codium/resources/app/out/vs/workbench/api/node/extensionHostProcess.js:82:1264)
	at Object.p [as dispose] (/snap/codium/394/usr/share/codium/resources/app/extensions/git/dist/main.js:2:964171)
	at /snap/codium/394/usr/share/codium/resources/app/extensions/git/dist/main.js:2:970209
	at Array.forEach (<anonymous>)
	at f.dispose (/snap/codium/394/usr/share/codium/resources/app/extensions/git/dist/main.js:2:970195)
	at d.<anonymous> (/snap/codium/394/usr/share/codium/resources/app/out/vs/workbench/api/node/extensionHostProcess.js:151:5993)
	at d.dispose (/snap/codium/394/usr/share/codium/resources/app/out/vs/workbench/api/node/extensionHostProcess.js:151:6090)
	at d.<anonymous> (/snap/codium/394/usr/share/codium/resources/app/extensions/git/dist/main.js:2:947344)
	at d.dispose (/snap/codium/394/usr/share/codium/resources/app/out/vs/workbench/api/node/extensionHostProcess.js:151:6090)
	at a (/snap/codium/394/usr/share/codium/resources/app/out/vs/workbench/api/node/extensionHostProcess.js:30:758)
	at f._deactivate (/snap/codium/394/usr/share/codium/resources/app/out/vs/workbench/api/node/extensionHostProcess.js:159:12988)
	at /snap/codium/394/usr/share/codium/resources/app/out/vs/workbench/api/node/extensionHostProcess.js:159:10107
	at Array.map (<anonymous>)
	at f._deactivateAll (/snap/codium/394/usr/share/codium/resources/app/out/vs/workbench/api/node/extensionHostProcess.js:159:10094)
	at f.terminate (/snap/codium/394/usr/share/codium/resources/app/out/vs/workbench/api/node/extensionHostProcess.js:159:10478)
	at a.terminate (/snap/codium/394/usr/share/codium/resources/app/out/vs/workbench/api/node/extensionHostProcess.js:163:1908)
	at t (/snap/codium/394/usr/share/codium/resources/app/out/vs/workbench/api/node/extensionHostProcess.js:176:11627)
	at MessagePortMain.<anonymous> (/snap/codium/394/usr/share/codium/resources/app/out/vs/workbench/api/node/extensionHostProcess.js:176:7702)
	at MessagePortMain.emit (node:events:517:28)
	at MessagePortMain._internalPort.emit (node:electron/js2c/utility_init:2:2285) setContext undefined
2024-07-31 22:53:37.551 [error] Canceled: Canceled
	at new L (/snap/codium/394/usr/share/codium/resources/app/out/vs/workbench/api/node/extensionHostProcess.js:143:50578)
	at c._remoteCall (/snap/codium/394/usr/share/codium/resources/app/out/vs/workbench/api/node/extensionHostProcess.js:150:7677)
	at x.<computed>.z.charCodeAt.x.<computed> (/snap/codium/394/usr/share/codium/resources/app/out/vs/workbench/api/node/extensionHostProcess.js:150:4229)
	at r._doExecuteCommand (/snap/codium/394/usr/share/codium/resources/app/out/vs/workbench/api/node/extensionHostProcess.js:153:224943)
	at r.executeCommand (/snap/codium/394/usr/share/codium/resources/app/out/vs/workbench/api/node/extensionHostProcess.js:153:224268)
	at _.registerCommand.description (/snap/codium/394/usr/share/codium/resources/app/out/vs/workbench/api/node/extensionHostProcess.js:153:223512)
	at r._executeContributedCommand (/snap/codium/394/usr/share/codium/resources/app/out/vs/workbench/api/node/extensionHostProcess.js:153:225581)
	at r._doExecuteCommand (/snap/codium/394/usr/share/codium/resources/app/out/vs/workbench/api/node/extensionHostProcess.js:153:224401)
	at r.executeCommand (/snap/codium/394/usr/share/codium/resources/app/out/vs/workbench/api/node/extensionHostProcess.js:153:224268)
	at Object.executeCommand (/snap/codium/394/usr/share/codium/resources/app/out/vs/workbench/api/node/extensionHostProcess.js:163:29252)
	at set hasGitHubRepositories [as hasGitHubRepositories] (/snap/codium/394/usr/share/codium/resources/app/extensions/github/dist/extension.js:2:322918)
	at /snap/codium/394/usr/share/codium/resources/app/extensions/github/dist/extension.js:2:323877
	at a.value (/snap/codium/394/usr/share/codium/resources/app/extensions/git/dist/main.js:2:1050660)
	at o._deliver (/snap/codium/394/usr/share/codium/resources/app/out/vs/workbench/api/node/extensionHostProcess.js:82:838)
	at o._deliverQueue (/snap/codium/394/usr/share/codium/resources/app/out/vs/workbench/api/node/extensionHostProcess.js:82:929)
	at o.fire (/snap/codium/394/usr/share/codium/resources/app/out/vs/workbench/api/node/extensionHostProcess.js:82:1264)
	at Object.p [as dispose] (/snap/codium/394/usr/share/codium/resources/app/extensions/git/dist/main.js:2:964171)
	at /snap/codium/394/usr/share/codium/resources/app/extensions/git/dist/main.js:2:970209
	at Array.forEach (<anonymous>)
	at f.dispose (/snap/codium/394/usr/share/codium/resources/app/extensions/git/dist/main.js:2:970195)
	at d.<anonymous> (/snap/codium/394/usr/share/codium/resources/app/out/vs/workbench/api/node/extensionHostProcess.js:151:5993)
	at d.dispose (/snap/codium/394/usr/share/codium/resources/app/out/vs/workbench/api/node/extensionHostProcess.js:151:6090)
	at d.<anonymous> (/snap/codium/394/usr/share/codium/resources/app/extensions/git/dist/main.js:2:947344)
	at d.dispose (/snap/codium/394/usr/share/codium/resources/app/out/vs/workbench/api/node/extensionHostProcess.js:151:6090)
	at a (/snap/codium/394/usr/share/codium/resources/app/out/vs/workbench/api/node/extensionHostProcess.js:30:758)
	at f._deactivate (/snap/codium/394/usr/share/codium/resources/app/out/vs/workbench/api/node/extensionHostProcess.js:159:12988)
	at /snap/codium/394/usr/share/codium/resources/app/out/vs/workbench/api/node/extensionHostProcess.js:159:10107
	at Array.map (<anonymous>)
	at f._deactivateAll (/snap/codium/394/usr/share/codium/resources/app/out/vs/workbench/api/node/extensionHostProcess.js:159:10094)
	at f.terminate (/snap/codium/394/usr/share/codium/resources/app/out/vs/workbench/api/node/extensionHostProcess.js:159:10478)
	at a.terminate (/snap/codium/394/usr/share/codium/resources/app/out/vs/workbench/api/node/extensionHostProcess.js:163:1908)
	at t (/snap/codium/394/usr/share/codium/resources/app/out/vs/workbench/api/node/extensionHostProcess.js:176:11627)
	at MessagePortMain.<anonymous> (/snap/codium/394/usr/share/codium/resources/app/out/vs/workbench/api/node/extensionHostProcess.js:176:7702)
	at MessagePortMain.emit (node:events:517:28)
	at MessagePortMain._internalPort.emit (node:electron/js2c/utility_init:2:2285) setContext undefined
2024-07-31 22:53:37.551 [error] Canceled: Canceled
	at new L (/snap/codium/394/usr/share/codium/resources/app/out/vs/workbench/api/node/extensionHostProcess.js:143:50578)
	at c._remoteCall (/snap/codium/394/usr/share/codium/resources/app/out/vs/workbench/api/node/extensionHostProcess.js:150:7677)
	at x.<computed>.z.charCodeAt.x.<computed> (/snap/codium/394/usr/share/codium/resources/app/out/vs/workbench/api/node/extensionHostProcess.js:150:4229)
	at r._doExecuteCommand (/snap/codium/394/usr/share/codium/resources/app/out/vs/workbench/api/node/extensionHostProcess.js:153:224943)
	at r.executeCommand (/snap/codium/394/usr/share/codium/resources/app/out/vs/workbench/api/node/extensionHostProcess.js:153:224268)
	at _.registerCommand.description (/snap/codium/394/usr/share/codium/resources/app/out/vs/workbench/api/node/extensionHostProcess.js:153:223512)
	at r._executeContributedCommand (/snap/codium/394/usr/share/codium/resources/app/out/vs/workbench/api/node/extensionHostProcess.js:153:225581)
	at r._doExecuteCommand (/snap/codium/394/usr/share/codium/resources/app/out/vs/workbench/api/node/extensionHostProcess.js:153:224401)
	at r.executeCommand (/snap/codium/394/usr/share/codium/resources/app/out/vs/workbench/api/node/extensionHostProcess.js:153:224268)
	at Object.executeCommand (/snap/codium/394/usr/share/codium/resources/app/out/vs/workbench/api/node/extensionHostProcess.js:163:29252)
	at a.O [as value] (/snap/codium/394/usr/share/codium/resources/app/extensions/git/dist/main.js:2:945087)
	at o._deliver (/snap/codium/394/usr/share/codium/resources/app/out/vs/workbench/api/node/extensionHostProcess.js:82:838)
	at o._deliverQueue (/snap/codium/394/usr/share/codium/resources/app/out/vs/workbench/api/node/extensionHostProcess.js:82:929)
	at o.fire (/snap/codium/394/usr/share/codium/resources/app/out/vs/workbench/api/node/extensionHostProcess.js:82:1264)
	at Object.p [as dispose] (/snap/codium/394/usr/share/codium/resources/app/extensions/git/dist/main.js:2:964171)
	at /snap/codium/394/usr/share/codium/resources/app/extensions/git/dist/main.js:2:970209
	at Array.forEach (<anonymous>)
	at f.dispose (/snap/codium/394/usr/share/codium/resources/app/extensions/git/dist/main.js:2:970195)
	at d.<anonymous> (/snap/codium/394/usr/share/codium/resources/app/out/vs/workbench/api/node/extensionHostProcess.js:151:5993)
	at d.dispose (/snap/codium/394/usr/share/codium/resources/app/out/vs/workbench/api/node/extensionHostProcess.js:151:6090)
	at d.<anonymous> (/snap/codium/394/usr/share/codium/resources/app/extensions/git/dist/main.js:2:947344)
	at d.dispose (/snap/codium/394/usr/share/codium/resources/app/out/vs/workbench/api/node/extensionHostProcess.js:151:6090)
	at a (/snap/codium/394/usr/share/codium/resources/app/out/vs/workbench/api/node/extensionHostProcess.js:30:758)
	at f._deactivate (/snap/codium/394/usr/share/codium/resources/app/out/vs/workbench/api/node/extensionHostProcess.js:159:12988)
	at /snap/codium/394/usr/share/codium/resources/app/out/vs/workbench/api/node/extensionHostProcess.js:159:10107
	at Array.map (<anonymous>)
	at f._deactivateAll (/snap/codium/394/usr/share/codium/resources/app/out/vs/workbench/api/node/extensionHostProcess.js:159:10094)
	at f.terminate (/snap/codium/394/usr/share/codium/resources/app/out/vs/workbench/api/node/extensionHostProcess.js:159:10478)
	at a.terminate (/snap/codium/394/usr/share/codium/resources/app/out/vs/workbench/api/node/extensionHostProcess.js:163:1908)
	at t (/snap/codium/394/usr/share/codium/resources/app/out/vs/workbench/api/node/extensionHostProcess.js:176:11627)
	at MessagePortMain.<anonymous> (/snap/codium/394/usr/share/codium/resources/app/out/vs/workbench/api/node/extensionHostProcess.js:176:7702)
	at MessagePortMain.emit (node:events:517:28)
	at MessagePortMain._internalPort.emit (node:electron/js2c/utility_init:2:2285) setContext undefined
2024-07-31 22:53:37.552 [error] Canceled: Canceled
	at new L (/snap/codium/394/usr/share/codium/resources/app/out/vs/workbench/api/node/extensionHostProcess.js:143:50578)
	at c._remoteCall (/snap/codium/394/usr/share/codium/resources/app/out/vs/workbench/api/node/extensionHostProcess.js:150:7677)
	at x.<computed>.z.charCodeAt.x.<computed> (/snap/codium/394/usr/share/codium/resources/app/out/vs/workbench/api/node/extensionHostProcess.js:150:4229)
	at r._doExecuteCommand (/snap/codium/394/usr/share/codium/resources/app/out/vs/workbench/api/node/extensionHostProcess.js:153:224943)
	at r.executeCommand (/snap/codium/394/usr/share/codium/resources/app/out/vs/workbench/api/node/extensionHostProcess.js:153:224268)
	at _.registerCommand.description (/snap/codium/394/usr/share/codium/resources/app/out/vs/workbench/api/node/extensionHostProcess.js:153:223512)
	at r._executeContributedCommand (/snap/codium/394/usr/share/codium/resources/app/out/vs/workbench/api/node/extensionHostProcess.js:153:225581)
	at r._doExecuteCommand (/snap/codium/394/usr/share/codium/resources/app/out/vs/workbench/api/node/extensionHostProcess.js:153:224401)
	at r.executeCommand (/snap/codium/394/usr/share/codium/resources/app/out/vs/workbench/api/node/extensionHostProcess.js:153:224268)
	at Object.executeCommand (/snap/codium/394/usr/share/codium/resources/app/out/vs/workbench/api/node/extensionHostProcess.js:163:29252)
	at set hasGitHubRepositories [as hasGitHubRepositories] (/snap/codium/394/usr/share/codium/resources/app/extensions/github/dist/extension.js:2:322918)
	at /snap/codium/394/usr/share/codium/resources/app/extensions/github/dist/extension.js:2:323877
	at a.value (/snap/codium/394/usr/share/codium/resources/app/extensions/git/dist/main.js:2:1050660)
	at o._deliver (/snap/codium/394/usr/share/codium/resources/app/out/vs/workbench/api/node/extensionHostProcess.js:82:838)
	at o._deliverQueue (/snap/codium/394/usr/share/codium/resources/app/out/vs/workbench/api/node/extensionHostProcess.js:82:929)
	at o.fire (/snap/codium/394/usr/share/codium/resources/app/out/vs/workbench/api/node/extensionHostProcess.js:82:1264)
	at Object.p [as dispose] (/snap/codium/394/usr/share/codium/resources/app/extensions/git/dist/main.js:2:964171)
	at /snap/codium/394/usr/share/codium/resources/app/extensions/git/dist/main.js:2:970209
	at Array.forEach (<anonymous>)
	at f.dispose (/snap/codium/394/usr/share/codium/resources/app/extensions/git/dist/main.js:2:970195)
	at d.<anonymous> (/snap/codium/394/usr/share/codium/resources/app/out/vs/workbench/api/node/extensionHostProcess.js:151:5993)
	at d.dispose (/snap/codium/394/usr/share/codium/resources/app/out/vs/workbench/api/node/extensionHostProcess.js:151:6090)
	at d.<anonymous> (/snap/codium/394/usr/share/codium/resources/app/extensions/git/dist/main.js:2:947344)
	at d.dispose (/snap/codium/394/usr/share/codium/resources/app/out/vs/workbench/api/node/extensionHostProcess.js:151:6090)
	at a (/snap/codium/394/usr/share/codium/resources/app/out/vs/workbench/api/node/extensionHostProcess.js:30:758)
	at f._deactivate (/snap/codium/394/usr/share/codium/resources/app/out/vs/workbench/api/node/extensionHostProcess.js:159:12988)
	at /snap/codium/394/usr/share/codium/resources/app/out/vs/workbench/api/node/extensionHostProcess.js:159:10107
	at Array.map (<anonymous>)
	at f._deactivateAll (/snap/codium/394/usr/share/codium/resources/app/out/vs/workbench/api/node/extensionHostProcess.js:159:10094)
	at f.terminate (/snap/codium/394/usr/share/codium/resources/app/out/vs/workbench/api/node/extensionHostProcess.js:159:10478)
	at a.terminate (/snap/codium/394/usr/share/codium/resources/app/out/vs/workbench/api/node/extensionHostProcess.js:163:1908)
	at t (/snap/codium/394/usr/share/codium/resources/app/out/vs/workbench/api/node/extensionHostProcess.js:176:11627)
	at MessagePortMain.<anonymous> (/snap/codium/394/usr/share/codium/resources/app/out/vs/workbench/api/node/extensionHostProcess.js:176:7702)
	at MessagePortMain.emit (node:events:517:28)
	at MessagePortMain._internalPort.emit (node:electron/js2c/utility_init:2:2285) setContext undefined
2024-07-31 22:53:37.558 [info] Extension host with pid 5143 exiting with code 0
