2024-08-01 07:56:09.706 [info] Extension host with pid 12696 started
2024-08-01 07:56:09.706 [info] Skipping acquiring lock for /home/loganmancuso/.config/VSCodium/User/workspaceStorage/77f35f266b2704abb99b6f16ff5252d6.
2024-08-01 07:56:09.916 [info] ExtensionService#_doActivateExtension vscode.emmet, startup: false, activationEvent: 'onLanguage'
2024-08-01 07:56:10.282 [info] ExtensionService#_doActivateExtension vscode.git-base, startup: true, activationEvent: '*', root cause: vscode.git
2024-08-01 07:56:10.290 [info] ExtensionService#_doActivateExtension Shan.code-settings-sync, startup: true, activationEvent: '*'
2024-08-01 07:56:10.460 [info] ExtensionService#_doActivateExtension vscode.git, startup: true, activationEvent: '*'
2024-08-01 07:56:10.506 [info] ExtensionService#_doActivateExtension vscode.github, startup: true, activationEvent: '*'
2024-08-01 07:56:10.606 [info] ExtensionService#_doActivateExtension gamunu.opentofu, startup: true, activationEvent: 'workspaceContains:**/*.tf,**/*.tfvars'
2024-08-01 07:56:10.825 [info] Eager extensions activated
2024-08-01 07:56:10.881 [info] ExtensionService#_doActivateExtension vscode.debug-auto-launch, startup: false, activationEvent: 'onStartupFinished'
2024-08-01 07:56:10.885 [info] ExtensionService#_doActivateExtension vscode.merge-conflict, startup: false, activationEvent: 'onStartupFinished'
2024-08-01 08:00:15.514 [info] ExtensionService#_doActivateExtension vscode.extension-editing, startup: false, activationEvent: 'onLanguage:markdown'
2024-08-01 08:00:15.530 [info] ExtensionService#_doActivateExtension vscode.markdown-language-features, startup: false, activationEvent: 'onLanguage:markdown'
2024-08-01 08:00:16.213 [info] ExtensionService#_doActivateExtension vscode.markdown-math, startup: false, activationEvent: 'api', root cause: vscode.markdown-language-features
2024-08-01 08:02:41.109 [info] ExtensionService#_doActivateExtension vscode.json-language-features, startup: false, activationEvent: 'onLanguage:jsonc'
2024-08-01 08:02:41.153 [info] ExtensionService#_doActivateExtension vscode.typescript-language-features, startup: false, activationEvent: 'onLanguage:jsonc'
2024-08-01 08:03:30.445 [info] ExtensionService#_doActivateExtension vscode.npm, startup: false, activationEvent: 'onTerminalQuickFixRequest:ms-vscode.npm-command'
2024-08-01 08:22:12.403 [warning] [Decorations] CAPPING events from decorations provider vscode.git 1086
2024-08-01 08:22:38.108 [warning] [Decorations] CAPPING events from decorations provider vscode.git 1086
2024-08-01 08:22:49.716 [warning] [Decorations] CAPPING events from decorations provider vscode.git 1086
2024-08-01 08:22:57.387 [warning] [Decorations] CAPPING events from decorations provider vscode.git 2171
2024-08-01 08:23:41.423 [warning] [Decorations] CAPPING events from decorations provider vscode.git 1087
2024-08-01 08:23:52.043 [warning] [Decorations] CAPPING events from decorations provider vscode.git 1087
2024-08-01 08:24:11.213 [warning] [Decorations] CAPPING events from decorations provider vscode.git 1087
2024-08-01 08:24:28.788 [warning] [Decorations] CAPPING events from decorations provider vscode.git 1087
2024-08-01 08:24:44.119 [warning] [Decorations] CAPPING events from decorations provider vscode.git 1087
2024-08-01 08:24:49.231 [warning] [Decorations] CAPPING events from decorations provider vscode.git 1087
