2024-07-31 20:35:34.441 [info] Log level: Info
2024-07-31 20:35:34.441 [info] Validating found git in: "git"
2024-07-31 20:35:34.441 [info] Using git "2.43.0" from "git"
2024-07-31 20:35:34.441 [info] > git rev-parse --show-toplevel [33ms]
2024-07-31 20:35:34.474 [info] > git rev-parse --git-dir --git-common-dir [26ms]
2024-07-31 20:35:34.481 [info] Open repository: /home/loganmancuso/SourceControl/Workspaces
2024-07-31 20:35:34.501 [info] > git config --get commit.template [8ms]
2024-07-31 20:35:34.505 [info] > git rev-parse --show-toplevel [6ms]
2024-07-31 20:35:34.506 [info] fatal: not a git repository (or any of the parent directories): .git
2024-07-31 20:35:34.525 [info] > git for-each-ref --format=%(refname)%00%(upstream:short)%00%(objectname)%00%(upstream:track)%00%(upstream:remotename)%00%(upstream:remoteref) refs/heads/main refs/remotes/main [12ms]
2024-07-31 20:35:34.529 [info] > git rev-parse --show-toplevel [7ms]
2024-07-31 20:35:34.557 [info] > git rev-parse --git-dir --git-common-dir [20ms]
2024-07-31 20:35:34.565 [info] Open repository: /home/loganmancuso/SourceControl/Snippets/prompt-work
2024-07-31 20:35:34.597 [info] > git status -z -uall [20ms]
2024-07-31 20:35:34.598 [info] > git rev-parse --show-toplevel [6ms]
2024-07-31 20:35:34.598 [info] fatal: not a git repository (or any of the parent directories): .git
2024-07-31 20:35:34.598 [info] > git config --get commit.template [15ms]
2024-07-31 20:35:34.644 [info] > git merge-base refs/heads/main refs/remotes/gitlab/main [37ms]
2024-07-31 20:35:34.665 [info] > git rev-list --count --left-right refs/heads/main...refs/remotes/gitlab/main [16ms]
2024-07-31 20:35:34.673 [info] > git config --get commit.template [30ms]
2024-07-31 20:35:34.674 [info] > git rev-parse --show-toplevel [37ms]
2024-07-31 20:35:34.684 [info] > git for-each-ref --format=%(refname)%00%(upstream:short)%00%(objectname)%00%(upstream:track)%00%(upstream:remotename)%00%(upstream:remoteref) refs/heads/main refs/remotes/main [20ms]
2024-07-31 20:35:34.692 [info] > git rev-parse --git-dir --git-common-dir [9ms]
2024-07-31 20:35:34.699 [info] Open repository: /home/loganmancuso/SourceControl/Personal/dotfiles
2024-07-31 20:35:34.700 [info] > git diff --name-status -z --diff-filter=ADMR bd6746c639d7a80f049c832de9e4db6da6b9d8b8...refs/remotes/gitlab/main [27ms]
2024-07-31 20:35:34.718 [info] > git for-each-ref --format=%(refname)%00%(upstream:short)%00%(objectname)%00%(upstream:track)%00%(upstream:remotename)%00%(upstream:remoteref) refs/heads/main refs/remotes/main [27ms]
2024-07-31 20:35:34.720 [info] > git rev-parse --show-toplevel [4ms]
2024-07-31 20:35:34.720 [info] fatal: not a git repository (or any of the parent directories): .git
2024-07-31 20:35:34.721 [info] > git config --get commit.template [11ms]
2024-07-31 20:35:34.741 [info] > git status -z -uall [14ms]
2024-07-31 20:35:34.774 [info] > git status -z -uall [11ms]
2024-07-31 20:35:34.775 [info] > git merge-base refs/heads/main refs/remotes/origin/main [28ms]
2024-07-31 20:35:34.782 [info] > git for-each-ref --format=%(refname)%00%(upstream:short)%00%(objectname)%00%(upstream:track)%00%(upstream:remotename)%00%(upstream:remoteref) refs/heads/main refs/remotes/main [41ms]
2024-07-31 20:35:34.782 [info] > git rev-parse --show-toplevel [50ms]
2024-07-31 20:35:34.782 [info] fatal: not a git repository (or any of the parent directories): .git
2024-07-31 20:35:34.805 [warning] ENOENT: no such file or directory, open '/home/loganmancuso/SourceControl/Personal/dotfiles/.git/refs/remotes/origin/main'
2024-07-31 20:35:34.816 [info] > git config --get commit.template [42ms]
2024-07-31 20:35:34.854 [info] > git rev-parse --show-toplevel [40ms]
2024-07-31 20:35:34.855 [info] > git rev-parse refs/remotes/origin/main [51ms]
2024-07-31 20:35:34.860 [info] > git rev-list --count --left-right refs/heads/main...refs/remotes/origin/main [79ms]
2024-07-31 20:35:34.923 [info] > git status -z -uall [63ms]
2024-07-31 20:35:34.992 [info] > git merge-base refs/heads/main refs/remotes/origin/main [61ms]
2024-07-31 20:35:34.997 [info] > git rev-parse --show-toplevel [74ms]
2024-07-31 20:35:34.998 [info] > git for-each-ref --format=%(refname)%00%(upstream:short)%00%(objectname)%00%(upstream:track)%00%(upstream:remotename)%00%(upstream:remoteref) refs/heads/main refs/remotes/main [82ms]
2024-07-31 20:35:34.998 [info] > git diff --name-status -z --diff-filter=ADMR 7e7e550d24f76a46e127d2c140eccf5e46d2549e...refs/remotes/origin/main [133ms]
2024-07-31 20:35:35.014 [info] > git rev-list --count --left-right refs/heads/main...refs/remotes/origin/main [17ms]
2024-07-31 20:35:35.022 [info] > git config --get commit.template [37ms]
2024-07-31 20:35:35.032 [info] > git rev-parse --show-toplevel [19ms]
2024-07-31 20:35:35.032 [info] fatal: not a git repository (or any of the parent directories): .git
2024-07-31 20:35:35.055 [info] > git diff --name-status -z --diff-filter=ADMR 230caef155f60596897fd17c333841aa60d4d78f...refs/remotes/origin/main [33ms]
2024-07-31 20:35:35.073 [info] > git rev-parse --show-toplevel [17ms]
2024-07-31 20:35:35.073 [info] fatal: not a git repository (or any of the parent directories): .git
2024-07-31 20:35:35.073 [info] > git for-each-ref --format=%(refname)%00%(upstream:short)%00%(objectname)%00%(upstream:track)%00%(upstream:remotename)%00%(upstream:remoteref) refs/heads/main refs/remotes/main [25ms]
2024-07-31 20:35:35.098 [warning] ENOENT: no such file or directory, open '/home/loganmancuso/SourceControl/Personal/dotfiles/.git/refs/remotes/origin/main'
2024-07-31 20:35:35.108 [info] > git status -z -uall [36ms]
2024-07-31 20:35:35.109 [info] > git rev-parse --show-toplevel [18ms]
2024-07-31 20:35:35.109 [info] fatal: not a git repository (or any of the parent directories): .git
2024-07-31 20:35:35.130 [info] > git rev-parse refs/remotes/origin/main [32ms]
2024-07-31 20:35:35.145 [info] > git status -z -uall [7ms]
2024-07-31 20:35:35.145 [info] > git rev-parse --show-toplevel [16ms]
2024-07-31 20:35:35.145 [info] fatal: not a git repository (or any of the parent directories): .git
2024-07-31 20:35:35.179 [info] > git rev-parse --show-toplevel [15ms]
2024-07-31 20:35:35.179 [info] fatal: not a git repository (or any of the parent directories): .git
2024-07-31 20:35:35.206 [info] > git rev-parse --show-toplevel [12ms]
2024-07-31 20:35:35.329 [info] > git check-ignore -v -z --stdin [46ms]
2024-07-31 20:35:35.329 [info] > git check-ignore -v -z --stdin [38ms]
2024-07-31 20:35:35.330 [info] > git check-ignore -v -z --stdin [32ms]
2024-07-31 20:35:35.331 [info] > git rev-parse --show-toplevel [110ms]
2024-07-31 20:35:35.343 [info] > git rev-parse --show-toplevel [3ms]
2024-07-31 20:35:35.353 [info] > git rev-parse --show-toplevel [3ms]
2024-07-31 20:35:35.365 [info] > git rev-parse --show-toplevel [3ms]
2024-07-31 20:35:35.365 [info] fatal: not a git repository (or any of the parent directories): .git
2024-07-31 20:35:35.389 [info] > git rev-parse --show-toplevel [14ms]
2024-07-31 20:35:35.389 [info] fatal: not a git repository (or any of the parent directories): .git
2024-07-31 20:35:35.412 [info] > git rev-parse --show-toplevel [3ms]
2024-07-31 20:35:35.412 [info] fatal: not a git repository (or any of the parent directories): .git
2024-07-31 20:35:35.423 [info] > git rev-parse --show-toplevel [2ms]
2024-07-31 20:35:35.423 [info] fatal: not a git repository (or any of the parent directories): .git
2024-07-31 20:35:35.432 [info] > git rev-parse --show-toplevel [2ms]
2024-07-31 20:35:35.432 [info] fatal: not a git repository (or any of the parent directories): .git
2024-07-31 20:35:35.444 [info] > git rev-parse --show-toplevel [2ms]
2024-07-31 20:35:35.445 [info] fatal: not a git repository (or any of the parent directories): .git
2024-07-31 20:35:35.454 [info] > git rev-parse --show-toplevel [3ms]
2024-07-31 20:35:35.454 [info] fatal: not a git repository (or any of the parent directories): .git
2024-07-31 20:35:35.464 [info] > git rev-parse --show-toplevel [3ms]
2024-07-31 20:35:35.464 [info] fatal: not a git repository (or any of the parent directories): .git
2024-07-31 20:35:35.473 [info] > git rev-parse --show-toplevel [2ms]
2024-07-31 20:35:35.473 [info] fatal: not a git repository (or any of the parent directories): .git
2024-07-31 20:35:35.482 [info] > git rev-parse --show-toplevel [2ms]
2024-07-31 20:35:35.482 [info] fatal: not a git repository (or any of the parent directories): .git
2024-07-31 20:35:35.491 [info] > git rev-parse --show-toplevel [2ms]
2024-07-31 20:35:35.491 [info] fatal: not a git repository (or any of the parent directories): .git
2024-07-31 20:35:35.500 [info] > git rev-parse --show-toplevel [2ms]
2024-07-31 20:35:35.500 [info] fatal: not a git repository (or any of the parent directories): .git
2024-07-31 20:36:56.513 [info] > git show --textconv HEAD:bash/dot-bashrc [8ms]
2024-07-31 20:36:56.515 [info] > git ls-tree -l HEAD -- /home/loganmancuso/SourceControl/Personal/dotfiles/bash/dot-bashrc [3ms]
2024-07-31 20:37:15.535 [info] > git merge-base refs/heads/main refs/remotes/origin/main [8ms]
2024-07-31 20:37:15.542 [info] > git merge-base refs/heads/main refs/remotes/gitlab/main [24ms]
2024-07-31 20:37:15.552 [info] > git rev-list --count --left-right refs/heads/main...refs/remotes/origin/main [10ms]
2024-07-31 20:37:15.553 [info] > git merge-base refs/heads/main refs/remotes/origin/main [19ms]
2024-07-31 20:37:15.564 [info] > git rev-list --count --left-right refs/heads/main...refs/remotes/gitlab/main [14ms]
2024-07-31 20:37:15.566 [info] > git rev-list --count --left-right refs/heads/main...refs/remotes/origin/main [3ms]
2024-07-31 20:37:15.734 [info] > git rev-parse --show-toplevel [3ms]
2024-07-31 20:37:15.734 [info] fatal: not a git repository (or any of the parent directories): .git
2024-07-31 20:37:15.768 [info] > git rev-parse --show-toplevel [24ms]
2024-07-31 20:37:15.768 [info] fatal: not a git repository (or any of the parent directories): .git
2024-07-31 20:37:15.782 [info] > git rev-parse --show-toplevel [4ms]
2024-07-31 20:37:15.782 [info] fatal: not a git repository (or any of the parent directories): .git
2024-07-31 20:37:15.796 [info] > git rev-parse --show-toplevel [4ms]
2024-07-31 20:37:15.796 [info] fatal: not a git repository (or any of the parent directories): .git
2024-07-31 20:37:15.812 [info] > git rev-parse --show-toplevel [4ms]
2024-07-31 20:37:15.812 [info] fatal: not a git repository (or any of the parent directories): .git
2024-07-31 20:37:15.851 [info] > git rev-parse --show-toplevel [27ms]
2024-07-31 20:37:15.851 [info] fatal: not a git repository (or any of the parent directories): .git
2024-07-31 20:37:15.866 [info] > git rev-parse --show-toplevel [6ms]
2024-07-31 20:37:15.866 [info] fatal: not a git repository (or any of the parent directories): .git
2024-07-31 20:37:15.879 [info] > git rev-parse --show-toplevel [3ms]
2024-07-31 20:37:15.879 [info] fatal: not a git repository (or any of the parent directories): .git
2024-07-31 20:37:15.892 [info] > git rev-parse --show-toplevel [5ms]
2024-07-31 20:37:15.892 [info] fatal: not a git repository (or any of the parent directories): .git
2024-07-31 20:37:16.547 [info] > git check-ignore -v -z --stdin [19ms]
2024-07-31 20:37:16.550 [info] > git check-ignore -v -z --stdin [6ms]
2024-07-31 20:37:18.995 [info] > git show --textconv HEAD:ssh/dot-ssh/config [10ms]
2024-07-31 20:37:18.998 [info] > git ls-tree -l HEAD -- /home/loganmancuso/SourceControl/Personal/dotfiles/ssh/dot-ssh/config [4ms]
2024-07-31 20:37:19.520 [info] > git check-ignore -v -z --stdin [6ms]
2024-07-31 20:37:19.867 [info] > git show --textconv HEAD:ssh/dot-ssh/known_hosts [10ms]
2024-07-31 20:37:19.868 [info] > git ls-tree -l HEAD -- /home/loganmancuso/SourceControl/Personal/dotfiles/ssh/dot-ssh/known_hosts [2ms]
2024-07-31 20:37:21.609 [info] > git show --textconv HEAD:README.md [9ms]
2024-07-31 20:37:21.612 [info] > git ls-tree -l HEAD -- /home/loganmancuso/SourceControl/Personal/dotfiles/README.md [3ms]
2024-07-31 20:37:27.890 [info] > git config --get commit.template [9ms]
2024-07-31 20:37:27.892 [info] > git for-each-ref --format=%(refname)%00%(upstream:short)%00%(objectname)%00%(upstream:track)%00%(upstream:remotename)%00%(upstream:remoteref) refs/heads/main refs/remotes/main [4ms]
2024-07-31 20:37:27.898 [warning] ENOENT: no such file or directory, open '/home/loganmancuso/SourceControl/Personal/dotfiles/.git/refs/remotes/origin/main'
2024-07-31 20:37:27.901 [info] > git rev-parse refs/remotes/origin/main [2ms]
2024-07-31 20:37:27.913 [info] > git status -z -uall [5ms]
2024-07-31 20:37:27.984 [info] > git ls-tree -l HEAD -- /home/loganmancuso/SourceControl/Personal/dotfiles/bash/dot-bashrc [8ms]
2024-07-31 20:37:27.996 [info] > git ls-files --stage -- /home/loganmancuso/SourceControl/Personal/dotfiles/README.md [13ms]
2024-07-31 20:37:28.005 [info] > git show --textconv HEAD:bash/dot-bashrc [8ms]
2024-07-31 20:37:28.009 [info] > git cat-file -s f1f6152a2dacaa90abaa89dda66ea2f2c1484132 [6ms]
2024-07-31 20:37:28.032 [info] > git show --textconv :README.md [3ms]
2024-07-31 20:37:32.960 [info] > git config --get commit.template [16ms]
2024-07-31 20:37:32.963 [info] > git for-each-ref --format=%(refname)%00%(upstream:short)%00%(objectname)%00%(upstream:track)%00%(upstream:remotename)%00%(upstream:remoteref) refs/heads/main refs/remotes/main [4ms]
2024-07-31 20:37:32.970 [warning] ENOENT: no such file or directory, open '/home/loganmancuso/SourceControl/Personal/dotfiles/.git/refs/remotes/origin/main'
2024-07-31 20:37:32.974 [info] > git rev-parse refs/remotes/origin/main [4ms]
2024-07-31 20:37:32.984 [info] > git status -z -uall [4ms]
2024-07-31 20:37:48.518 [info] > git config --get commit.template [8ms]
2024-07-31 20:37:48.540 [info] > git ls-tree -l HEAD -- /home/loganmancuso/SourceControl/Personal/dotfiles/bash/dot-bashrc [10ms]
2024-07-31 20:37:48.541 [info] > git ls-files --stage -- /home/loganmancuso/SourceControl/Personal/dotfiles/README.md [23ms]
2024-07-31 20:37:48.555 [info] > git ls-files --stage -- /home/loganmancuso/SourceControl/Personal/dotfiles/README.md [16ms]
2024-07-31 20:37:48.570 [info] > git cat-file -s f1f6152a2dacaa90abaa89dda66ea2f2c1484132 [6ms]
2024-07-31 20:37:48.571 [info] > git for-each-ref --format=%(refname)%00%(upstream:short)%00%(objectname)%00%(upstream:track)%00%(upstream:remotename)%00%(upstream:remoteref) refs/heads/main refs/remotes/main [16ms]
2024-07-31 20:37:48.572 [info] > git cat-file -s f1f6152a2dacaa90abaa89dda66ea2f2c1484132 [24ms]
2024-07-31 20:37:48.581 [warning] ENOENT: no such file or directory, open '/home/loganmancuso/SourceControl/Personal/dotfiles/.git/refs/remotes/origin/main'
2024-07-31 20:37:48.581 [info] > git show --textconv HEAD:bash/dot-bashrc [12ms]
2024-07-31 20:37:48.592 [info] > git rev-parse refs/remotes/origin/main [11ms]
2024-07-31 20:37:48.610 [info] > git show --textconv :README.md [19ms]
2024-07-31 20:37:48.610 [info] > git status -z -uall [12ms]
2024-07-31 20:37:48.614 [info] > git show --textconv :README.md [8ms]
2024-07-31 20:37:50.435 [info] > git ls-tree -l HEAD -- /home/loganmancuso/SourceControl/Personal/dotfiles/bash/dot-bashrc [15ms]
2024-07-31 20:37:50.438 [info] > git ls-files --stage -- /home/loganmancuso/SourceControl/Personal/dotfiles/README.md [4ms]
2024-07-31 20:37:50.465 [info] > git cat-file -s f1f6152a2dacaa90abaa89dda66ea2f2c1484132 [14ms]
2024-07-31 20:37:50.476 [info] > git show --textconv HEAD:bash/dot-bashrc [12ms]
2024-07-31 20:37:50.478 [info] > git show --textconv :README.md [3ms]
2024-07-31 20:37:53.635 [info] > git config --get commit.template [9ms]
2024-07-31 20:37:53.635 [info] > git for-each-ref --format=%(refname)%00%(upstream:short)%00%(objectname)%00%(upstream:track)%00%(upstream:remotename)%00%(upstream:remoteref) refs/heads/main refs/remotes/main [3ms]
2024-07-31 20:37:53.647 [info] > git status -z -uall [3ms]
2024-07-31 20:37:53.665 [info] > git merge-base refs/heads/main refs/remotes/origin/main [7ms]
2024-07-31 20:37:53.680 [info] > git rev-list --count --left-right refs/heads/main...refs/remotes/origin/main [6ms]
2024-07-31 20:37:53.693 [info] > git diff --name-status -z --diff-filter=ADMR 55a8928e704850e9425f48569244c52021ea52cb...refs/remotes/origin/main [5ms]
2024-07-31 20:37:53.759 [info] > git merge-base refs/heads/main refs/remotes/origin/main [2ms]
2024-07-31 20:37:53.770 [info] > git rev-list --count --left-right refs/heads/main...refs/remotes/origin/main [3ms]
2024-07-31 20:37:54.806 [info] > git ls-tree -l HEAD -- /home/loganmancuso/SourceControl/Personal/dotfiles/bash/dot-bashrc [19ms]
2024-07-31 20:37:54.821 [info] > git ls-tree -l HEAD -- /home/loganmancuso/SourceControl/Personal/dotfiles/README.md [16ms]
2024-07-31 20:37:54.828 [info] > git show --textconv HEAD:bash/dot-bashrc [8ms]
2024-07-31 20:37:54.831 [info] > git show --textconv HEAD:README.md [3ms]
2024-07-31 20:40:34.982 [info] > git ls-tree -l HEAD -- /home/loganmancuso/SourceControl/Personal/dotfiles/README.md [15ms]
2024-07-31 20:40:34.995 [info] > git config --get commit.template [15ms]
2024-07-31 20:40:35.000 [info] > git for-each-ref --format=%(refname)%00%(upstream:short)%00%(objectname)%00%(upstream:track)%00%(upstream:remotename)%00%(upstream:remoteref) refs/heads/main refs/remotes/main [6ms]
2024-07-31 20:40:35.017 [info] > git status -z -uall [9ms]
2024-07-31 20:41:00.512 [info] > git ls-tree -l HEAD -- /home/loganmancuso/SourceControl/Personal/dotfiles/README.md [6ms]
2024-07-31 20:41:19.768 [info] > git ls-tree -l HEAD -- /home/loganmancuso/SourceControl/Personal/dotfiles/README.md [3ms]
2024-07-31 20:42:11.720 [info] > git ls-tree -l HEAD -- /home/loganmancuso/SourceControl/Personal/dotfiles/README.md [4ms]
2024-07-31 20:42:16.504 [info] > git ls-tree -l HEAD -- /home/loganmancuso/SourceControl/Personal/dotfiles/README.md [6ms]
2024-07-31 20:43:48.206 [info] > git ls-tree -l HEAD -- /home/loganmancuso/SourceControl/Personal/dotfiles/README.md [2ms]
2024-07-31 20:43:48.683 [info] > git ls-tree -l HEAD -- /home/loganmancuso/SourceControl/Personal/dotfiles/README.md [7ms]
2024-07-31 20:44:13.002 [info] > git ls-tree -l HEAD -- /home/loganmancuso/SourceControl/Personal/dotfiles/README.md [5ms]
2024-07-31 20:44:22.554 [info] > git ls-tree -l HEAD -- /home/loganmancuso/SourceControl/Personal/dotfiles/README.md [3ms]
2024-07-31 20:44:25.151 [info] > git ls-tree -l HEAD -- /home/loganmancuso/SourceControl/Personal/dotfiles/README.md [4ms]
2024-07-31 20:44:33.990 [info] > git ls-tree -l HEAD -- /home/loganmancuso/SourceControl/Personal/dotfiles/README.md [3ms]
2024-07-31 20:44:38.603 [info] > git ls-tree -l HEAD -- /home/loganmancuso/SourceControl/Personal/dotfiles/README.md [4ms]
2024-07-31 20:44:41.071 [info] > git ls-tree -l HEAD -- /home/loganmancuso/SourceControl/Personal/dotfiles/README.md [3ms]
2024-07-31 20:44:43.704 [info] > git ls-tree -l HEAD -- /home/loganmancuso/SourceControl/Personal/dotfiles/README.md [4ms]
2024-07-31 20:44:44.655 [info] > git ls-tree -l HEAD -- /home/loganmancuso/SourceControl/Personal/dotfiles/README.md [6ms]
2024-07-31 20:45:17.806 [info] > git ls-tree -l HEAD -- /home/loganmancuso/SourceControl/Personal/dotfiles/README.md [4ms]
2024-07-31 20:45:26.056 [info] > git ls-tree -l HEAD -- /home/loganmancuso/SourceControl/Personal/dotfiles/README.md [2ms]
2024-07-31 20:45:28.234 [info] > git ls-tree -l HEAD -- /home/loganmancuso/SourceControl/Personal/dotfiles/README.md [7ms]
2024-07-31 20:45:32.899 [info] > git ls-tree -l HEAD -- /home/loganmancuso/SourceControl/Personal/dotfiles/README.md [7ms]
2024-07-31 20:46:00.283 [info] > git ls-tree -l HEAD -- /home/loganmancuso/SourceControl/Personal/dotfiles/README.md [5ms]
2024-07-31 20:46:13.985 [info] > git ls-tree -l HEAD -- /home/loganmancuso/SourceControl/Personal/dotfiles/README.md [3ms]
2024-07-31 20:46:29.254 [info] > git ls-tree -l HEAD -- /home/loganmancuso/SourceControl/Personal/dotfiles/README.md [6ms]
2024-07-31 20:46:32.629 [info] > git ls-tree -l HEAD -- /home/loganmancuso/SourceControl/Personal/dotfiles/README.md [7ms]
2024-07-31 20:47:30.089 [info] > git ls-tree -l HEAD -- /home/loganmancuso/SourceControl/Personal/dotfiles/README.md [6ms]
2024-07-31 20:47:47.404 [info] > git ls-tree -l HEAD -- /home/loganmancuso/SourceControl/Personal/dotfiles/README.md [5ms]
2024-07-31 20:47:49.729 [info] > git ls-tree -l HEAD -- /home/loganmancuso/SourceControl/Personal/dotfiles/README.md [13ms]
2024-07-31 20:47:53.039 [info] > git ls-tree -l HEAD -- /home/loganmancuso/SourceControl/Personal/dotfiles/README.md [4ms]
2024-07-31 20:48:02.821 [info] > git ls-tree -l HEAD -- /home/loganmancuso/SourceControl/Personal/dotfiles/README.md [5ms]
2024-07-31 20:48:06.961 [info] > git ls-tree -l HEAD -- /home/loganmancuso/SourceControl/Personal/dotfiles/README.md [3ms]
2024-07-31 20:48:10.885 [info] > git ls-tree -l HEAD -- /home/loganmancuso/SourceControl/Personal/dotfiles/README.md [4ms]
2024-07-31 20:48:15.133 [info] > git ls-tree -l HEAD -- /home/loganmancuso/SourceControl/Personal/dotfiles/README.md [6ms]
2024-07-31 20:48:23.194 [info] > git ls-tree -l HEAD -- /home/loganmancuso/SourceControl/Personal/dotfiles/README.md [2ms]
2024-07-31 20:48:41.918 [info] > git ls-tree -l HEAD -- /home/loganmancuso/SourceControl/Personal/dotfiles/README.md [5ms]
2024-07-31 20:48:45.086 [info] > git ls-tree -l HEAD -- /home/loganmancuso/SourceControl/Personal/dotfiles/README.md [3ms]
2024-07-31 20:49:07.476 [info] > git ls-tree -l HEAD -- /home/loganmancuso/SourceControl/Personal/dotfiles/README.md [3ms]
2024-07-31 20:49:16.076 [info] > git ls-tree -l HEAD -- /home/loganmancuso/SourceControl/Personal/dotfiles/README.md [3ms]
2024-07-31 20:49:59.314 [info] > git ls-tree -l HEAD -- /home/loganmancuso/SourceControl/Personal/dotfiles/README.md [7ms]
2024-07-31 20:50:15.270 [info] > git ls-tree -l HEAD -- /home/loganmancuso/SourceControl/Personal/dotfiles/README.md [4ms]
2024-07-31 20:50:37.556 [info] > git ls-tree -l HEAD -- /home/loganmancuso/SourceControl/Personal/dotfiles/README.md [6ms]
2024-07-31 20:50:53.538 [info] > git ls-tree -l HEAD -- /home/loganmancuso/SourceControl/Personal/dotfiles/README.md [4ms]
2024-07-31 20:51:13.806 [info] > git ls-tree -l HEAD -- /home/loganmancuso/SourceControl/Personal/dotfiles/README.md [6ms]
2024-07-31 20:51:17.746 [info] > git ls-tree -l HEAD -- /home/loganmancuso/SourceControl/Personal/dotfiles/README.md [6ms]
2024-07-31 20:51:22.347 [info] > git ls-tree -l HEAD -- /home/loganmancuso/SourceControl/Personal/dotfiles/README.md [4ms]
2024-07-31 20:51:27.742 [info] > git ls-tree -l HEAD -- /home/loganmancuso/SourceControl/Personal/dotfiles/README.md [6ms]
2024-07-31 20:51:46.055 [info] > git ls-tree -l HEAD -- /home/loganmancuso/SourceControl/Personal/dotfiles/README.md [6ms]
2024-07-31 20:51:48.979 [info] > git ls-tree -l HEAD -- /home/loganmancuso/SourceControl/Personal/dotfiles/bash/dot-bashrc [3ms]
2024-07-31 20:51:49.866 [info] > git rev-parse --show-toplevel [4ms]
2024-07-31 20:51:49.866 [info] fatal: not a git repository (or any of the parent directories): .git
