2024-07-31 20:16:46.692 [info] Log level: Info
2024-07-31 20:16:46.692 [info] Validating found git in: "git"
2024-07-31 20:16:46.692 [info] Using git "2.43.0" from "git"
2024-07-31 20:16:46.692 [info] > git rev-parse --show-toplevel [9ms]
2024-07-31 20:16:46.692 [info] > git rev-parse --git-dir --git-common-dir [2ms]
2024-07-31 20:16:46.699 [info] Open repository: /home/loganmancuso/SourceControl/Workspaces
2024-07-31 20:16:46.799 [info] > git rev-parse --show-toplevel [83ms]
2024-07-31 20:16:46.799 [info] fatal: not a git repository (or any of the parent directories): .git
2024-07-31 20:16:46.800 [info] > git config --get commit.template [91ms]
2024-07-31 20:16:46.973 [info] > git rev-parse --show-toplevel [131ms]
2024-07-31 20:16:46.983 [info] > git for-each-ref --format=%(refname)%00%(upstream:short)%00%(objectname)%00%(upstream:track)%00%(upstream:remotename)%00%(upstream:remoteref) refs/heads/main refs/remotes/main [21ms]
2024-07-31 20:16:46.984 [info] > git rev-parse --git-dir --git-common-dir [3ms]
2024-07-31 20:16:46.995 [info] Open repository: /home/loganmancuso/SourceControl/Snippets/prompt-work
2024-07-31 20:16:47.023 [info] > git config --get commit.template [16ms]
2024-07-31 20:16:47.036 [info] > git rev-parse --show-toplevel [23ms]
2024-07-31 20:16:47.036 [info] fatal: not a git repository (or any of the parent directories): .git
2024-07-31 20:16:47.090 [info] > git status -z -uall [56ms]
2024-07-31 20:16:47.117 [info] > git merge-base refs/heads/main refs/remotes/gitlab/main [18ms]
2024-07-31 20:16:47.125 [info] > git rev-parse --show-toplevel [42ms]
2024-07-31 20:16:47.125 [info] > git for-each-ref --format=%(refname)%00%(upstream:short)%00%(objectname)%00%(upstream:track)%00%(upstream:remotename)%00%(upstream:remoteref) refs/heads/main refs/remotes/main [49ms]
2024-07-31 20:16:47.138 [info] > git rev-list --count --left-right refs/heads/main...refs/remotes/gitlab/main [13ms]
2024-07-31 20:16:47.144 [info] > git config --get commit.template [28ms]
2024-07-31 20:16:47.147 [info] > git rev-parse --git-dir --git-common-dir [12ms]
2024-07-31 20:16:47.154 [info] Open repository: /home/loganmancuso/SourceControl/Personal/dotfiles
2024-07-31 20:16:47.190 [info] > git diff --name-status -z --diff-filter=ADMR bd6746c639d7a80f049c832de9e4db6da6b9d8b8...refs/remotes/gitlab/main [46ms]
2024-07-31 20:16:47.223 [info] > git rev-parse --show-toplevel [34ms]
2024-07-31 20:16:47.223 [info] fatal: not a git repository (or any of the parent directories): .git
2024-07-31 20:16:47.224 [info] > git config --get commit.template [42ms]
2024-07-31 20:16:47.224 [info] > git for-each-ref --format=%(refname)%00%(upstream:short)%00%(objectname)%00%(upstream:track)%00%(upstream:remotename)%00%(upstream:remoteref) refs/heads/main refs/remotes/main [51ms]
2024-07-31 20:16:47.242 [info] > git status -z -uall [27ms]
2024-07-31 20:16:47.282 [info] > git merge-base refs/heads/main refs/remotes/origin/main [32ms]
2024-07-31 20:16:47.293 [info] > git rev-parse --show-toplevel [53ms]
2024-07-31 20:16:47.316 [info] > git rev-list --count --left-right refs/heads/main...refs/remotes/origin/main [23ms]
2024-07-31 20:16:47.326 [info] > git config --get commit.template [46ms]
2024-07-31 20:16:47.326 [info] > git for-each-ref --format=%(refname)%00%(upstream:short)%00%(objectname)%00%(upstream:track)%00%(upstream:remotename)%00%(upstream:remoteref) refs/heads/main refs/remotes/main [55ms]
2024-07-31 20:16:47.354 [warning] ENOENT: no such file or directory, open '/home/loganmancuso/SourceControl/Personal/dotfiles/.git/refs/remotes/origin/main'
2024-07-31 20:16:47.356 [info] > git status -z -uall [9ms]
2024-07-31 20:16:47.357 [info] > git diff --name-status -z --diff-filter=ADMR 7e7e550d24f76a46e127d2c140eccf5e46d2549e...refs/remotes/origin/main [32ms]
2024-07-31 20:16:47.358 [info] > git rev-parse --show-toplevel [55ms]
2024-07-31 20:16:47.379 [info] > git rev-parse refs/remotes/origin/main [25ms]
2024-07-31 20:16:47.395 [info] > git status -z -uall [10ms]
2024-07-31 20:16:47.409 [info] > git rev-parse --show-toplevel [32ms]
2024-07-31 20:16:47.409 [info] fatal: not a git repository (or any of the parent directories): .git
2024-07-31 20:16:47.410 [info] > git for-each-ref --format=%(refname)%00%(upstream:short)%00%(objectname)%00%(upstream:track)%00%(upstream:remotename)%00%(upstream:remoteref) refs/heads/main refs/remotes/main [40ms]
2024-07-31 20:16:47.426 [info] > git merge-base refs/heads/main refs/remotes/origin/main [24ms]
2024-07-31 20:16:47.435 [info] > git rev-parse --show-toplevel [9ms]
2024-07-31 20:16:47.435 [info] fatal: not a git repository (or any of the parent directories): .git
2024-07-31 20:16:47.436 [info] > git config --get commit.template [18ms]
2024-07-31 20:16:47.443 [info] > git rev-list --count --left-right refs/heads/main...refs/remotes/origin/main [11ms]
2024-07-31 20:16:47.466 [info] > git status -z -uall [4ms]
2024-07-31 20:16:47.466 [info] > git rev-parse --show-toplevel [23ms]
2024-07-31 20:16:47.466 [info] fatal: not a git repository (or any of the parent directories): .git
2024-07-31 20:16:47.477 [info] > git for-each-ref --format=%(refname)%00%(upstream:short)%00%(objectname)%00%(upstream:track)%00%(upstream:remotename)%00%(upstream:remoteref) refs/heads/main refs/remotes/main [20ms]
2024-07-31 20:16:47.478 [info] > git diff --name-status -z --diff-filter=ADMR 230caef155f60596897fd17c333841aa60d4d78f...refs/remotes/origin/main [29ms]
2024-07-31 20:16:47.484 [warning] ENOENT: no such file or directory, open '/home/loganmancuso/SourceControl/Personal/dotfiles/.git/refs/remotes/origin/main'
2024-07-31 20:16:47.485 [info] > git rev-parse --show-toplevel [10ms]
2024-07-31 20:16:47.485 [info] fatal: not a git repository (or any of the parent directories): .git
2024-07-31 20:16:47.495 [info] > git rev-parse refs/remotes/origin/main [10ms]
2024-07-31 20:16:47.521 [info] > git status -z -uall [21ms]
2024-07-31 20:16:47.525 [info] > git rev-parse --show-toplevel [31ms]
2024-07-31 20:16:47.525 [info] fatal: not a git repository (or any of the parent directories): .git
2024-07-31 20:16:47.572 [info] > git rev-parse --show-toplevel [41ms]
2024-07-31 20:16:47.666 [info] > git rev-parse --show-toplevel [23ms]
2024-07-31 20:16:47.697 [info] > git rev-parse --show-toplevel [15ms]
2024-07-31 20:16:47.748 [info] > git rev-parse --show-toplevel [35ms]
2024-07-31 20:16:47.814 [info] > git check-ignore -v -z --stdin [57ms]
2024-07-31 20:16:47.815 [info] > git check-ignore -v -z --stdin [50ms]
2024-07-31 20:16:47.815 [info] > git check-ignore -v -z --stdin [39ms]
2024-07-31 20:16:47.846 [info] > git rev-parse --show-toplevel [45ms]
2024-07-31 20:16:47.846 [info] fatal: not a git repository (or any of the parent directories): .git
2024-07-31 20:16:47.901 [info] > git rev-parse --show-toplevel [24ms]
2024-07-31 20:16:47.901 [info] fatal: not a git repository (or any of the parent directories): .git
2024-07-31 20:16:47.974 [info] > git rev-parse --show-toplevel [59ms]
2024-07-31 20:16:47.974 [info] fatal: not a git repository (or any of the parent directories): .git
2024-07-31 20:16:48.013 [info] > git rev-parse --show-toplevel [3ms]
2024-07-31 20:16:48.013 [info] fatal: not a git repository (or any of the parent directories): .git
2024-07-31 20:16:48.026 [info] > git rev-parse --show-toplevel [4ms]
2024-07-31 20:16:48.026 [info] fatal: not a git repository (or any of the parent directories): .git
2024-07-31 20:16:48.036 [info] > git rev-parse --show-toplevel [3ms]
2024-07-31 20:16:48.036 [info] fatal: not a git repository (or any of the parent directories): .git
2024-07-31 20:16:48.060 [info] > git show --textconv HEAD:bash/dot-bashrc [15ms]
2024-07-31 20:16:48.062 [info] > git ls-tree -l HEAD -- /home/loganmancuso/SourceControl/Personal/dotfiles/bash/dot-bashrc [10ms]
2024-07-31 20:16:48.064 [info] > git rev-parse --show-toplevel [5ms]
2024-07-31 20:16:48.064 [info] fatal: not a git repository (or any of the parent directories): .git
2024-07-31 20:16:48.075 [info] > git rev-parse --show-toplevel [3ms]
2024-07-31 20:16:48.075 [info] fatal: not a git repository (or any of the parent directories): .git
2024-07-31 20:16:48.086 [info] > git rev-parse --show-toplevel [3ms]
2024-07-31 20:16:48.086 [info] fatal: not a git repository (or any of the parent directories): .git
2024-07-31 20:16:48.109 [info] > git rev-parse --show-toplevel [13ms]
2024-07-31 20:16:48.109 [info] fatal: not a git repository (or any of the parent directories): .git
2024-07-31 20:16:48.117 [info] > git ls-tree -l HEAD -- /home/loganmancuso/SourceControl/Personal/dotfiles/bash/dot-bashrc [9ms]
2024-07-31 20:16:48.121 [info] > git rev-parse --show-toplevel [4ms]
2024-07-31 20:16:48.121 [info] fatal: not a git repository (or any of the parent directories): .git
2024-07-31 20:16:48.132 [info] > git rev-parse --show-toplevel [2ms]
2024-07-31 20:16:48.132 [info] fatal: not a git repository (or any of the parent directories): .git
2024-07-31 20:16:48.146 [info] > git rev-parse --show-toplevel [0ms]
2024-07-31 20:16:48.146 [info] fatal: not a git repository (or any of the parent directories): .git
2024-07-31 20:16:48.160 [info] > git rev-parse --show-toplevel [2ms]
2024-07-31 20:16:48.160 [info] fatal: not a git repository (or any of the parent directories): .git
2024-07-31 20:16:48.170 [info] > git rev-parse --show-toplevel [2ms]
2024-07-31 20:16:48.170 [info] fatal: not a git repository (or any of the parent directories): .git
2024-07-31 20:16:48.180 [info] > git rev-parse --show-toplevel [3ms]
2024-07-31 20:16:48.180 [info] fatal: not a git repository (or any of the parent directories): .git
2024-07-31 20:16:48.191 [info] > git rev-parse --show-toplevel [4ms]
2024-07-31 20:16:48.191 [info] fatal: not a git repository (or any of the parent directories): .git
2024-07-31 20:16:48.199 [info] > git rev-parse --show-toplevel [2ms]
2024-07-31 20:16:48.199 [info] fatal: not a git repository (or any of the parent directories): .git
2024-07-31 20:16:51.096 [info] > git rev-parse --show-toplevel [3ms]
2024-07-31 20:16:51.096 [info] fatal: not a git repository (or any of the parent directories): .git
