2024-08-01 07:52:00.525 [info] Log level: Info
2024-08-01 07:52:00.526 [info] Validating found git in: "git"
2024-08-01 07:52:00.526 [info] Using git "2.43.0" from "git"
2024-08-01 07:52:00.526 [info] > git rev-parse --show-toplevel [64ms]
2024-08-01 07:52:00.526 [info] > git rev-parse --git-dir --git-common-dir [7ms]
2024-08-01 07:52:00.526 [info] Open repository: /home/loganmancuso/SourceControl/Workspaces
2024-08-01 07:52:00.552 [info] > git rev-parse --show-toplevel [7ms]
2024-08-01 07:52:00.553 [info] > git config --get commit.template [17ms]
2024-08-01 07:52:00.583 [info] > git rev-parse --git-dir --git-common-dir [17ms]
2024-08-01 07:52:00.597 [info] Open repository: /home/loganmancuso/SourceControl/Snippets/prompt-work
2024-08-01 07:52:00.616 [info] > git for-each-ref --format=%(refname)%00%(upstream:short)%00%(objectname)%00%(upstream:track)%00%(upstream:remotename)%00%(upstream:remoteref) refs/heads/main refs/remotes/main [39ms]
2024-08-01 07:52:00.619 [info] > git config --get commit.template [12ms]
2024-08-01 07:52:00.621 [info] > git rev-parse --show-toplevel [5ms]
2024-08-01 07:52:00.653 [info] > git for-each-ref --format=%(refname)%00%(upstream:short)%00%(objectname)%00%(upstream:track)%00%(upstream:remotename)%00%(upstream:remoteref) refs/heads/main refs/remotes/main [23ms]
2024-08-01 07:52:00.667 [info] > git rev-parse --git-dir --git-common-dir [25ms]
2024-08-01 07:52:00.676 [info] Open repository: /home/loganmancuso/Documents/Backups/os-init
2024-08-01 07:52:00.713 [info] > git status -z -uall [61ms]
2024-08-01 07:52:00.756 [info] > git merge-base refs/heads/main refs/remotes/gitlab/main [31ms]
2024-08-01 07:52:00.766 [info] > git rev-parse --show-toplevel [55ms]
2024-08-01 07:52:00.766 [info] > git config --get commit.template [64ms]
2024-08-01 07:52:00.802 [info] > git status -z -uall [19ms]
2024-08-01 07:52:00.802 [info] > git rev-list --count --left-right refs/heads/main...refs/remotes/gitlab/main [37ms]
2024-08-01 07:52:00.812 [info] > git config --get commit.template [59ms]
2024-08-01 07:52:00.820 [info] No remotes found in the git config file.
2024-08-01 07:52:00.833 [info] > git rev-parse --git-dir --git-common-dir [39ms]
2024-08-01 07:52:00.843 [info] Open repository: /home/loganmancuso/SourceControl/Personal/dotfiles
2024-08-01 07:52:00.909 [info] > git merge-base refs/heads/main refs/remotes/origin/main [55ms]
2024-08-01 07:52:00.919 [info] > git for-each-ref --format=%(refname)%00%(upstream:short)%00%(objectname)%00%(upstream:track)%00%(upstream:remotename)%00%(upstream:remoteref) refs/heads/main refs/remotes/main [99ms]
2024-08-01 07:52:00.919 [warning] No such branch: main.
2024-08-01 07:52:00.927 [info] > git diff --name-status -z --diff-filter=ADMR bd6746c639d7a80f049c832de9e4db6da6b9d8b8...refs/remotes/gitlab/main [115ms]
2024-08-01 07:52:00.953 [info] > git status -z -uall [26ms]
2024-08-01 07:52:00.967 [info] > git rev-list --count --left-right refs/heads/main...refs/remotes/origin/main [48ms]
2024-08-01 07:52:00.977 [info] > git config --get commit.template [71ms]
2024-08-01 07:52:00.978 [info] > git rev-parse --show-toplevel [77ms]
2024-08-01 07:52:00.978 [info] fatal: not a git repository (or any of the parent directories): .git
2024-08-01 07:52:00.979 [info] > git config --get commit.template [88ms]
2024-08-01 07:52:00.979 [info] > git for-each-ref --format=%(refname)%00%(upstream:short)%00%(objectname)%00%(upstream:track)%00%(upstream:remotename)%00%(upstream:remoteref) refs/heads/main refs/remotes/main [99ms]
2024-08-01 07:52:01.023 [info] > git diff --name-status -z --diff-filter=ADMR 1770558b62a41d58e989f9fd7d0be45bbe19d6df...refs/remotes/origin/main [45ms]
2024-08-01 07:52:01.044 [info] > git rev-parse --show-toplevel [23ms]
2024-08-01 07:52:01.045 [info] > git config --get commit.template [31ms]
2024-08-01 07:52:01.057 [info] > git for-each-ref --format=%(refname)%00%(upstream:short)%00%(objectname)%00%(upstream:track)%00%(upstream:remotename)%00%(upstream:remoteref) refs/heads/main refs/remotes/main [15ms]
2024-08-01 07:52:01.058 [info] > git for-each-ref --format=%(refname)%00%(upstream:short)%00%(objectname)%00%(upstream:track)%00%(upstream:remotename)%00%(upstream:remoteref) refs/heads/main refs/remotes/main [25ms]
2024-08-01 07:52:01.133 [info] No remotes found in the git config file.
2024-08-01 07:52:01.140 [info] > git status -z -uall [8ms]
2024-08-01 07:52:01.140 [info] > git rev-parse --show-toplevel [85ms]
2024-08-01 07:52:01.157 [info] > git for-each-ref --format=%(refname)%00%(upstream:short)%00%(objectname)%00%(upstream:track)%00%(upstream:remotename)%00%(upstream:remoteref) refs/heads/main refs/remotes/main [35ms]
2024-08-01 07:52:01.158 [warning] No such branch: main.
2024-08-01 07:52:01.182 [info] > git status -z -uall [12ms]
2024-08-01 07:52:01.183 [info] > git rev-parse --show-toplevel [30ms]
2024-08-01 07:52:01.347 [info] > git status -z -uall [116ms]
2024-08-01 07:52:01.347 [info] > git status -z -uall [104ms]
2024-08-01 07:52:01.347 [info] > git rev-parse --show-toplevel [94ms]
2024-08-01 07:52:01.446 [info] > git merge-base refs/heads/main refs/remotes/origin/main [84ms]
2024-08-01 07:52:01.475 [info] > git config --get commit.template [30ms]
2024-08-01 07:52:01.476 [info] > git rev-parse --show-toplevel [41ms]
2024-08-01 07:52:01.500 [info] > git rev-list --count --left-right refs/heads/main...refs/remotes/origin/main [46ms]
2024-08-01 07:52:01.583 [info] > git check-ignore -v -z --stdin [60ms]
2024-08-01 07:52:01.584 [info] > git check-ignore -v -z --stdin [51ms]
2024-08-01 07:52:01.585 [info] > git check-ignore -v -z --stdin [41ms]
2024-08-01 07:52:01.586 [info] > git check-ignore -v -z --stdin [29ms]
2024-08-01 07:52:01.587 [info] > git diff --name-status -z --diff-filter=ADMR 55a8928e704850e9425f48569244c52021ea52cb...refs/remotes/origin/main [76ms]
2024-08-01 07:52:01.589 [info] > git rev-parse --show-toplevel [89ms]
2024-08-01 07:52:01.613 [info] > git for-each-ref --format=%(refname)%00%(upstream:short)%00%(objectname)%00%(upstream:track)%00%(upstream:remotename)%00%(upstream:remoteref) refs/heads/main refs/remotes/main [32ms]
2024-08-01 07:52:01.644 [info] > git rev-parse --show-toplevel [32ms]
2024-08-01 07:52:01.713 [info] > git rev-parse --show-toplevel [43ms]
2024-08-01 07:52:01.744 [info] > git status -z -uall [32ms]
2024-08-01 07:52:01.761 [info] > git rev-parse --show-toplevel [29ms]
2024-08-01 07:52:06.348 [info] > git show --textconv :bootstrap/init-debian.sh [20ms]
2024-08-01 07:52:06.356 [info] > git ls-files --stage -- /home/loganmancuso/Documents/Backups/os-init/bootstrap/init-debian.sh [9ms]
2024-08-01 07:52:11.597 [info] > git rev-parse --show-toplevel [3ms]
2024-08-01 07:52:11.597 [info] fatal: not a git repository (or any of the parent directories): .git
2024-08-01 07:52:22.003 [info] > git show --textconv :bootstrap/init-debian.sh [21ms]
2024-08-01 07:52:22.006 [info] > git ls-files --stage -- /home/loganmancuso/Documents/Backups/os-init/bootstrap/init-debian.sh [5ms]
2024-08-01 07:52:46.372 [info] > git rev-parse --show-toplevel [3ms]
2024-08-01 07:52:46.372 [info] fatal: not a git repository (or any of the parent directories): .git
2024-08-01 07:52:46.773 [info] No remotes found in the git config file.
2024-08-01 07:52:46.775 [info] > git config --get commit.template [17ms]
2024-08-01 07:52:46.778 [info] > git for-each-ref --format=%(refname)%00%(upstream:short)%00%(objectname)%00%(upstream:track)%00%(upstream:remotename)%00%(upstream:remoteref) refs/heads/main refs/remotes/main [4ms]
2024-08-01 07:52:46.778 [warning] No such branch: main.
2024-08-01 07:52:46.793 [info] > git status -z -uall [4ms]
2024-08-01 07:52:48.372 [info] > git show --textconv :bootstrap/init-debian.sh [27ms]
2024-08-01 07:52:48.377 [info] > git ls-files --stage -- /home/loganmancuso/Documents/Backups/os-init/bootstrap/init-debian.sh [8ms]
2024-08-01 07:53:07.299 [info] > git show --textconv :restic/backup.sh [19ms]
2024-08-01 07:53:07.302 [info] > git ls-files --stage -- /home/loganmancuso/Documents/Backups/os-init/restic/backup.sh [4ms]
2024-08-01 07:53:20.888 [info] > git rev-parse --show-toplevel [3ms]
2024-08-01 07:53:20.889 [info] fatal: not a git repository (or any of the parent directories): .git
2024-08-01 07:53:35.549 [info] > git show --textconv :bootstrap/init-debian.sh [20ms]
2024-08-01 07:53:35.552 [info] > git ls-files --stage -- /home/loganmancuso/Documents/Backups/os-init/bootstrap/init-debian.sh [6ms]
2024-08-01 07:54:02.734 [info] No remotes found in the git config file.
2024-08-01 07:54:02.749 [info] > git config --get commit.template [16ms]
2024-08-01 07:54:02.751 [info] > git for-each-ref --format=%(refname)%00%(upstream:short)%00%(objectname)%00%(upstream:track)%00%(upstream:remotename)%00%(upstream:remoteref) refs/heads/main refs/remotes/main [4ms]
2024-08-01 07:54:02.751 [warning] No such branch: main.
2024-08-01 07:54:02.762 [info] > git status -z -uall [3ms]
2024-08-01 07:54:06.074 [info] > git rev-parse --show-toplevel [5ms]
2024-08-01 07:54:06.074 [info] fatal: not a git repository (or any of the parent directories): .git
2024-08-01 07:54:20.244 [info] > git show --textconv :bootstrap/init-debian.sh [21ms]
2024-08-01 07:54:20.247 [info] > git ls-files --stage -- /home/loganmancuso/Documents/Backups/os-init/bootstrap/init-debian.sh [7ms]
