Launching language server: /home/loganmancuso/.vscode-oss/extensions/gamunu.opentofu-0.2.1/bin/opentofu-ls serve
Client: Stopped --> Starting
2024/08/01 07:56:10 serve_command.go:104: Starting terraform-ls 0.1.0
2024/08/01 07:56:10 service.go:103: Preparing new session ...
2024/08/01 07:56:10 langserver.go:102: Starting server (pid 12953; concurrency: 4) ...
2024/08/01 07:56:10 opts.go:215: Received request batch of size 1 (qlen=0)
2024/08/01 07:56:10 opts.go:215: Dequeued request batch of length 1 (qlen=0)
2024/08/01 07:56:10 rpc_logger.go:32: Incoming request for "initialize" (ID 0): {"processId":12696,"clientInfo":{"name":"VSCodium","version":"1.89.1"},"locale":"en","rootPath":"/home/loganmancuso/SourceControl/Workspaces","rootUri":"file:///home/loganmancuso/SourceControl/Workspaces","capabilities":{"workspace":{"applyEdit":true,"workspaceEdit":{"documentChanges":true,"resourceOperations":["create","rename","delete"],"failureHandling":"textOnlyTransactional","normalizesLineEndings":true,"changeAnnotationSupport":{"groupsOnLabel":true}},"configuration":true,"didChangeWatchedFiles":{"dynamicRegistration":true,"relativePatternSupport":true},"symbol":{"dynamicRegistration":true,"symbolKind":{"valueSet":[1,2,3,4,5,6,7,8,9,10,11,12,13,14,15,16,17,18,19,20,21,22,23,24,25,26]},"tagSupport":{"valueSet":[1]},"resolveSupport":{"properties":["location.range"]}},"codeLens":{"refreshSupport":true},"executeCommand":{"dynamicRegistration":true},"didChangeConfiguration":{"dynamicRegistration":true},"workspaceFolders":true,"semanticTokens":{"refreshSupport":true},"fileOperations":{"dynamicRegistration":true,"didCreate":true,"didRename":true,"didDelete":true,"willCreate":true,"willRename":true,"willDelete":true},"inlineValue":{"refreshSupport":true},"inlayHint":{"refreshSupport":true},"diagnostics":{"refreshSupport":true}},"textDocument":{"publishDiagnostics":{"relatedInformation":true,"versionSupport":false,"tagSupport":{"valueSet":[1,2]},"codeDescriptionSupport":true,"dataSupport":true},"synchronization":{"dynamicRegistration":true,"willSave":true,"willSaveWaitUntil":true,"didSave":true},"completion":{"dynamicRegistration":true,"contextSupport":true,"completionItem":{"snippetSupport":true,"commitCharactersSupport":true,"documentationFormat":["markdown","plaintext"],"deprecatedSupport":true,"preselectSupport":true,"tagSupport":{"valueSet":[1]},"insertReplaceSupport":true,"resolveSupport":{"properties":["documentation","detail","additionalTextEdits"]},"insertTextModeSupport":{"valueSet":[1,2]},"labelDetailsSupport":true},"insertTextMode":2,"completionItemKind":{"valueSet":[1,2,3,4,5,6,7,8,9,10,11,12,13,14,15,16,17,18,19,20,21,22,23,24,25]},"completionList":{"itemDefaults":["commitCharacters","editRange","insertTextFormat","insertTextMode"]}},"hover":{"dynamicRegistration":true,"contentFormat":["markdown","plaintext"]},"signatureHelp":{"dynamicRegistration":true,"signatureInformation":{"documentationFormat":["markdown","plaintext"],"parameterInformation":{"labelOffsetSupport":true},"activeParameterSupport":true},"contextSupport":true},"definition":{"dynamicRegistration":true,"linkSupport":true},"references":{"dynamicRegistration":true},"documentHighlight":{"dynamicRegistration":true},"documentSymbol":{"dynamicRegistration":true,"symbolKind":{"valueSet":[1,2,3,4,5,6,7,8,9,10,11,12,13,14,15,16,17,18,19,20,21,22,23,24,25,26]},"hierarchicalDocumentSymbolSupport":true,"tagSupport":{"valueSet":[1]},"labelSupport":true},"codeAction":{"dynamicRegistration":true,"isPreferredSupport":true,"disabledSupport":true,"dataSupport":true,"resolveSupport":{"properties":["edit"]},"codeActionLiteralSupport":{"codeActionKind":{"valueSet":["","quickfix","refactor","refactor.extract","refactor.inline","refactor.rewrite","source","source.organizeImports"]}},"honorsChangeAnnotations":false},"codeLens":{"dynamicRegistration":true},"formatting":{"dynamicRegistration":true},"rangeFormatting":{"dynamicRegistration":true},"onTypeFormatting":{"dynamicRegistration":true},"rename":{"dynamicRegistration":true,"prepareSupport":true,"prepareSupportDefaultBehavior":1,"honorsChangeAnnotations":true},"documentLink":{"dynamicRegistration":true,"tooltipSupport":true},"typeDefinition":{"dynamicRegistration":true,"linkSupport":true},"implementation":{"dynamicRegistration":true,"linkSupport":true},"colorProvider":{"dynamicRegistration":true},"foldingRange":{"dynamicRegistration":true,"rangeLimit":5000,"lineFoldingOnly":true,"foldingRangeKind":{"valueSet":["comment","imports","region"]},"foldingRange":{"collapsedText":false}},"declaration":{"dynamicRegistration":true,"linkSupport":true},"selectionRange":{"dynamicRegistration":true},"callHierarchy":{"dynamicRegistration":true},"semanticTokens":{"dynamicRegistration":true,"tokenTypes":["namespace","type","class","enum","interface","struct","typeParameter","parameter","variable","property","enumMember","event","function","method","macro","keyword","modifier","comment","string","number","regexp","operator","decorator","hcl-attrName","hcl-blockType","hcl-blockLabel","hcl-bool","hcl-string","hcl-number","hcl-objectKey","hcl-mapKey","hcl-keyword","hcl-referenceStep","hcl-typeComplex","hcl-typePrimitive","hcl-functionName"],"tokenModifiers":["declaration","definition","readonly","static","deprecated","abstract","async","modification","documentation","defaultLibrary","hcl-dependent","terraform-data","terraform-locals","terraform-module","terraform-output","terraform-provider","terraform-resource","terraform-provisioner","terraform-connection","terraform-variable","terraform-terraform","terraform-backend","terraform-name","terraform-type","terraform-requiredProviders"],"formats":["relative"],"requests":{"range":true,"full":{"delta":true}},"multilineTokenSupport":false,"overlappingTokenSupport":false,"serverCancelSupport":true,"augmentsSyntaxTokens":true},"linkedEditingRange":{"dynamicRegistration":true},"typeHierarchy":{"dynamicRegistration":true},"inlineValue":{"dynamicRegistration":true},"inlayHint":{"dynamicRegistration":true,"resolveSupport":{"properties":["tooltip","textEdits","label.tooltip","label.location","label.command"]}},"diagnostic":{"dynamicRegistration":true,"relatedDocumentSupport":false}},"window":{"showMessage":{"messageActionItem":{"additionalPropertiesSupport":true}},"showDocument":{"support":true},"workDoneProgress":true},"general":{"staleRequestSupport":{"cancel":true,"retryOnContentModified":["textDocument/semanticTokens/full","textDocument/semanticTokens/range","textDocument/semanticTokens/full/delta"]},"regularExpressions":{"engine":"ECMAScript","version":"ES2020"},"markdown":{"parser":"marked","version":"1.1.0"},"positionEncodings":["utf-16"]},"notebookDocument":{"synchronization":{"dynamicRegistration":true,"executionSummarySupport":true}},"experimental":{"refreshModuleProvidersCommandId":"client.refreshModuleProviders","refreshModuleCallsCommandId":"client.refreshModuleCalls","refreshTerraformVersionCommandId":"client.refreshTerraformVersion"}},"initializationOptions":{"validation":{"enableEnhancedValidation":true},"experimentalFeatures":{"validateOnSave":false,"prefillRequiredFields":false},"ignoreSingleFileWarning":false,"terraform":{"path":"","timeout":"","logFilePath":""},"indexing":{"ignorePaths":[],"ignoreDirectoryNames":[]}},"trace":"off","workspaceFolders":[{"uri":"file:///home/loganmancuso/SourceControl/Workspaces","name":"Workspaces"},{"uri":"file:///home/loganmancuso/SourceControl/Snippets/prompt-work","name":"prompt-work"},{"uri":"file:///home/loganmancuso/Documents/Backups/os-init","name":"os-init"},{"uri":"file:///home/loganmancuso/SourceControl/Personal/dotfiles","name":"dotfiles"}],"workDoneToken":"5485f05f-df94-46ea-9141-66f98d0653f1"}
2024/08/01 07:56:10 scheduler.go:56: launching eval loop 0
2024/08/01 07:56:10 service.go:476: started low priority scheduler
2024/08/01 07:56:10 scheduler.go:56: launching eval loop 0
2024/08/01 07:56:10 service.go:481: started high priority scheduler
2024/08/01 07:56:10 rpc_logger.go:53: Response to "initialize" (ID 0): {"capabilities":{"textDocumentSync":{"openClose":true,"change":2,"save":{}},"completionProvider":{"triggerCharacters":[".","["],"resolveProvider":true},"hoverProvider":true,"signatureHelpProvider":{"triggerCharacters":["(",","]},"declarationProvider":true,"definitionProvider":true,"referencesProvider":true,"documentSymbolProvider":true,"codeActionProvider":{"codeActionKinds":["source.formatAll.terraform"]},"codeLensProvider":{},"documentLinkProvider":{},"workspaceSymbolProvider":true,"documentFormattingProvider":true,"executeCommandProvider":{"commands":["terraform-ls.module.callers","terraform-ls.module.calls","terraform-ls.module.providers","terraform-ls.module.terraform","terraform-ls.rootmodules","terraform-ls.terraform.init","terraform-ls.terraform.validate"],"workDoneProgress":true},"semanticTokensProvider":{"legend":{"tokenTypes":["enumMember","function","keyword","number","parameter","property","string","type","variable","hcl-attrName","hcl-blockType","hcl-blockLabel","hcl-bool","hcl-string","hcl-number","hcl-objectKey","hcl-mapKey","hcl-keyword","hcl-referenceStep","hcl-typeComplex","hcl-typePrimitive","hcl-functionName"],"tokenModifiers":["defaultLibrary","hcl-dependent","terraform-backend","terraform-connection","terraform-data","terraform-locals","terraform-module","terraform-name","terraform-output","terraform-provider","terraform-provisioner","terraform-requiredProviders","terraform-resource","terraform-terraform","terraform-type","terraform-variable"]},"full":true},"workspace":{"workspaceFolders":{"supported":true,"changeNotifications":"workspace/didChangeWorkspaceFolders"},"fileOperations":{}},"experimental":{"referenceCountCodeLens":false,"refreshModuleProviders":true,"refreshModuleCalls":true,"refreshTerraformVersion":true}},"serverInfo":{"name":"terraform-ls","version":"0.1.0"}}
2024/08/01 07:56:10 opts.go:215: Completed 1 requests [5.255654ms elapsed]
2024/08/01 07:56:10 walker_paths.go:255: walking next dir: {"file:///home/loganmancuso/Documents/Backups/os-init"}
2024/08/01 07:56:10 walker.go:212: skipping ignored dir name: .git
2024/08/01 07:56:10 walker.go:242: walking of {file:///home/loganmancuso/Documents/Backups/os-init/bootstrap} finished
2024/08/01 07:56:10 walker.go:242: walking of {file:///home/loganmancuso/Documents/Backups/os-init/restic} finished
2024/08/01 07:56:10 walker.go:242: walking of {file:///home/loganmancuso/Documents/Backups/os-init/secrets/gnupg/.gnupg/crls.d} finished
2024/08/01 07:56:10 walker.go:242: walking of {file:///home/loganmancuso/Documents/Backups/os-init/secrets/gnupg/.gnupg/openpgp-revocs.d} finished
2024/08/01 07:56:10 walker.go:242: walking of {file:///home/loganmancuso/Documents/Backups/os-init/secrets/gnupg/.gnupg/private-keys-v1.d} finished
2024/08/01 07:56:10 walker.go:242: walking of {file:///home/loganmancuso/Documents/Backups/os-init/secrets/gnupg/.gnupg} finished
2024/08/01 07:56:10 walker.go:242: walking of {file:///home/loganmancuso/Documents/Backups/os-init/secrets/gnupg/crls.d} finished
2024/08/01 07:56:10 walker.go:242: walking of {file:///home/loganmancuso/Documents/Backups/os-init/secrets/gnupg/openpgp-revocs.d} finished
2024/08/01 07:56:10 walker.go:242: walking of {file:///home/loganmancuso/Documents/Backups/os-init/secrets/gnupg/private-keys-v1.d} finished
2024/08/01 07:56:10 walker.go:242: walking of {file:///home/loganmancuso/Documents/Backups/os-init/secrets/gnupg} finished
2024/08/01 07:56:10 walker.go:242: walking of {file:///home/loganmancuso/Documents/Backups/os-init/secrets/ssh/.ssh} finished
2024/08/01 07:56:10 walker.go:242: walking of {file:///home/loganmancuso/Documents/Backups/os-init/secrets/ssh} finished
2024/08/01 07:56:10 walker.go:242: walking of {file:///home/loganmancuso/Documents/Backups/os-init/secrets} finished
2024/08/01 07:56:10 walker.go:242: walking of {file:///home/loganmancuso/Documents/Backups/os-init} finished
2024/08/01 07:56:10 walker.go:156: walker: walking through {"file:///home/loganmancuso/Documents/Backups/os-init"} finished
2024/08/01 07:56:10 walker_paths.go:255: walking next dir: {"file:///home/loganmancuso/SourceControl/Personal/dotfiles"}
2024/08/01 07:56:10 walker.go:212: skipping ignored dir name: .git
2024/08/01 07:56:10 walker.go:242: walking of {file:///home/loganmancuso/SourceControl/Personal/dotfiles/bash/dot-config/bash} finished
2024/08/01 07:56:10 walker.go:242: walking of {file:///home/loganmancuso/SourceControl/Personal/dotfiles/bash/dot-config} finished
2024/08/01 07:56:10 walker.go:242: walking of {file:///home/loganmancuso/SourceControl/Personal/dotfiles/bash} finished
2024/08/01 07:56:10 walker.go:242: walking of {file:///home/loganmancuso/SourceControl/Personal/dotfiles/git} finished
2024/08/01 07:56:10 walker.go:242: walking of {file:///home/loganmancuso/SourceControl/Personal/dotfiles/nvim/dot-config/nvim/lua/configs} finished
2024/08/01 07:56:10 walker.go:242: walking of {file:///home/loganmancuso/SourceControl/Personal/dotfiles/nvim/dot-config/nvim/lua/plugins} finished
2024/08/01 07:56:10 walker.go:242: walking of {file:///home/loganmancuso/SourceControl/Personal/dotfiles/nvim/dot-config/nvim/lua} finished
2024/08/01 07:56:10 walker.go:242: walking of {file:///home/loganmancuso/SourceControl/Personal/dotfiles/nvim/dot-config/nvim/starter} finished
2024/08/01 07:56:10 walker.go:242: walking of {file:///home/loganmancuso/SourceControl/Personal/dotfiles/nvim/dot-config/nvim} finished
2024/08/01 07:56:10 walker.go:242: walking of {file:///home/loganmancuso/SourceControl/Personal/dotfiles/nvim/dot-config} finished
2024/08/01 07:56:10 walker.go:242: walking of {file:///home/loganmancuso/SourceControl/Personal/dotfiles/nvim} finished
2024/08/01 07:56:10 walker.go:242: walking of {file:///home/loganmancuso/SourceControl/Personal/dotfiles/ssh/dot-ssh} finished
2024/08/01 07:56:10 walker.go:242: walking of {file:///home/loganmancuso/SourceControl/Personal/dotfiles/ssh} finished
2024/08/01 07:56:10 walker.go:242: walking of {file:///home/loganmancuso/SourceControl/Personal/dotfiles} finished
2024/08/01 07:56:10 walker.go:156: walker: walking through {"file:///home/loganmancuso/SourceControl/Personal/dotfiles"} finished
2024/08/01 07:56:10 walker_paths.go:255: walking next dir: {"file:///home/loganmancuso/SourceControl/Snippets/prompt-work"}
2024/08/01 07:56:10 walker.go:212: skipping ignored dir name: .git
2024/08/01 07:56:10 walker.go:242: walking of {file:///home/loganmancuso/SourceControl/Snippets/prompt-work} finished
2024/08/01 07:56:10 walker.go:156: walker: walking through {"file:///home/loganmancuso/SourceControl/Snippets/prompt-work"} finished
2024/08/01 07:56:10 walker_paths.go:255: walking next dir: {"file:///home/loganmancuso/SourceControl/Workspaces"}
2024/08/01 07:56:10 walker.go:212: skipping ignored dir name: .git
2024/08/01 07:56:10 walker.go:242: walking of {file:///home/loganmancuso/SourceControl/Workspaces/Personal} finished
2024/08/01 07:56:10 walker.go:242: walking of {file:///home/loganmancuso/SourceControl/Workspaces/Professional} finished
2024/08/01 07:56:10 walker.go:242: walking of {file:///home/loganmancuso/SourceControl/Workspaces} finished
2024/08/01 07:56:10 walker.go:156: walker: walking through {"file:///home/loganmancuso/SourceControl/Workspaces"} finished
Client: Starting --> Running
Started client
2024/08/01 07:56:10 opts.go:215: Received request batch of size 1 (qlen=0)
2024/08/01 07:56:10 opts.go:215: Dequeued request batch of length 1 (qlen=0)
2024/08/01 07:56:10 rpc_logger.go:32: Incoming notification for "initialized": {}
2024/08/01 07:56:10 opts.go:215: Posting server call "client/registerCapability" {"registrations":[{"id":"6eef76bd-3048-a58e-6f26-88c9307ab521","method":"workspace/didChangeWatchedFiles","registerOptions":{"watchers":[{"globPattern":"**/.terraform","kind":3},{"globPattern":"**/.terraform/modules/modules.json"},{"globPattern":"**/.terraform.lock.hcl"},{"globPattern":"**/.terraform/plugins/selections.json"},{"globPattern":"**/.terraform/plugins/linux_amd64/lock.json"}]}}]}
2024/08/01 07:56:10 opts.go:215: Received response for callback "1"
2024/08/01 07:56:10 opts.go:215: Received request batch of size 1 (qlen=0)
2024/08/01 07:56:10 opts.go:215: Dequeued request batch of length 1 (qlen=0)
2024/08/01 07:56:10 opts.go:215: Request check error for "$/setTrace" (params "{\"value\":\"off\"}"): [-32601] method not found
2024/08/01 07:56:11 opts.go:215: Received request batch of size 1 (qlen=0)
2024/08/01 07:56:11 opts.go:215: Dequeued request batch of length 1 (qlen=0)
2024/08/01 07:56:11 opts.go:215: Request check error for "$/setTrace" (params "{\"value\":\"off\"}"): [-32601] method not found
2024/08/01 07:56:11 opts.go:215: Received request batch of size 1 (qlen=0)
2024/08/01 07:56:11 opts.go:215: Dequeued request batch of length 1 (qlen=0)
2024/08/01 07:56:11 opts.go:215: Request check error for "$/setTrace" (params "{\"value\":\"off\"}"): [-32601] method not found
2024/08/01 08:00:11 opts.go:215: Received request batch of size 1 (qlen=0)
2024/08/01 08:00:11 opts.go:215: Dequeued request batch of length 1 (qlen=0)
2024/08/01 08:00:11 opts.go:215: Request check error for "$/setTrace" (params "{\"value\":\"off\"}"): [-32601] method not found
2024/08/01 08:00:11 opts.go:215: Received request batch of size 1 (qlen=0)
2024/08/01 08:00:11 opts.go:215: Dequeued request batch of length 1 (qlen=0)
2024/08/01 08:00:11 opts.go:215: Request check error for "$/setTrace" (params "{\"value\":\"off\"}"): [-32601] method not found
2024/08/01 08:00:11 opts.go:215: Received request batch of size 1 (qlen=0)
2024/08/01 08:00:11 opts.go:215: Dequeued request batch of length 1 (qlen=0)
2024/08/01 08:00:11 opts.go:215: Request check error for "$/setTrace" (params "{\"value\":\"off\"}"): [-32601] method not found
2024/08/01 08:00:11 opts.go:215: Received request batch of size 1 (qlen=0)
2024/08/01 08:00:11 opts.go:215: Dequeued request batch of length 1 (qlen=0)
2024/08/01 08:00:11 opts.go:215: Request check error for "$/setTrace" (params "{\"value\":\"off\"}"): [-32601] method not found
2024/08/01 08:02:41 opts.go:215: Received request batch of size 1 (qlen=0)
2024/08/01 08:02:41 opts.go:215: Dequeued request batch of length 1 (qlen=0)
2024/08/01 08:02:41 opts.go:215: Request check error for "$/setTrace" (params "{\"value\":\"off\"}"): [-32601] method not found
2024/08/01 08:17:41 opts.go:215: Received request batch of size 1 (qlen=0)
2024/08/01 08:17:41 opts.go:215: Dequeued request batch of length 1 (qlen=0)
2024/08/01 08:17:41 rpc_logger.go:32: Incoming notification for "textDocument/didOpen": {"textDocument":{"uri":"file:///home/loganmancuso/Documents/Backups/os-init/secrets/global_secrets.tfvars","languageId":"terraform-vars","version":1,"text":"##############################################################################\n#\n# Author: Logan Mancuso\n# Created: 07.30.2023\n#\n##############################################################################\n\ndns_names = [\n  \"loganmancuso.duckdns.org\",\n  \"*.loganmancuso.duckdns.org\",\n  \"192.168.1.0/24\",\n]\n\n## Infra ##\nthoth = {\n  restic_password = \"Retail-Filled-Hastily1-Prancing-Alias-Catalog-Operation\"\n}\n\nk8_postgres = {\n  username = \"k8-pgadmin\"\n  password = \"5S6t8M5z4phQwE5FTBqL7VCVE4BUeJ\"\n}\n\n## Shared ##\nssh = {\n  key_private_path = \"~/.ssh/id_ed25519\"\n  key_public       = \"ssh-ed25519 AAAAC3NzaC1lZDI1NTE5AAAAINQj0vO0eNNKtED9at+T1h2Xj3K4sMHlyPoHx+ON+WLS mickeyacejr@live.com\"\n}\n\nproxmox = {\n  root_password = \"Stress-Slouchy6-Thicket-Clip-Pellet\"\n}\n\nsmtp = {\n  host     = \"smtp.gmail.com\"\n  port     = \"587\"\n  username = \"themickeyace@gmail.com\"\n  password = \"mineejgwvzumsfvg\"\n}\n\nuser_operations = {\n  username = \"operations@pve\"\n  password = \"Subfloor.Stammer7.Fanfare\"\n  api_id   = \"operations@pve!packer\"\n  api_key = {\n    dev  = \"e6693b44-491c-45e0-9fc0-1be6ad3d356f\"\n    prod = \"1238a26c-a21a-44a1-b7b0-bcb8ea654a14\"\n  }\n}\n\ninstance = {\n  username        = \"instance-user\"\n  password        = \"Dawn-Purge-Anagram9\"\n  hashed_password = \"$6$nMmxL7MEjATL8UQu$.PCEeLT/FaZWduEAE8QP5BS53VpXMfqtx8lLp9jhET.NPZiYoN9hF9G0Z4lVDD0vgLtie/TmP89KosGGCIEU91\"\n  salt            = \"nMmxL7MEjATL8UQu\"\n}\n\n## App ##\nnginx_proxymanager = {\n  db_root_password = \"KLSrcTtue98AGuV4gNHgJfUZkw8B5f\"\n  db_username      = \"nginx-mysqladmin\"\n  db_password      = \"CbXLjm9HS9JitFFgKbx2xcN52GE82H\"\n}\n\nhomeassistant = {\n  zwave_key = \"VX5teK87Zkj3LZxTs4XbW73tTgdLMS3PjwL\"\n}\n\nnextcloud = {\n  admin_username = \"loganmancuso\"\n  admin_password = \"Decibel4-Feline-Shrank-Stabilize\"\n  db_username    = \"nc-pgadmin\"\n  db_password    = \"tu4gk7dsvuLgf7R5dHiMyJVdUpVr48\"\n}\n\noctoprint = {\n  username      = \"octo-user\"\n  password      = \"Unluckily-Dense3-Barracuda\"\n  octo_user     = \"loganmancuso\"\n  octo_password = \"Magnolia7.Awaken.Equation\"\n}"}}
2024/08/01 08:17:41 did_open.go:56: opened module: /home/loganmancuso/Documents/Backups/os-init/secrets
2024/08/01 08:17:41 jobs.go:140: JOBS: Enqueueing new job "1": "OpTypeGetTerraformVersion" for {"file:///home/loganmancuso/Documents/Backups/os-init/secrets"} (IsDirOpen: true, IgnoreState: false)
2024/08/01 08:17:41 jobs.go:299: retrying on obj is nil
2024/08/01 08:17:41 jobs.go:299: retrying on obj is nil
2024/08/01 08:17:41 jobs.go:140: JOBS: Enqueueing new job "2": "OpTypeParseModuleConfiguration" for {"file:///home/loganmancuso/Documents/Backups/os-init/secrets"} (IsDirOpen: true, IgnoreState: true)
2024/08/01 08:17:41 jobs.go:299: retrying on obj is nil
2024/08/01 08:17:41 jobs.go:140: JOBS: Enqueueing new job "3": "OpTypeLoadModuleMetadata" for {"file:///home/loganmancuso/Documents/Backups/os-init/secrets"} (IsDirOpen: true, IgnoreState: true)
2024/08/01 08:17:41 jobs.go:299: retrying on obj is nil
2024/08/01 08:17:41 opts.go:215: Posting server call "client.refreshModuleProviders" 
2024/08/01 08:17:41 jobs.go:321: JOBS: Dispatching next job "1" (scheduler prio: 1, job prio: 0, isDirOpen: true): "OpTypeGetTerraformVersion" for {"file:///home/loganmancuso/Documents/Backups/os-init/secrets"}
2024/08/01 08:17:41 jobs.go:299: retrying on obj is nil
2024/08/01 08:17:41 jobs.go:140: JOBS: Enqueueing new job "4": "OpTypeGetModuleDataFromRegistry" for {"file:///home/loganmancuso/Documents/Backups/os-init/secrets"} (IsDirOpen: true, IgnoreState: false)
2024/08/01 08:17:41 jobs.go:299: retrying on obj is nil
2024/08/01 08:17:41 jobs.go:140: JOBS: Enqueueing new job "5": "OpTypeParseVariables" for {"file:///home/loganmancuso/Documents/Backups/os-init/secrets"} (IsDirOpen: true, IgnoreState: true)
2024/08/01 08:17:41 jobs.go:140: JOBS: Enqueueing new job "6": "OpTypeSchemaVarsValidation" for {"file:///home/loganmancuso/Documents/Backups/os-init/secrets"} (IsDirOpen: true, IgnoreState: true)
2024/08/01 08:17:41 jobs.go:140: JOBS: Enqueueing new job "7": "OpTypeDecodeVarsReferences" for {"file:///home/loganmancuso/Documents/Backups/os-init/secrets"} (IsDirOpen: true, IgnoreState: false)
2024/08/01 08:17:41 opts.go:215: Received response for callback "2"
2024/08/01 08:17:41 opts.go:215: Posting server call "client.refreshModuleCalls" 
2024/08/01 08:17:41 opts.go:215: Received request batch of size 1 (qlen=0)
2024/08/01 08:17:41 opts.go:215: Dequeued request batch of length 1 (qlen=0)
2024/08/01 08:17:41 opts.go:215: Received response for callback "3"
2024/08/01 08:17:41 opts.go:215: Posting server call "client.refreshTerraformVersion" 
2024/08/01 08:17:41 opts.go:215: Received request batch of size 1 (qlen=0)
2024/08/01 08:17:41 opts.go:215: Received request batch of size 1 (qlen=1)
2024/08/01 08:17:41 opts.go:215: Received request batch of size 1 (qlen=2)
2024/08/01 08:17:41 opts.go:215: Received request batch of size 1 (qlen=3)
2024/08/01 08:17:41 opts.go:215: Received request batch of size 1 (qlen=4)
2024/08/01 08:17:43 jobs.go:461: JOBS: Finishing job "1": "OpTypeGetTerraformVersion" for {"file:///home/loganmancuso/Documents/Backups/os-init/secrets"} (err = %!s(<nil>), deferredJobs: [])
2024/08/01 08:17:43 jobs.go:321: JOBS: Dispatching next job "2" (scheduler prio: 1, job prio: 0, isDirOpen: true): "OpTypeParseModuleConfiguration" for {"file:///home/loganmancuso/Documents/Backups/os-init/secrets"}
2024/08/01 08:17:43 jobs.go:461: JOBS: Finishing job "2": "OpTypeParseModuleConfiguration" for {"file:///home/loganmancuso/Documents/Backups/os-init/secrets"} (err = %!s(<nil>), deferredJobs: [])
2024/08/01 08:17:43 jobs.go:321: JOBS: Dispatching next job "3" (scheduler prio: 1, job prio: 0, isDirOpen: true): "OpTypeLoadModuleMetadata" for {"file:///home/loganmancuso/Documents/Backups/os-init/secrets"}
2024/08/01 08:17:43 module_calls.go:64: indexing declared module calls for "file:///home/loganmancuso/Documents/Backups/os-init/secrets": 0
2024/08/01 08:17:43 jobs.go:140: JOBS: Enqueueing new job "8": "OpTypePreloadEmbeddedSchema" for {"file:///home/loganmancuso/Documents/Backups/os-init/secrets"} (IsDirOpen: true, IgnoreState: true)
2024/08/01 08:17:43 jobs.go:140: JOBS: Enqueueing new job "9": "OpTypeSchemaModuleValidation" for {"file:///home/loganmancuso/Documents/Backups/os-init/secrets"} (IsDirOpen: true, IgnoreState: true)
2024/08/01 08:17:43 jobs.go:140: JOBS: Enqueueing new job "10": "OpTypeDecodeReferenceTargets" for {"file:///home/loganmancuso/Documents/Backups/os-init/secrets"} (IsDirOpen: true, IgnoreState: true)
2024/08/01 08:17:43 jobs.go:140: JOBS: Enqueueing new job "11": "OpTypeDecodeReferenceOrigins" for {"file:///home/loganmancuso/Documents/Backups/os-init/secrets"} (IsDirOpen: true, IgnoreState: true)
2024/08/01 08:17:43 jobs.go:140: JOBS: Enqueueing new job "12": "OpTypeReferenceValidation" for {"file:///home/loganmancuso/Documents/Backups/os-init/secrets"} (IsDirOpen: true, IgnoreState: true)
2024/08/01 08:17:43 jobs.go:461: JOBS: Finishing job "3": "OpTypeLoadModuleMetadata" for {"file:///home/loganmancuso/Documents/Backups/os-init/secrets"} (err = %!s(<nil>), deferredJobs: ["8" "10" "11"])
2024/08/01 08:17:43 jobs.go:299: retrying on obj is nil
2024/08/01 08:17:43 jobs.go:321: JOBS: Dispatching next job "5" (scheduler prio: 1, job prio: 0, isDirOpen: true): "OpTypeParseVariables" for {"file:///home/loganmancuso/Documents/Backups/os-init/secrets"}
2024/08/01 08:17:43 jobs.go:321: JOBS: Dispatching next job "4" (scheduler prio: -1, job prio: -1, isDirOpen: true): "OpTypeGetModuleDataFromRegistry" for {"file:///home/loganmancuso/Documents/Backups/os-init/secrets"}
2024/08/01 08:17:43 jobs.go:461: JOBS: Finishing job "4": "OpTypeGetModuleDataFromRegistry" for {"file:///home/loganmancuso/Documents/Backups/os-init/secrets"} (err = %!s(<nil>), deferredJobs: [])
2024/08/01 08:17:43 jobs.go:461: JOBS: Finishing job "5": "OpTypeParseVariables" for {"file:///home/loganmancuso/Documents/Backups/os-init/secrets"} (err = %!s(<nil>), deferredJobs: [])
2024/08/01 08:17:43 jobs.go:321: JOBS: Dispatching next job "6" (scheduler prio: 1, job prio: 0, isDirOpen: true): "OpTypeSchemaVarsValidation" for {"file:///home/loganmancuso/Documents/Backups/os-init/secrets"}
2024/08/01 08:17:43 jobs.go:299: retrying on obj is nil
2024/08/01 08:17:43 jobs.go:461: JOBS: Finishing job "6": "OpTypeSchemaVarsValidation" for {"file:///home/loganmancuso/Documents/Backups/os-init/secrets"} (err = %!s(<nil>), deferredJobs: [])
2024/08/01 08:17:43 jobs.go:299: retrying on obj is nil
2024/08/01 08:17:43 jobs.go:321: JOBS: Dispatching next job "7" (scheduler prio: 1, job prio: 0, isDirOpen: true): "OpTypeDecodeVarsReferences" for {"file:///home/loganmancuso/Documents/Backups/os-init/secrets"}
2024/08/01 08:17:43 jobs.go:299: retrying on obj is nil
2024/08/01 08:17:43 jobs.go:461: JOBS: Finishing job "7": "OpTypeDecodeVarsReferences" for {"file:///home/loganmancuso/Documents/Backups/os-init/secrets"} (err = %!s(<nil>), deferredJobs: [])
2024/08/01 08:17:43 jobs.go:299: retrying on obj is nil
2024/08/01 08:17:43 jobs.go:321: JOBS: Dispatching next job "8" (scheduler prio: 1, job prio: 0, isDirOpen: true): "OpTypePreloadEmbeddedSchema" for {"file:///home/loganmancuso/Documents/Backups/os-init/secrets"}
2024/08/01 08:17:43 jobs.go:299: retrying on obj is nil
2024/08/01 08:17:43 jobs.go:461: JOBS: Finishing job "8": "OpTypePreloadEmbeddedSchema" for {"file:///home/loganmancuso/Documents/Backups/os-init/secrets"} (err = %!s(<nil>), deferredJobs: [])
2024/08/01 08:17:43 jobs.go:299: retrying on obj is nil
2024/08/01 08:17:43 jobs.go:321: JOBS: Dispatching next job "10" (scheduler prio: 1, job prio: 0, isDirOpen: true): "OpTypeDecodeReferenceTargets" for {"file:///home/loganmancuso/Documents/Backups/os-init/secrets"}
2024/08/01 08:17:43 jobs.go:299: retrying on obj is nil
2024/08/01 08:17:43 jobs.go:461: JOBS: Finishing job "10": "OpTypeDecodeReferenceTargets" for {"file:///home/loganmancuso/Documents/Backups/os-init/secrets"} (err = %!s(<nil>), deferredJobs: [])
2024/08/01 08:17:43 jobs.go:299: retrying on obj is nil
2024/08/01 08:17:43 jobs.go:321: JOBS: Dispatching next job "11" (scheduler prio: 1, job prio: 0, isDirOpen: true): "OpTypeDecodeReferenceOrigins" for {"file:///home/loganmancuso/Documents/Backups/os-init/secrets"}
2024/08/01 08:17:43 jobs.go:299: retrying on obj is nil
2024/08/01 08:17:43 jobs.go:461: JOBS: Finishing job "11": "OpTypeDecodeReferenceOrigins" for {"file:///home/loganmancuso/Documents/Backups/os-init/secrets"} (err = %!s(<nil>), deferredJobs: [])
2024/08/01 08:17:43 opts.go:215: Dequeued request batch of length 1 (qlen=4)
2024/08/01 08:17:43 opts.go:215: Dequeued request batch of length 1 (qlen=3)
2024/08/01 08:17:43 jobs.go:299: retrying on obj is nil
2024/08/01 08:17:43 opts.go:215: Dequeued request batch of length 1 (qlen=2)
2024/08/01 08:17:43 jobs.go:321: JOBS: Dispatching next job "12" (scheduler prio: 1, job prio: 0, isDirOpen: true): "OpTypeReferenceValidation" for {"file:///home/loganmancuso/Documents/Backups/os-init/secrets"}
2024/08/01 08:17:43 rpc_logger.go:32: Incoming request for "textDocument/semanticTokens/full" (ID 3): {"textDocument":{"uri":"file:///home/loganmancuso/Documents/Backups/os-init/secrets/global_secrets.tfvars"}}
2024/08/01 08:17:43 rpc_logger.go:32: Incoming request for "textDocument/documentSymbol" (ID 1): {"textDocument":{"uri":"file:///home/loganmancuso/Documents/Backups/os-init/secrets/global_secrets.tfvars"}}
2024/08/01 08:17:43 rpc_logger.go:32: Incoming request for "textDocument/documentLink" (ID 4): {"textDocument":{"uri":"file:///home/loganmancuso/Documents/Backups/os-init/secrets/global_secrets.tfvars"}}
2024/08/01 08:17:43 rpc_logger.go:32: Incoming request for "workspace/executeCommand" (ID 2): {"command":"terraform-ls.module.terraform","arguments":["uri=file:///home/loganmancuso/Documents/Backups/os-init/secrets"]}
2024/08/01 08:17:43 opts.go:215: Dequeued request batch of length 1 (qlen=1)
2024/08/01 08:17:43 opts.go:215: Dequeued request batch of length 1 (qlen=0)
2024/08/01 08:17:43 rpc_logger.go:53: Response to "textDocument/semanticTokens/full" (ID 3): {"data":[]}
2024/08/01 08:17:43 opts.go:215: Completed 1 requests [471.476µs elapsed]
2024/08/01 08:17:43 rpc_logger.go:53: Response to "textDocument/documentLink" (ID 4): null
2024/08/01 08:17:43 rpc_logger.go:53: Response to "workspace/executeCommand" (ID 2): {"v":0,"discovered_version":"1.8.0"}
2024/08/01 08:17:43 opts.go:215: Completed 1 requests [461.626µs elapsed]
2024/08/01 08:17:43 opts.go:215: Completed 1 requests [594.373µs elapsed]
2024/08/01 08:17:43 rpc_logger.go:32: Incoming request for "textDocument/codeLens" (ID 5): {"textDocument":{"uri":"file:///home/loganmancuso/Documents/Backups/os-init/secrets/global_secrets.tfvars"}}
2024/08/01 08:17:43 rpc_logger.go:32: Incoming request for "textDocument/documentSymbol" (ID 6): {"textDocument":{"uri":"file:///home/loganmancuso/Documents/Backups/os-init/secrets/global_secrets.tfvars"}}
2024/08/01 08:17:43 rpc_logger.go:53: Response to "textDocument/codeLens" (ID 5): []
2024/08/01 08:17:43 opts.go:215: Completed 1 requests [661.568µs elapsed]
2024/08/01 08:17:43 rpc_logger.go:53: Response to "textDocument/documentSymbol" (ID 1): [{"name":"dns_names","kind":18,"range":{"start":{"line":7,"character":0},"end":{"line":11,"character":1}},"selectionRange":{"start":{"line":7,"character":0},"end":{"line":11,"character":1}},"children":[{"name":"0","kind":15,"range":{"start":{"line":8,"character":2},"end":{"line":8,"character":28}},"selectionRange":{"start":{"line":8,"character":2},"end":{"line":8,"character":28}}},{"name":"1","kind":15,"range":{"start":{"line":9,"character":2},"end":{"line":9,"character":30}},"selectionRange":{"start":{"line":9,"character":2},"end":{"line":9,"character":30}}},{"name":"2","kind":15,"range":{"start":{"line":10,"character":2},"end":{"line":10,"character":18}},"selectionRange":{"start":{"line":10,"character":2},"end":{"line":10,"character":18}}}]},{"name":"thoth","kind":23,"range":{"start":{"line":14,"character":0},"end":{"line":16,"character":1}},"selectionRange":{"start":{"line":14,"character":0},"end":{"line":16,"character":1}},"children":[{"name":"restic_password","kind":15,"range":{"start":{"line":15,"character":2},"end":{"line":15,"character":77}},"selectionRange":{"start":{"line":15,"character":2},"end":{"line":15,"character":77}}}]},{"name":"k8_postgres","kind":23,"range":{"start":{"line":18,"character":0},"end":{"line":21,"character":1}},"selectionRange":{"start":{"line":18,"character":0},"end":{"line":21,"character":1}},"children":[{"name":"username","kind":15,"range":{"start":{"line":19,"character":2},"end":{"line":19,"character":25}},"selectionRange":{"start":{"line":19,"character":2},"end":{"line":19,"character":25}}},{"name":"password","kind":15,"range":{"start":{"line":20,"character":2},"end":{"line":20,"character":45}},"selectionRange":{"start":{"line":20,"character":2},"end":{"line":20,"character":45}}}]},{"name":"ssh","kind":23,"range":{"start":{"line":24,"character":0},"end":{"line":27,"character":1}},"selectionRange":{"start":{"line":24,"character":0},"end":{"line":27,"character":1}},"children":[{"name":"key_private_path","kind":15,"range":{"start":{"line":25,"character":2},"end":{"line":25,"character":40}},"selectionRange":{"start":{"line":25,"character":2},"end":{"line":25,"character":40}}},{"name":"key_public","kind":15,"range":{"start":{"line":26,"character":2},"end":{"line":26,"character":124}},"selectionRange":{"start":{"line":26,"character":2},"end":{"line":26,"character":124}}}]},{"name":"proxmox","kind":23,"range":{"start":{"line":29,"character":0},"end":{"line":31,"character":1}},"selectionRange":{"start":{"line":29,"character":0},"end":{"line":31,"character":1}},"children":[{"name":"root_password","kind":15,"range":{"start":{"line":30,"character":2},"end":{"line":30,"character":55}},"selectionRange":{"start":{"line":30,"character":2},"end":{"line":30,"character":55}}}]},{"name":"smtp","kind":23,"range":{"start":{"line":33,"character":0},"end":{"line":38,"character":1}},"selectionRange":{"start":{"line":33,"character":0},"end":{"line":38,"character":1}},"children":[{"name":"host","kind":15,"range":{"start":{"line":34,"character":2},"end":{"line":34,"character":29}},"selectionRange":{"start":{"line":34,"character":2},"end":{"line":34,"character":29}}},{"name":"port","kind":15,"range":{"start":{"line":35,"character":2},"end":{"line":35,"character":18}},"selectionRange":{"start":{"line":35,"character":2},"end":{"line":35,"character":18}}},{"name":"username","kind":15,"range":{"start":{"line":36,"character":2},"end":{"line":36,"character":37}},"selectionRange":{"start":{"line":36,"character":2},"end":{"line":36,"character":37}}},{"name":"password","kind":15,"range":{"start":{"line":37,"character":2},"end":{"line":37,"character":31}},"selectionRange":{"start":{"line":37,"character":2},"end":{"line":37,"character":31}}}]},{"name":"user_operations","kind":23,"range":{"start":{"line":40,"character":0},"end":{"line":48,"character":1}},"selectionRange":{"start":{"line":40,"character":0},"end":{"line":48,"character":1}},"children":[{"name":"username","kind":15,"range":{"start":{"line":41,"character":2},"end":{"line":41,"character":29}},"selectionRange":{"start":{"line":41,"character":2},"end":{"line":41,"character":29}}},{"name":"password","kind":15,"range":{"start":{"line":42,"character":2},"end":{"line":42,"character":40}},"selectionRange":{"start":{"line":42,"character":2},"end":{"line":42,"character":40}}},{"name":"api_id","kind":15,"range":{"start":{"line":43,"character":2},"end":{"line":43,"character":36}},"selectionRange":{"start":{"line":43,"character":2},"end":{"line":43,"character":36}}},{"name":"api_key","kind":23,"range":{"start":{"line":44,"character":2},"end":{"line":47,"character":3}},"selectionRange":{"start":{"line":44,"character":2},"end":{"line":47,"character":3}},"children":[{"name":"dev","kind":15,"range":{"start":{"line":45,"character":4},"end":{"line":45,"character":49}},"selectionRange":{"start":{"line":45,"character":4},"end":{"line":45,"character":49}}},{"name":"prod","kind":15,"range":{"start":{"line":46,"character":4},"end":{"line":46,"character":49}},"selectionRange":{"start":{"line":46,"character":4},"end":{"line":46,"character":49}}}]}]},{"name":"instance","kind":23,"range":{"start":{"line":50,"character":0},"end":{"line":55,"character":1}},"selectionRange":{"start":{"line":50,"character":0},"end":{"line":55,"character":1}},"children":[{"name":"username","kind":15,"range":{"start":{"line":51,"character":2},"end":{"line":51,"character":35}},"selectionRange":{"start":{"line":51,"character":2},"end":{"line":51,"character":35}}},{"name":"password","kind":15,"range":{"start":{"line":52,"character":2},"end":{"line":52,"character":41}},"selectionRange":{"start":{"line":52,"character":2},"end":{"line":52,"character":41}}},{"name":"hashed_password","kind":15,"range":{"start":{"line":53,"character":2},"end":{"line":53,"character":128}},"selectionRange":{"start":{"line":53,"character":2},"end":{"line":53,"character":128}}},{"name":"salt","kind":15,"range":{"start":{"line":54,"character":2},"end":{"line":54,"character":38}},"selectionRange":{"start":{"line":54,"character":2},"end":{"line":54,"character":38}}}]},{"name":"nginx_proxymanager","kind":23,"range":{"start":{"line":58,"character":0},"end":{"line":62,"character":1}},"selectionRange":{"start":{"line":58,"character":0},"end":{"line":62,"character":1}},"children":[{"name":"db_root_password","kind":15,"range":{"start":{"line":59,"character":2},"end":{"line":59,"character":53}},"selectionRange":{"start":{"line":59,"character":2},"end":{"line":59,"character":53}}},{"name":"db_username","kind":15,"range":{"start":{"line":60,"character":2},"end":{"line":60,"character":39}},"selectionRange":{"start":{"line":60,"character":2},"end":{"line":60,"character":39}}},{"name":"db_password","kind":15,"range":{"start":{"line":61,"character":2},"end":{"line":61,"character":53}},"selectionRange":{"start":{"line":61,"character":2},"end":{"line":61,"character":53}}}]},{"name":"homeassistant","kind":23,"range":{"start":{"line":64,"character":0},"end":{"line":66,"character":1}},"selectionRange":{"start":{"line":64,"character":0},"end":{"line":66,"character":1}},"children":[{"name":"zwave_key","kind":15,"range":{"start":{"line":65,"character":2},"end":{"line":65,"character":51}},"selectionRange":{"start":{"line":65,"character":2},"end":{"line":65,"character":51}}}]},{"name":"nextcloud","kind":23,"range":{"start":{"line":68,"character":0},"end":{"line":73,"character":1}},"selectionRange":{"start":{"line":68,"character":0},"end":{"line":73,"character":1}},"children":[{"name":"admin_username","kind":15,"range":{"start":{"line":69,"character":2},"end":{"line":69,"character":33}},"selectionRange":{"start":{"line":69,"character":2},"end":{"line":69,"character":33}}},{"name":"admin_password","kind":15,"range":{"start":{"line":70,"character":2},"end":{"line":70,"character":53}},"selectionRange":{"start":{"line":70,"character":2},"end":{"line":70,"character":53}}},{"name":"db_username","kind":15,"range":{"start":{"line":71,"character":2},"end":{"line":71,"character":31}},"selectionRange":{"start":{"line":71,"character":2},"end":{"line":71,"character":31}}},{"name":"db_password","kind":15,"range":{"start":{"line":72,"character":2},"end":{"line":72,"character":51}},"selectionRange":{"start":{"line":72,"character":2},"end":{"line":72,"character":51}}}]},{"name":"octoprint","kind":23,"range":{"start":{"line":75,"character":0},"end":{"line":80,"character":1}},"selectionRange":{"start":{"line":75,"character":0},"end":{"line":80,"character":1}},"children":[{"name":"username","kind":15,"range":{"start":{"line":76,"character":2},"end":{"line":76,"character":29}},"selectionRange":{"start":{"line":76,"character":2},"end":{"line":76,"character":29}}},{"name":"password","kind":15,"range":{"start":{"line":77,"character":2},"end":{"line":77,"character":46}},"selectionRange":{"start":{"line":77,"character":2},"end":{"line":77,"character":46}}},{"name":"octo_user","kind":15,"range":{"start":{"line":78,"character":2},"end":{"line":78,"character":32}},"selectionRange":{"start":{"line":78,"character":2},"end":{"line":78,"character":32}}},{"name":"octo_password","kind":15,"range":{"start":{"line":79,"character":2},"end":{"line":79,"character":45}},"selectionRange":{"start":{"line":79,"character":2},"end":{"line":79,"character":45}}}]}]
2024/08/01 08:17:43 rpc_logger.go:53: Response to "textDocument/documentSymbol" (ID 6): [{"name":"dns_names","kind":18,"range":{"start":{"line":7,"character":0},"end":{"line":11,"character":1}},"selectionRange":{"start":{"line":7,"character":0},"end":{"line":11,"character":1}},"children":[{"name":"0","kind":15,"range":{"start":{"line":8,"character":2},"end":{"line":8,"character":28}},"selectionRange":{"start":{"line":8,"character":2},"end":{"line":8,"character":28}}},{"name":"1","kind":15,"range":{"start":{"line":9,"character":2},"end":{"line":9,"character":30}},"selectionRange":{"start":{"line":9,"character":2},"end":{"line":9,"character":30}}},{"name":"2","kind":15,"range":{"start":{"line":10,"character":2},"end":{"line":10,"character":18}},"selectionRange":{"start":{"line":10,"character":2},"end":{"line":10,"character":18}}}]},{"name":"thoth","kind":23,"range":{"start":{"line":14,"character":0},"end":{"line":16,"character":1}},"selectionRange":{"start":{"line":14,"character":0},"end":{"line":16,"character":1}},"children":[{"name":"restic_password","kind":15,"range":{"start":{"line":15,"character":2},"end":{"line":15,"character":77}},"selectionRange":{"start":{"line":15,"character":2},"end":{"line":15,"character":77}}}]},{"name":"k8_postgres","kind":23,"range":{"start":{"line":18,"character":0},"end":{"line":21,"character":1}},"selectionRange":{"start":{"line":18,"character":0},"end":{"line":21,"character":1}},"children":[{"name":"username","kind":15,"range":{"start":{"line":19,"character":2},"end":{"line":19,"character":25}},"selectionRange":{"start":{"line":19,"character":2},"end":{"line":19,"character":25}}},{"name":"password","kind":15,"range":{"start":{"line":20,"character":2},"end":{"line":20,"character":45}},"selectionRange":{"start":{"line":20,"character":2},"end":{"line":20,"character":45}}}]},{"name":"ssh","kind":23,"range":{"start":{"line":24,"character":0},"end":{"line":27,"character":1}},"selectionRange":{"start":{"line":24,"character":0},"end":{"line":27,"character":1}},"children":[{"name":"key_private_path","kind":15,"range":{"start":{"line":25,"character":2},"end":{"line":25,"character":40}},"selectionRange":{"start":{"line":25,"character":2},"end":{"line":25,"character":40}}},{"name":"key_public","kind":15,"range":{"start":{"line":26,"character":2},"end":{"line":26,"character":124}},"selectionRange":{"start":{"line":26,"character":2},"end":{"line":26,"character":124}}}]},{"name":"proxmox","kind":23,"range":{"start":{"line":29,"character":0},"end":{"line":31,"character":1}},"selectionRange":{"start":{"line":29,"character":0},"end":{"line":31,"character":1}},"children":[{"name":"root_password","kind":15,"range":{"start":{"line":30,"character":2},"end":{"line":30,"character":55}},"selectionRange":{"start":{"line":30,"character":2},"end":{"line":30,"character":55}}}]},{"name":"smtp","kind":23,"range":{"start":{"line":33,"character":0},"end":{"line":38,"character":1}},"selectionRange":{"start":{"line":33,"character":0},"end":{"line":38,"character":1}},"children":[{"name":"host","kind":15,"range":{"start":{"line":34,"character":2},"end":{"line":34,"character":29}},"selectionRange":{"start":{"line":34,"character":2},"end":{"line":34,"character":29}}},{"name":"port","kind":15,"range":{"start":{"line":35,"character":2},"end":{"line":35,"character":18}},"selectionRange":{"start":{"line":35,"character":2},"end":{"line":35,"character":18}}},{"name":"username","kind":15,"range":{"start":{"line":36,"character":2},"end":{"line":36,"character":37}},"selectionRange":{"start":{"line":36,"character":2},"end":{"line":36,"character":37}}},{"name":"password","kind":15,"range":{"start":{"line":37,"character":2},"end":{"line":37,"character":31}},"selectionRange":{"start":{"line":37,"character":2},"end":{"line":37,"character":31}}}]},{"name":"user_operations","kind":23,"range":{"start":{"line":40,"character":0},"end":{"line":48,"character":1}},"selectionRange":{"start":{"line":40,"character":0},"end":{"line":48,"character":1}},"children":[{"name":"username","kind":15,"range":{"start":{"line":41,"character":2},"end":{"line":41,"character":29}},"selectionRange":{"start":{"line":41,"character":2},"end":{"line":41,"character":29}}},{"name":"password","kind":15,"range":{"start":{"line":42,"character":2},"end":{"line":42,"character":40}},"selectionRange":{"start":{"line":42,"character":2},"end":{"line":42,"character":40}}},{"name":"api_id","kind":15,"range":{"start":{"line":43,"character":2},"end":{"line":43,"character":36}},"selectionRange":{"start":{"line":43,"character":2},"end":{"line":43,"character":36}}},{"name":"api_key","kind":23,"range":{"start":{"line":44,"character":2},"end":{"line":47,"character":3}},"selectionRange":{"start":{"line":44,"character":2},"end":{"line":47,"character":3}},"children":[{"name":"dev","kind":15,"range":{"start":{"line":45,"character":4},"end":{"line":45,"character":49}},"selectionRange":{"start":{"line":45,"character":4},"end":{"line":45,"character":49}}},{"name":"prod","kind":15,"range":{"start":{"line":46,"character":4},"end":{"line":46,"character":49}},"selectionRange":{"start":{"line":46,"character":4},"end":{"line":46,"character":49}}}]}]},{"name":"instance","kind":23,"range":{"start":{"line":50,"character":0},"end":{"line":55,"character":1}},"selectionRange":{"start":{"line":50,"character":0},"end":{"line":55,"character":1}},"children":[{"name":"username","kind":15,"range":{"start":{"line":51,"character":2},"end":{"line":51,"character":35}},"selectionRange":{"start":{"line":51,"character":2},"end":{"line":51,"character":35}}},{"name":"password","kind":15,"range":{"start":{"line":52,"character":2},"end":{"line":52,"character":41}},"selectionRange":{"start":{"line":52,"character":2},"end":{"line":52,"character":41}}},{"name":"hashed_password","kind":15,"range":{"start":{"line":53,"character":2},"end":{"line":53,"character":128}},"selectionRange":{"start":{"line":53,"character":2},"end":{"line":53,"character":128}}},{"name":"salt","kind":15,"range":{"start":{"line":54,"character":2},"end":{"line":54,"character":38}},"selectionRange":{"start":{"line":54,"character":2},"end":{"line":54,"character":38}}}]},{"name":"nginx_proxymanager","kind":23,"range":{"start":{"line":58,"character":0},"end":{"line":62,"character":1}},"selectionRange":{"start":{"line":58,"character":0},"end":{"line":62,"character":1}},"children":[{"name":"db_root_password","kind":15,"range":{"start":{"line":59,"character":2},"end":{"line":59,"character":53}},"selectionRange":{"start":{"line":59,"character":2},"end":{"line":59,"character":53}}},{"name":"db_username","kind":15,"range":{"start":{"line":60,"character":2},"end":{"line":60,"character":39}},"selectionRange":{"start":{"line":60,"character":2},"end":{"line":60,"character":39}}},{"name":"db_password","kind":15,"range":{"start":{"line":61,"character":2},"end":{"line":61,"character":53}},"selectionRange":{"start":{"line":61,"character":2},"end":{"line":61,"character":53}}}]},{"name":"homeassistant","kind":23,"range":{"start":{"line":64,"character":0},"end":{"line":66,"character":1}},"selectionRange":{"start":{"line":64,"character":0},"end":{"line":66,"character":1}},"children":[{"name":"zwave_key","kind":15,"range":{"start":{"line":65,"character":2},"end":{"line":65,"character":51}},"selectionRange":{"start":{"line":65,"character":2},"end":{"line":65,"character":51}}}]},{"name":"nextcloud","kind":23,"range":{"start":{"line":68,"character":0},"end":{"line":73,"character":1}},"selectionRange":{"start":{"line":68,"character":0},"end":{"line":73,"character":1}},"children":[{"name":"admin_username","kind":15,"range":{"start":{"line":69,"character":2},"end":{"line":69,"character":33}},"selectionRange":{"start":{"line":69,"character":2},"end":{"line":69,"character":33}}},{"name":"admin_password","kind":15,"range":{"start":{"line":70,"character":2},"end":{"line":70,"character":53}},"selectionRange":{"start":{"line":70,"character":2},"end":{"line":70,"character":53}}},{"name":"db_username","kind":15,"range":{"start":{"line":71,"character":2},"end":{"line":71,"character":31}},"selectionRange":{"start":{"line":71,"character":2},"end":{"line":71,"character":31}}},{"name":"db_password","kind":15,"range":{"start":{"line":72,"character":2},"end":{"line":72,"character":51}},"selectionRange":{"start":{"line":72,"character":2},"end":{"line":72,"character":51}}}]},{"name":"octoprint","kind":23,"range":{"start":{"line":75,"character":0},"end":{"line":80,"character":1}},"selectionRange":{"start":{"line":75,"character":0},"end":{"line":80,"character":1}},"children":[{"name":"username","kind":15,"range":{"start":{"line":76,"character":2},"end":{"line":76,"character":29}},"selectionRange":{"start":{"line":76,"character":2},"end":{"line":76,"character":29}}},{"name":"password","kind":15,"range":{"start":{"line":77,"character":2},"end":{"line":77,"character":46}},"selectionRange":{"start":{"line":77,"character":2},"end":{"line":77,"character":46}}},{"name":"octo_user","kind":15,"range":{"start":{"line":78,"character":2},"end":{"line":78,"character":32}},"selectionRange":{"start":{"line":78,"character":2},"end":{"line":78,"character":32}}},{"name":"octo_password","kind":15,"range":{"start":{"line":79,"character":2},"end":{"line":79,"character":45}},"selectionRange":{"start":{"line":79,"character":2},"end":{"line":79,"character":45}}}]}]
2024/08/01 08:17:43 opts.go:215: Completed 1 requests [2.506968124s elapsed]
2024/08/01 08:17:43 opts.go:215: Completed 1 requests [818.249µs elapsed]
2024/08/01 08:17:43 jobs.go:461: JOBS: Finishing job "12": "OpTypeReferenceValidation" for {"file:///home/loganmancuso/Documents/Backups/os-init/secrets"} (err = %!s(<nil>), deferredJobs: [])
2024/08/01 08:17:43 jobs.go:299: retrying on obj is nil
2024/08/01 08:17:43 jobs.go:321: JOBS: Dispatching next job "9" (scheduler prio: 1, job prio: 0, isDirOpen: true): "OpTypeSchemaModuleValidation" for {"file:///home/loganmancuso/Documents/Backups/os-init/secrets"}
2024/08/01 08:17:43 jobs.go:299: retrying on obj is nil
2024/08/01 08:17:43 jobs.go:461: JOBS: Finishing job "9": "OpTypeSchemaModuleValidation" for {"file:///home/loganmancuso/Documents/Backups/os-init/secrets"} (err = %!s(<nil>), deferredJobs: [])
2024/08/01 08:17:43 jobs.go:299: retrying on obj is nil
2024/08/01 08:17:43 opts.go:215: Received response for callback "4"
2024/08/01 08:17:43 opts.go:215: Posting server call "client.refreshModuleProviders" 
2024/08/01 08:17:43 opts.go:215: Received response for callback "5"
2024/08/01 08:17:43 opts.go:215: Posting server call "client.refreshModuleCalls" 
2024/08/01 08:17:43 opts.go:215: Received response for callback "6"
2024/08/01 08:17:43 opts.go:215: Posting server call "client.refreshTerraformVersion" 
2024/08/01 08:17:43 opts.go:215: Received request batch of size 1 (qlen=0)
2024/08/01 08:17:43 opts.go:215: Dequeued request batch of length 1 (qlen=0)
2024/08/01 08:17:43 rpc_logger.go:32: Incoming request for "workspace/executeCommand" (ID 7): {"command":"terraform-ls.module.terraform","arguments":["uri=file:///home/loganmancuso/Documents/Backups/os-init/secrets"]}
2024/08/01 08:17:43 rpc_logger.go:53: Response to "workspace/executeCommand" (ID 7): {"v":0,"discovered_version":"1.8.0"}
2024/08/01 08:17:43 opts.go:215: Completed 1 requests [253.324µs elapsed]
2024/08/01 08:17:43 opts.go:215: Received response for callback "7"
2024/08/01 08:17:43 opts.go:215: Posting server call "workspace/semanticTokens/refresh" 
2024/08/01 08:17:43 opts.go:215: Received response for callback "8"
2024/08/01 08:17:43 opts.go:215: Received request batch of size 1 (qlen=0)
2024/08/01 08:17:43 opts.go:215: Dequeued request batch of length 1 (qlen=0)
2024/08/01 08:17:43 rpc_logger.go:32: Incoming request for "textDocument/semanticTokens/full" (ID 8): {"textDocument":{"uri":"file:///home/loganmancuso/Documents/Backups/os-init/secrets/global_secrets.tfvars"}}
2024/08/01 08:17:43 rpc_logger.go:53: Response to "textDocument/semanticTokens/full" (ID 8): {"data":[]}
2024/08/01 08:17:43 opts.go:215: Completed 1 requests [384.739µs elapsed]
2024/08/01 08:17:47 opts.go:215: Received request batch of size 1 (qlen=0)
2024/08/01 08:17:47 opts.go:215: Dequeued request batch of length 1 (qlen=0)
2024/08/01 08:17:47 rpc_logger.go:32: Incoming notification for "textDocument/didClose": {"textDocument":{"uri":"file:///home/loganmancuso/Documents/Backups/os-init/secrets/global_secrets.tfvars"}}
2024/08/01 08:17:48 opts.go:215: Received request batch of size 1 (qlen=0)
2024/08/01 08:17:48 opts.go:215: Dequeued request batch of length 1 (qlen=0)
2024/08/01 08:17:48 rpc_logger.go:32: Incoming notification for "textDocument/didOpen": {"textDocument":{"uri":"file:///home/loganmancuso/Documents/Backups/os-init/secrets/global_secrets.tfvars","languageId":"terraform-vars","version":1,"text":"##############################################################################\n#\n# Author: Logan Mancuso\n# Created: 07.30.2023\n#\n##############################################################################\n\ndns_names = [\n  \"loganmancuso.duckdns.org\",\n  \"*.loganmancuso.duckdns.org\",\n  \"192.168.1.0/24\",\n]\n\n## Infra ##\nthoth = {\n  restic_password = \"Retail-Filled-Hastily1-Prancing-Alias-Catalog-Operation\"\n}\n\nk8_postgres = {\n  username = \"k8-pgadmin\"\n  password = \"5S6t8M5z4phQwE5FTBqL7VCVE4BUeJ\"\n}\n\n## Shared ##\nssh = {\n  key_private_path = \"~/.ssh/id_ed25519\"\n  key_public       = \"ssh-ed25519 AAAAC3NzaC1lZDI1NTE5AAAAINQj0vO0eNNKtED9at+T1h2Xj3K4sMHlyPoHx+ON+WLS mickeyacejr@live.com\"\n}\n\nproxmox = {\n  root_password = \"Stress-Slouchy6-Thicket-Clip-Pellet\"\n}\n\nsmtp = {\n  host     = \"smtp.gmail.com\"\n  port     = \"587\"\n  username = \"themickeyace@gmail.com\"\n  password = \"mineejgwvzumsfvg\"\n}\n\nuser_operations = {\n  username = \"operations@pve\"\n  password = \"Subfloor.Stammer7.Fanfare\"\n  api_id   = \"operations@pve!packer\"\n  api_key = {\n    dev  = \"e6693b44-491c-45e0-9fc0-1be6ad3d356f\"\n    prod = \"1238a26c-a21a-44a1-b7b0-bcb8ea654a14\"\n  }\n}\n\ninstance = {\n  username        = \"instance-user\"\n  password        = \"Dawn-Purge-Anagram9\"\n  hashed_password = \"$6$nMmxL7MEjATL8UQu$.PCEeLT/FaZWduEAE8QP5BS53VpXMfqtx8lLp9jhET.NPZiYoN9hF9G0Z4lVDD0vgLtie/TmP89KosGGCIEU91\"\n  salt            = \"nMmxL7MEjATL8UQu\"\n}\n\n## App ##\nnginx_proxymanager = {\n  db_root_password = \"KLSrcTtue98AGuV4gNHgJfUZkw8B5f\"\n  db_username      = \"nginx-mysqladmin\"\n  db_password      = \"CbXLjm9HS9JitFFgKbx2xcN52GE82H\"\n}\n\nhomeassistant = {\n  zwave_key = \"VX5teK87Zkj3LZxTs4XbW73tTgdLMS3PjwL\"\n}\n\nnextcloud = {\n  admin_username = \"loganmancuso\"\n  admin_password = \"Decibel4-Feline-Shrank-Stabilize\"\n  db_username    = \"nc-pgadmin\"\n  db_password    = \"tu4gk7dsvuLgf7R5dHiMyJVdUpVr48\"\n}\n\noctoprint = {\n  username      = \"octo-user\"\n  password      = \"Unluckily-Dense3-Barracuda\"\n  octo_user     = \"loganmancuso\"\n  octo_password = \"Magnolia7.Awaken.Equation\"\n}"}}
2024/08/01 08:17:48 did_open.go:56: opened module: /home/loganmancuso/Documents/Backups/os-init/secrets
2024/08/01 08:17:48 jobs.go:140: JOBS: Enqueueing new job "13": "OpTypeParseModuleConfiguration" for {"file:///home/loganmancuso/Documents/Backups/os-init/secrets"} (IsDirOpen: true, IgnoreState: true)
2024/08/01 08:17:48 jobs.go:299: retrying on obj is nil
2024/08/01 08:17:48 jobs.go:140: JOBS: Enqueueing new job "14": "OpTypeLoadModuleMetadata" for {"file:///home/loganmancuso/Documents/Backups/os-init/secrets"} (IsDirOpen: true, IgnoreState: true)
2024/08/01 08:17:48 jobs.go:299: retrying on obj is nil
2024/08/01 08:17:48 jobs.go:299: retrying on obj is nil
2024/08/01 08:17:48 jobs.go:140: JOBS: Enqueueing new job "15": "OpTypeGetModuleDataFromRegistry" for {"file:///home/loganmancuso/Documents/Backups/os-init/secrets"} (IsDirOpen: true, IgnoreState: false)
2024/08/01 08:17:48 jobs.go:299: retrying on obj is nil
2024/08/01 08:17:48 jobs.go:140: JOBS: Enqueueing new job "16": "OpTypeParseVariables" for {"file:///home/loganmancuso/Documents/Backups/os-init/secrets"} (IsDirOpen: true, IgnoreState: true)
2024/08/01 08:17:48 jobs.go:140: JOBS: Enqueueing new job "17": "OpTypeSchemaVarsValidation" for {"file:///home/loganmancuso/Documents/Backups/os-init/secrets"} (IsDirOpen: true, IgnoreState: true)
2024/08/01 08:17:48 jobs.go:140: JOBS: Enqueueing new job "18": "OpTypeDecodeVarsReferences" for {"file:///home/loganmancuso/Documents/Backups/os-init/secrets"} (IsDirOpen: true, IgnoreState: false)
2024/08/01 08:17:48 jobs.go:321: JOBS: Dispatching next job "13" (scheduler prio: 1, job prio: 0, isDirOpen: true): "OpTypeParseModuleConfiguration" for {"file:///home/loganmancuso/Documents/Backups/os-init/secrets"}
2024/08/01 08:17:48 jobs.go:461: JOBS: Finishing job "13": "OpTypeParseModuleConfiguration" for {"file:///home/loganmancuso/Documents/Backups/os-init/secrets"} (err = %!s(<nil>), deferredJobs: [])
2024/08/01 08:17:48 jobs.go:321: JOBS: Dispatching next job "14" (scheduler prio: 1, job prio: 0, isDirOpen: true): "OpTypeLoadModuleMetadata" for {"file:///home/loganmancuso/Documents/Backups/os-init/secrets"}
2024/08/01 08:17:48 module_calls.go:64: indexing declared module calls for "file:///home/loganmancuso/Documents/Backups/os-init/secrets": 0
2024/08/01 08:17:48 jobs.go:140: JOBS: Enqueueing new job "19": "OpTypePreloadEmbeddedSchema" for {"file:///home/loganmancuso/Documents/Backups/os-init/secrets"} (IsDirOpen: true, IgnoreState: true)
2024/08/01 08:17:48 jobs.go:140: JOBS: Enqueueing new job "20": "OpTypeSchemaModuleValidation" for {"file:///home/loganmancuso/Documents/Backups/os-init/secrets"} (IsDirOpen: true, IgnoreState: true)
2024/08/01 08:17:48 jobs.go:140: JOBS: Enqueueing new job "21": "OpTypeDecodeReferenceTargets" for {"file:///home/loganmancuso/Documents/Backups/os-init/secrets"} (IsDirOpen: true, IgnoreState: true)
2024/08/01 08:17:48 jobs.go:140: JOBS: Enqueueing new job "22": "OpTypeDecodeReferenceOrigins" for {"file:///home/loganmancuso/Documents/Backups/os-init/secrets"} (IsDirOpen: true, IgnoreState: true)
2024/08/01 08:17:48 jobs.go:140: JOBS: Enqueueing new job "23": "OpTypeReferenceValidation" for {"file:///home/loganmancuso/Documents/Backups/os-init/secrets"} (IsDirOpen: true, IgnoreState: true)
2024/08/01 08:17:48 jobs.go:461: JOBS: Finishing job "14": "OpTypeLoadModuleMetadata" for {"file:///home/loganmancuso/Documents/Backups/os-init/secrets"} (err = %!s(<nil>), deferredJobs: ["19" "21" "22"])
2024/08/01 08:17:48 jobs.go:299: retrying on obj is nil
2024/08/01 08:17:48 jobs.go:321: JOBS: Dispatching next job "16" (scheduler prio: 1, job prio: 0, isDirOpen: true): "OpTypeParseVariables" for {"file:///home/loganmancuso/Documents/Backups/os-init/secrets"}
2024/08/01 08:17:48 jobs.go:321: JOBS: Dispatching next job "15" (scheduler prio: -1, job prio: -1, isDirOpen: true): "OpTypeGetModuleDataFromRegistry" for {"file:///home/loganmancuso/Documents/Backups/os-init/secrets"}
2024/08/01 08:17:48 jobs.go:461: JOBS: Finishing job "15": "OpTypeGetModuleDataFromRegistry" for {"file:///home/loganmancuso/Documents/Backups/os-init/secrets"} (err = %!s(<nil>), deferredJobs: [])
2024/08/01 08:17:48 jobs.go:461: JOBS: Finishing job "16": "OpTypeParseVariables" for {"file:///home/loganmancuso/Documents/Backups/os-init/secrets"} (err = %!s(<nil>), deferredJobs: [])
2024/08/01 08:17:48 jobs.go:299: retrying on obj is nil
2024/08/01 08:17:48 jobs.go:321: JOBS: Dispatching next job "17" (scheduler prio: 1, job prio: 0, isDirOpen: true): "OpTypeSchemaVarsValidation" for {"file:///home/loganmancuso/Documents/Backups/os-init/secrets"}
2024/08/01 08:17:48 jobs.go:299: retrying on obj is nil
2024/08/01 08:17:48 jobs.go:461: JOBS: Finishing job "17": "OpTypeSchemaVarsValidation" for {"file:///home/loganmancuso/Documents/Backups/os-init/secrets"} (err = %!s(<nil>), deferredJobs: [])
2024/08/01 08:17:48 jobs.go:299: retrying on obj is nil
2024/08/01 08:17:48 jobs.go:321: JOBS: Dispatching next job "18" (scheduler prio: 1, job prio: 0, isDirOpen: true): "OpTypeDecodeVarsReferences" for {"file:///home/loganmancuso/Documents/Backups/os-init/secrets"}
2024/08/01 08:17:48 jobs.go:299: retrying on obj is nil
2024/08/01 08:17:48 jobs.go:461: JOBS: Finishing job "18": "OpTypeDecodeVarsReferences" for {"file:///home/loganmancuso/Documents/Backups/os-init/secrets"} (err = file:///home/loganmancuso/Documents/Backups/os-init/secrets: state not changed, deferredJobs: [])
2024/08/01 08:17:48 jobs.go:299: retrying on obj is nil
2024/08/01 08:17:48 jobs.go:321: JOBS: Dispatching next job "19" (scheduler prio: 1, job prio: 0, isDirOpen: true): "OpTypePreloadEmbeddedSchema" for {"file:///home/loganmancuso/Documents/Backups/os-init/secrets"}
2024/08/01 08:17:48 jobs.go:299: retrying on obj is nil
2024/08/01 08:17:48 jobs.go:461: JOBS: Finishing job "19": "OpTypePreloadEmbeddedSchema" for {"file:///home/loganmancuso/Documents/Backups/os-init/secrets"} (err = %!s(<nil>), deferredJobs: [])
2024/08/01 08:17:48 jobs.go:299: retrying on obj is nil
2024/08/01 08:17:48 jobs.go:321: JOBS: Dispatching next job "20" (scheduler prio: 1, job prio: 0, isDirOpen: true): "OpTypeSchemaModuleValidation" for {"file:///home/loganmancuso/Documents/Backups/os-init/secrets"}
2024/08/01 08:17:48 jobs.go:299: retrying on obj is nil
2024/08/01 08:17:48 opts.go:215: Received request batch of size 1 (qlen=0)
2024/08/01 08:17:48 opts.go:215: Dequeued request batch of length 1 (qlen=0)
2024/08/01 08:17:48 jobs.go:461: JOBS: Finishing job "20": "OpTypeSchemaModuleValidation" for {"file:///home/loganmancuso/Documents/Backups/os-init/secrets"} (err = %!s(<nil>), deferredJobs: [])
2024/08/01 08:17:48 jobs.go:299: retrying on obj is nil
2024/08/01 08:17:48 jobs.go:321: JOBS: Dispatching next job "21" (scheduler prio: 1, job prio: 0, isDirOpen: true): "OpTypeDecodeReferenceTargets" for {"file:///home/loganmancuso/Documents/Backups/os-init/secrets"}
2024/08/01 08:17:48 jobs.go:299: retrying on obj is nil
2024/08/01 08:17:48 jobs.go:461: JOBS: Finishing job "21": "OpTypeDecodeReferenceTargets" for {"file:///home/loganmancuso/Documents/Backups/os-init/secrets"} (err = %!s(<nil>), deferredJobs: [])
2024/08/01 08:17:48 jobs.go:299: retrying on obj is nil
2024/08/01 08:17:48 jobs.go:299: retrying on obj is nil
2024/08/01 08:17:48 jobs.go:321: JOBS: Dispatching next job "22" (scheduler prio: 1, job prio: 0, isDirOpen: true): "OpTypeDecodeReferenceOrigins" for {"file:///home/loganmancuso/Documents/Backups/os-init/secrets"}
2024/08/01 08:17:48 jobs.go:461: JOBS: Finishing job "22": "OpTypeDecodeReferenceOrigins" for {"file:///home/loganmancuso/Documents/Backups/os-init/secrets"} (err = %!s(<nil>), deferredJobs: [])
2024/08/01 08:17:48 jobs.go:299: retrying on obj is nil
2024/08/01 08:17:48 jobs.go:321: JOBS: Dispatching next job "23" (scheduler prio: 1, job prio: 0, isDirOpen: true): "OpTypeReferenceValidation" for {"file:///home/loganmancuso/Documents/Backups/os-init/secrets"}
2024/08/01 08:17:48 jobs.go:299: retrying on obj is nil
2024/08/01 08:17:48 rpc_logger.go:32: Incoming request for "textDocument/documentSymbol" (ID 9): {"textDocument":{"uri":"file:///home/loganmancuso/Documents/Backups/os-init/secrets/global_secrets.tfvars"}}
2024/08/01 08:17:48 rpc_logger.go:53: Response to "textDocument/documentSymbol" (ID 9): [{"name":"dns_names","kind":18,"range":{"start":{"line":7,"character":0},"end":{"line":11,"character":1}},"selectionRange":{"start":{"line":7,"character":0},"end":{"line":11,"character":1}},"children":[{"name":"0","kind":15,"range":{"start":{"line":8,"character":2},"end":{"line":8,"character":28}},"selectionRange":{"start":{"line":8,"character":2},"end":{"line":8,"character":28}}},{"name":"1","kind":15,"range":{"start":{"line":9,"character":2},"end":{"line":9,"character":30}},"selectionRange":{"start":{"line":9,"character":2},"end":{"line":9,"character":30}}},{"name":"2","kind":15,"range":{"start":{"line":10,"character":2},"end":{"line":10,"character":18}},"selectionRange":{"start":{"line":10,"character":2},"end":{"line":10,"character":18}}}]},{"name":"thoth","kind":23,"range":{"start":{"line":14,"character":0},"end":{"line":16,"character":1}},"selectionRange":{"start":{"line":14,"character":0},"end":{"line":16,"character":1}},"children":[{"name":"restic_password","kind":15,"range":{"start":{"line":15,"character":2},"end":{"line":15,"character":77}},"selectionRange":{"start":{"line":15,"character":2},"end":{"line":15,"character":77}}}]},{"name":"k8_postgres","kind":23,"range":{"start":{"line":18,"character":0},"end":{"line":21,"character":1}},"selectionRange":{"start":{"line":18,"character":0},"end":{"line":21,"character":1}},"children":[{"name":"username","kind":15,"range":{"start":{"line":19,"character":2},"end":{"line":19,"character":25}},"selectionRange":{"start":{"line":19,"character":2},"end":{"line":19,"character":25}}},{"name":"password","kind":15,"range":{"start":{"line":20,"character":2},"end":{"line":20,"character":45}},"selectionRange":{"start":{"line":20,"character":2},"end":{"line":20,"character":45}}}]},{"name":"ssh","kind":23,"range":{"start":{"line":24,"character":0},"end":{"line":27,"character":1}},"selectionRange":{"start":{"line":24,"character":0},"end":{"line":27,"character":1}},"children":[{"name":"key_private_path","kind":15,"range":{"start":{"line":25,"character":2},"end":{"line":25,"character":40}},"selectionRange":{"start":{"line":25,"character":2},"end":{"line":25,"character":40}}},{"name":"key_public","kind":15,"range":{"start":{"line":26,"character":2},"end":{"line":26,"character":124}},"selectionRange":{"start":{"line":26,"character":2},"end":{"line":26,"character":124}}}]},{"name":"proxmox","kind":23,"range":{"start":{"line":29,"character":0},"end":{"line":31,"character":1}},"selectionRange":{"start":{"line":29,"character":0},"end":{"line":31,"character":1}},"children":[{"name":"root_password","kind":15,"range":{"start":{"line":30,"character":2},"end":{"line":30,"character":55}},"selectionRange":{"start":{"line":30,"character":2},"end":{"line":30,"character":55}}}]},{"name":"smtp","kind":23,"range":{"start":{"line":33,"character":0},"end":{"line":38,"character":1}},"selectionRange":{"start":{"line":33,"character":0},"end":{"line":38,"character":1}},"children":[{"name":"host","kind":15,"range":{"start":{"line":34,"character":2},"end":{"line":34,"character":29}},"selectionRange":{"start":{"line":34,"character":2},"end":{"line":34,"character":29}}},{"name":"port","kind":15,"range":{"start":{"line":35,"character":2},"end":{"line":35,"character":18}},"selectionRange":{"start":{"line":35,"character":2},"end":{"line":35,"character":18}}},{"name":"username","kind":15,"range":{"start":{"line":36,"character":2},"end":{"line":36,"character":37}},"selectionRange":{"start":{"line":36,"character":2},"end":{"line":36,"character":37}}},{"name":"password","kind":15,"range":{"start":{"line":37,"character":2},"end":{"line":37,"character":31}},"selectionRange":{"start":{"line":37,"character":2},"end":{"line":37,"character":31}}}]},{"name":"user_operations","kind":23,"range":{"start":{"line":40,"character":0},"end":{"line":48,"character":1}},"selectionRange":{"start":{"line":40,"character":0},"end":{"line":48,"character":1}},"children":[{"name":"username","kind":15,"range":{"start":{"line":41,"character":2},"end":{"line":41,"character":29}},"selectionRange":{"start":{"line":41,"character":2},"end":{"line":41,"character":29}}},{"name":"password","kind":15,"range":{"start":{"line":42,"character":2},"end":{"line":42,"character":40}},"selectionRange":{"start":{"line":42,"character":2},"end":{"line":42,"character":40}}},{"name":"api_id","kind":15,"range":{"start":{"line":43,"character":2},"end":{"line":43,"character":36}},"selectionRange":{"start":{"line":43,"character":2},"end":{"line":43,"character":36}}},{"name":"api_key","kind":23,"range":{"start":{"line":44,"character":2},"end":{"line":47,"character":3}},"selectionRange":{"start":{"line":44,"character":2},"end":{"line":47,"character":3}},"children":[{"name":"dev","kind":15,"range":{"start":{"line":45,"character":4},"end":{"line":45,"character":49}},"selectionRange":{"start":{"line":45,"character":4},"end":{"line":45,"character":49}}},{"name":"prod","kind":15,"range":{"start":{"line":46,"character":4},"end":{"line":46,"character":49}},"selectionRange":{"start":{"line":46,"character":4},"end":{"line":46,"character":49}}}]}]},{"name":"instance","kind":23,"range":{"start":{"line":50,"character":0},"end":{"line":55,"character":1}},"selectionRange":{"start":{"line":50,"character":0},"end":{"line":55,"character":1}},"children":[{"name":"username","kind":15,"range":{"start":{"line":51,"character":2},"end":{"line":51,"character":35}},"selectionRange":{"start":{"line":51,"character":2},"end":{"line":51,"character":35}}},{"name":"password","kind":15,"range":{"start":{"line":52,"character":2},"end":{"line":52,"character":41}},"selectionRange":{"start":{"line":52,"character":2},"end":{"line":52,"character":41}}},{"name":"hashed_password","kind":15,"range":{"start":{"line":53,"character":2},"end":{"line":53,"character":128}},"selectionRange":{"start":{"line":53,"character":2},"end":{"line":53,"character":128}}},{"name":"salt","kind":15,"range":{"start":{"line":54,"character":2},"end":{"line":54,"character":38}},"selectionRange":{"start":{"line":54,"character":2},"end":{"line":54,"character":38}}}]},{"name":"nginx_proxymanager","kind":23,"range":{"start":{"line":58,"character":0},"end":{"line":62,"character":1}},"selectionRange":{"start":{"line":58,"character":0},"end":{"line":62,"character":1}},"children":[{"name":"db_root_password","kind":15,"range":{"start":{"line":59,"character":2},"end":{"line":59,"character":53}},"selectionRange":{"start":{"line":59,"character":2},"end":{"line":59,"character":53}}},{"name":"db_username","kind":15,"range":{"start":{"line":60,"character":2},"end":{"line":60,"character":39}},"selectionRange":{"start":{"line":60,"character":2},"end":{"line":60,"character":39}}},{"name":"db_password","kind":15,"range":{"start":{"line":61,"character":2},"end":{"line":61,"character":53}},"selectionRange":{"start":{"line":61,"character":2},"end":{"line":61,"character":53}}}]},{"name":"homeassistant","kind":23,"range":{"start":{"line":64,"character":0},"end":{"line":66,"character":1}},"selectionRange":{"start":{"line":64,"character":0},"end":{"line":66,"character":1}},"children":[{"name":"zwave_key","kind":15,"range":{"start":{"line":65,"character":2},"end":{"line":65,"character":51}},"selectionRange":{"start":{"line":65,"character":2},"end":{"line":65,"character":51}}}]},{"name":"nextcloud","kind":23,"range":{"start":{"line":68,"character":0},"end":{"line":73,"character":1}},"selectionRange":{"start":{"line":68,"character":0},"end":{"line":73,"character":1}},"children":[{"name":"admin_username","kind":15,"range":{"start":{"line":69,"character":2},"end":{"line":69,"character":33}},"selectionRange":{"start":{"line":69,"character":2},"end":{"line":69,"character":33}}},{"name":"admin_password","kind":15,"range":{"start":{"line":70,"character":2},"end":{"line":70,"character":53}},"selectionRange":{"start":{"line":70,"character":2},"end":{"line":70,"character":53}}},{"name":"db_username","kind":15,"range":{"start":{"line":71,"character":2},"end":{"line":71,"character":31}},"selectionRange":{"start":{"line":71,"character":2},"end":{"line":71,"character":31}}},{"name":"db_password","kind":15,"range":{"start":{"line":72,"character":2},"end":{"line":72,"character":51}},"selectionRange":{"start":{"line":72,"character":2},"end":{"line":72,"character":51}}}]},{"name":"octoprint","kind":23,"range":{"start":{"line":75,"character":0},"end":{"line":80,"character":1}},"selectionRange":{"start":{"line":75,"character":0},"end":{"line":80,"character":1}},"children":[{"name":"username","kind":15,"range":{"start":{"line":76,"character":2},"end":{"line":76,"character":29}},"selectionRange":{"start":{"line":76,"character":2},"end":{"line":76,"character":29}}},{"name":"password","kind":15,"range":{"start":{"line":77,"character":2},"end":{"line":77,"character":46}},"selectionRange":{"start":{"line":77,"character":2},"end":{"line":77,"character":46}}},{"name":"octo_user","kind":15,"range":{"start":{"line":78,"character":2},"end":{"line":78,"character":32}},"selectionRange":{"start":{"line":78,"character":2},"end":{"line":78,"character":32}}},{"name":"octo_password","kind":15,"range":{"start":{"line":79,"character":2},"end":{"line":79,"character":45}},"selectionRange":{"start":{"line":79,"character":2},"end":{"line":79,"character":45}}}]}]
2024/08/01 08:17:48 opts.go:215: Completed 1 requests [7.818284ms elapsed]
2024/08/01 08:17:48 jobs.go:461: JOBS: Finishing job "23": "OpTypeReferenceValidation" for {"file:///home/loganmancuso/Documents/Backups/os-init/secrets"} (err = %!s(<nil>), deferredJobs: [])
2024/08/01 08:17:48 jobs.go:299: retrying on obj is nil
2024/08/01 08:17:48 opts.go:215: Posting server call "client.refreshModuleProviders" 
2024/08/01 08:17:48 opts.go:215: Received response for callback "9"
2024/08/01 08:17:48 opts.go:215: Posting server call "client.refreshModuleCalls" 
2024/08/01 08:17:48 opts.go:215: Received response for callback "10"
2024/08/01 08:17:48 opts.go:215: Posting server call "client.refreshTerraformVersion" 
2024/08/01 08:17:48 opts.go:215: Received request batch of size 1 (qlen=0)
2024/08/01 08:17:48 opts.go:215: Dequeued request batch of length 1 (qlen=0)
2024/08/01 08:17:48 rpc_logger.go:32: Incoming request for "workspace/executeCommand" (ID 10): {"command":"terraform-ls.module.terraform","arguments":["uri=file:///home/loganmancuso/Documents/Backups/os-init/secrets"]}
2024/08/01 08:17:48 rpc_logger.go:53: Response to "workspace/executeCommand" (ID 10): {"v":0,"discovered_version":"1.8.0"}
2024/08/01 08:17:48 opts.go:215: Completed 1 requests [160.877µs elapsed]
2024/08/01 08:17:48 opts.go:215: Received response for callback "11"
2024/08/01 08:17:48 opts.go:215: Received request batch of size 1 (qlen=0)
2024/08/01 08:17:48 opts.go:215: Dequeued request batch of length 1 (qlen=0)
2024/08/01 08:17:48 rpc_logger.go:32: Incoming request for "textDocument/semanticTokens/full" (ID 11): {"textDocument":{"uri":"file:///home/loganmancuso/Documents/Backups/os-init/secrets/global_secrets.tfvars"}}
2024/08/01 08:17:48 rpc_logger.go:53: Response to "textDocument/semanticTokens/full" (ID 11): {"data":[]}
2024/08/01 08:17:48 opts.go:215: Completed 1 requests [291.601µs elapsed]
2024/08/01 08:17:48 opts.go:215: Received request batch of size 1 (qlen=0)
2024/08/01 08:17:48 opts.go:215: Dequeued request batch of length 1 (qlen=0)
2024/08/01 08:17:48 rpc_logger.go:32: Incoming request for "textDocument/documentLink" (ID 12): {"textDocument":{"uri":"file:///home/loganmancuso/Documents/Backups/os-init/secrets/global_secrets.tfvars"}}
2024/08/01 08:17:48 rpc_logger.go:53: Response to "textDocument/documentLink" (ID 12): null
2024/08/01 08:17:48 opts.go:215: Completed 1 requests [214.825µs elapsed]
2024/08/01 08:17:48 opts.go:215: Received request batch of size 1 (qlen=0)
2024/08/01 08:17:48 opts.go:215: Dequeued request batch of length 1 (qlen=0)
2024/08/01 08:17:48 rpc_logger.go:32: Incoming request for "textDocument/codeLens" (ID 13): {"textDocument":{"uri":"file:///home/loganmancuso/Documents/Backups/os-init/secrets/global_secrets.tfvars"}}
2024/08/01 08:17:48 rpc_logger.go:53: Response to "textDocument/codeLens" (ID 13): []
2024/08/01 08:17:48 opts.go:215: Completed 1 requests [116.407µs elapsed]
2024/08/01 08:17:48 opts.go:215: Received request batch of size 1 (qlen=0)
2024/08/01 08:17:48 opts.go:215: Dequeued request batch of length 1 (qlen=0)
2024/08/01 08:17:48 rpc_logger.go:32: Incoming request for "textDocument/documentSymbol" (ID 14): {"textDocument":{"uri":"file:///home/loganmancuso/Documents/Backups/os-init/secrets/global_secrets.tfvars"}}
2024/08/01 08:17:48 rpc_logger.go:53: Response to "textDocument/documentSymbol" (ID 14): [{"name":"dns_names","kind":18,"range":{"start":{"line":7,"character":0},"end":{"line":11,"character":1}},"selectionRange":{"start":{"line":7,"character":0},"end":{"line":11,"character":1}},"children":[{"name":"0","kind":15,"range":{"start":{"line":8,"character":2},"end":{"line":8,"character":28}},"selectionRange":{"start":{"line":8,"character":2},"end":{"line":8,"character":28}}},{"name":"1","kind":15,"range":{"start":{"line":9,"character":2},"end":{"line":9,"character":30}},"selectionRange":{"start":{"line":9,"character":2},"end":{"line":9,"character":30}}},{"name":"2","kind":15,"range":{"start":{"line":10,"character":2},"end":{"line":10,"character":18}},"selectionRange":{"start":{"line":10,"character":2},"end":{"line":10,"character":18}}}]},{"name":"thoth","kind":23,"range":{"start":{"line":14,"character":0},"end":{"line":16,"character":1}},"selectionRange":{"start":{"line":14,"character":0},"end":{"line":16,"character":1}},"children":[{"name":"restic_password","kind":15,"range":{"start":{"line":15,"character":2},"end":{"line":15,"character":77}},"selectionRange":{"start":{"line":15,"character":2},"end":{"line":15,"character":77}}}]},{"name":"k8_postgres","kind":23,"range":{"start":{"line":18,"character":0},"end":{"line":21,"character":1}},"selectionRange":{"start":{"line":18,"character":0},"end":{"line":21,"character":1}},"children":[{"name":"username","kind":15,"range":{"start":{"line":19,"character":2},"end":{"line":19,"character":25}},"selectionRange":{"start":{"line":19,"character":2},"end":{"line":19,"character":25}}},{"name":"password","kind":15,"range":{"start":{"line":20,"character":2},"end":{"line":20,"character":45}},"selectionRange":{"start":{"line":20,"character":2},"end":{"line":20,"character":45}}}]},{"name":"ssh","kind":23,"range":{"start":{"line":24,"character":0},"end":{"line":27,"character":1}},"selectionRange":{"start":{"line":24,"character":0},"end":{"line":27,"character":1}},"children":[{"name":"key_private_path","kind":15,"range":{"start":{"line":25,"character":2},"end":{"line":25,"character":40}},"selectionRange":{"start":{"line":25,"character":2},"end":{"line":25,"character":40}}},{"name":"key_public","kind":15,"range":{"start":{"line":26,"character":2},"end":{"line":26,"character":124}},"selectionRange":{"start":{"line":26,"character":2},"end":{"line":26,"character":124}}}]},{"name":"proxmox","kind":23,"range":{"start":{"line":29,"character":0},"end":{"line":31,"character":1}},"selectionRange":{"start":{"line":29,"character":0},"end":{"line":31,"character":1}},"children":[{"name":"root_password","kind":15,"range":{"start":{"line":30,"character":2},"end":{"line":30,"character":55}},"selectionRange":{"start":{"line":30,"character":2},"end":{"line":30,"character":55}}}]},{"name":"smtp","kind":23,"range":{"start":{"line":33,"character":0},"end":{"line":38,"character":1}},"selectionRange":{"start":{"line":33,"character":0},"end":{"line":38,"character":1}},"children":[{"name":"host","kind":15,"range":{"start":{"line":34,"character":2},"end":{"line":34,"character":29}},"selectionRange":{"start":{"line":34,"character":2},"end":{"line":34,"character":29}}},{"name":"port","kind":15,"range":{"start":{"line":35,"character":2},"end":{"line":35,"character":18}},"selectionRange":{"start":{"line":35,"character":2},"end":{"line":35,"character":18}}},{"name":"username","kind":15,"range":{"start":{"line":36,"character":2},"end":{"line":36,"character":37}},"selectionRange":{"start":{"line":36,"character":2},"end":{"line":36,"character":37}}},{"name":"password","kind":15,"range":{"start":{"line":37,"character":2},"end":{"line":37,"character":31}},"selectionRange":{"start":{"line":37,"character":2},"end":{"line":37,"character":31}}}]},{"name":"user_operations","kind":23,"range":{"start":{"line":40,"character":0},"end":{"line":48,"character":1}},"selectionRange":{"start":{"line":40,"character":0},"end":{"line":48,"character":1}},"children":[{"name":"username","kind":15,"range":{"start":{"line":41,"character":2},"end":{"line":41,"character":29}},"selectionRange":{"start":{"line":41,"character":2},"end":{"line":41,"character":29}}},{"name":"password","kind":15,"range":{"start":{"line":42,"character":2},"end":{"line":42,"character":40}},"selectionRange":{"start":{"line":42,"character":2},"end":{"line":42,"character":40}}},{"name":"api_id","kind":15,"range":{"start":{"line":43,"character":2},"end":{"line":43,"character":36}},"selectionRange":{"start":{"line":43,"character":2},"end":{"line":43,"character":36}}},{"name":"api_key","kind":23,"range":{"start":{"line":44,"character":2},"end":{"line":47,"character":3}},"selectionRange":{"start":{"line":44,"character":2},"end":{"line":47,"character":3}},"children":[{"name":"dev","kind":15,"range":{"start":{"line":45,"character":4},"end":{"line":45,"character":49}},"selectionRange":{"start":{"line":45,"character":4},"end":{"line":45,"character":49}}},{"name":"prod","kind":15,"range":{"start":{"line":46,"character":4},"end":{"line":46,"character":49}},"selectionRange":{"start":{"line":46,"character":4},"end":{"line":46,"character":49}}}]}]},{"name":"instance","kind":23,"range":{"start":{"line":50,"character":0},"end":{"line":55,"character":1}},"selectionRange":{"start":{"line":50,"character":0},"end":{"line":55,"character":1}},"children":[{"name":"username","kind":15,"range":{"start":{"line":51,"character":2},"end":{"line":51,"character":35}},"selectionRange":{"start":{"line":51,"character":2},"end":{"line":51,"character":35}}},{"name":"password","kind":15,"range":{"start":{"line":52,"character":2},"end":{"line":52,"character":41}},"selectionRange":{"start":{"line":52,"character":2},"end":{"line":52,"character":41}}},{"name":"hashed_password","kind":15,"range":{"start":{"line":53,"character":2},"end":{"line":53,"character":128}},"selectionRange":{"start":{"line":53,"character":2},"end":{"line":53,"character":128}}},{"name":"salt","kind":15,"range":{"start":{"line":54,"character":2},"end":{"line":54,"character":38}},"selectionRange":{"start":{"line":54,"character":2},"end":{"line":54,"character":38}}}]},{"name":"nginx_proxymanager","kind":23,"range":{"start":{"line":58,"character":0},"end":{"line":62,"character":1}},"selectionRange":{"start":{"line":58,"character":0},"end":{"line":62,"character":1}},"children":[{"name":"db_root_password","kind":15,"range":{"start":{"line":59,"character":2},"end":{"line":59,"character":53}},"selectionRange":{"start":{"line":59,"character":2},"end":{"line":59,"character":53}}},{"name":"db_username","kind":15,"range":{"start":{"line":60,"character":2},"end":{"line":60,"character":39}},"selectionRange":{"start":{"line":60,"character":2},"end":{"line":60,"character":39}}},{"name":"db_password","kind":15,"range":{"start":{"line":61,"character":2},"end":{"line":61,"character":53}},"selectionRange":{"start":{"line":61,"character":2},"end":{"line":61,"character":53}}}]},{"name":"homeassistant","kind":23,"range":{"start":{"line":64,"character":0},"end":{"line":66,"character":1}},"selectionRange":{"start":{"line":64,"character":0},"end":{"line":66,"character":1}},"children":[{"name":"zwave_key","kind":15,"range":{"start":{"line":65,"character":2},"end":{"line":65,"character":51}},"selectionRange":{"start":{"line":65,"character":2},"end":{"line":65,"character":51}}}]},{"name":"nextcloud","kind":23,"range":{"start":{"line":68,"character":0},"end":{"line":73,"character":1}},"selectionRange":{"start":{"line":68,"character":0},"end":{"line":73,"character":1}},"children":[{"name":"admin_username","kind":15,"range":{"start":{"line":69,"character":2},"end":{"line":69,"character":33}},"selectionRange":{"start":{"line":69,"character":2},"end":{"line":69,"character":33}}},{"name":"admin_password","kind":15,"range":{"start":{"line":70,"character":2},"end":{"line":70,"character":53}},"selectionRange":{"start":{"line":70,"character":2},"end":{"line":70,"character":53}}},{"name":"db_username","kind":15,"range":{"start":{"line":71,"character":2},"end":{"line":71,"character":31}},"selectionRange":{"start":{"line":71,"character":2},"end":{"line":71,"character":31}}},{"name":"db_password","kind":15,"range":{"start":{"line":72,"character":2},"end":{"line":72,"character":51}},"selectionRange":{"start":{"line":72,"character":2},"end":{"line":72,"character":51}}}]},{"name":"octoprint","kind":23,"range":{"start":{"line":75,"character":0},"end":{"line":80,"character":1}},"selectionRange":{"start":{"line":75,"character":0},"end":{"line":80,"character":1}},"children":[{"name":"username","kind":15,"range":{"start":{"line":76,"character":2},"end":{"line":76,"character":29}},"selectionRange":{"start":{"line":76,"character":2},"end":{"line":76,"character":29}}},{"name":"password","kind":15,"range":{"start":{"line":77,"character":2},"end":{"line":77,"character":46}},"selectionRange":{"start":{"line":77,"character":2},"end":{"line":77,"character":46}}},{"name":"octo_user","kind":15,"range":{"start":{"line":78,"character":2},"end":{"line":78,"character":32}},"selectionRange":{"start":{"line":78,"character":2},"end":{"line":78,"character":32}}},{"name":"octo_password","kind":15,"range":{"start":{"line":79,"character":2},"end":{"line":79,"character":45}},"selectionRange":{"start":{"line":79,"character":2},"end":{"line":79,"character":45}}}]}]
2024/08/01 08:17:48 opts.go:215: Completed 1 requests [461.627µs elapsed]
2024/08/01 08:17:49 opts.go:215: Received request batch of size 1 (qlen=0)
2024/08/01 08:17:49 opts.go:215: Dequeued request batch of length 1 (qlen=0)
2024/08/01 08:17:49 rpc_logger.go:32: Incoming request for "textDocument/codeLens" (ID 15): {"textDocument":{"uri":"file:///home/loganmancuso/Documents/Backups/os-init/secrets/global_secrets.tfvars"}}
2024/08/01 08:17:49 rpc_logger.go:53: Response to "textDocument/codeLens" (ID 15): []
2024/08/01 08:17:49 opts.go:215: Completed 1 requests [430.63µs elapsed]
2024/08/01 08:17:50 opts.go:215: Received request batch of size 1 (qlen=0)
2024/08/01 08:17:50 opts.go:215: Dequeued request batch of length 1 (qlen=0)
2024/08/01 08:17:50 rpc_logger.go:32: Incoming notification for "textDocument/didClose": {"textDocument":{"uri":"file:///home/loganmancuso/Documents/Backups/os-init/secrets/global_secrets.tfvars"}}
