Launching language server: /home/loganmancuso/.vscode-oss/extensions/gamunu.opentofu-0.2.1/bin/opentofu-ls serve
Client: Stopped --> Starting
2024/08/01 07:39:30 serve_command.go:104: Starting terraform-ls 0.1.0
2024/08/01 07:39:30 service.go:103: Preparing new session ...
2024/08/01 07:39:30 langserver.go:102: Starting server (pid 3715; concurrency: 4) ...
2024/08/01 07:39:30 opts.go:215: Received request batch of size 1 (qlen=0)
2024/08/01 07:39:30 opts.go:215: Dequeued request batch of length 1 (qlen=0)
2024/08/01 07:39:30 rpc_logger.go:32: Incoming request for "initialize" (ID 0): {"processId":3463,"clientInfo":{"name":"VSCodium","version":"1.89.1"},"locale":"en","rootPath":"/home/loganmancuso/SourceControl/Workspaces","rootUri":"file:///home/loganmancuso/SourceControl/Workspaces","capabilities":{"workspace":{"applyEdit":true,"workspaceEdit":{"documentChanges":true,"resourceOperations":["create","rename","delete"],"failureHandling":"textOnlyTransactional","normalizesLineEndings":true,"changeAnnotationSupport":{"groupsOnLabel":true}},"configuration":true,"didChangeWatchedFiles":{"dynamicRegistration":true,"relativePatternSupport":true},"symbol":{"dynamicRegistration":true,"symbolKind":{"valueSet":[1,2,3,4,5,6,7,8,9,10,11,12,13,14,15,16,17,18,19,20,21,22,23,24,25,26]},"tagSupport":{"valueSet":[1]},"resolveSupport":{"properties":["location.range"]}},"codeLens":{"refreshSupport":true},"executeCommand":{"dynamicRegistration":true},"didChangeConfiguration":{"dynamicRegistration":true},"workspaceFolders":true,"semanticTokens":{"refreshSupport":true},"fileOperations":{"dynamicRegistration":true,"didCreate":true,"didRename":true,"didDelete":true,"willCreate":true,"willRename":true,"willDelete":true},"inlineValue":{"refreshSupport":true},"inlayHint":{"refreshSupport":true},"diagnostics":{"refreshSupport":true}},"textDocument":{"publishDiagnostics":{"relatedInformation":true,"versionSupport":false,"tagSupport":{"valueSet":[1,2]},"codeDescriptionSupport":true,"dataSupport":true},"synchronization":{"dynamicRegistration":true,"willSave":true,"willSaveWaitUntil":true,"didSave":true},"completion":{"dynamicRegistration":true,"contextSupport":true,"completionItem":{"snippetSupport":true,"commitCharactersSupport":true,"documentationFormat":["markdown","plaintext"],"deprecatedSupport":true,"preselectSupport":true,"tagSupport":{"valueSet":[1]},"insertReplaceSupport":true,"resolveSupport":{"properties":["documentation","detail","additionalTextEdits"]},"insertTextModeSupport":{"valueSet":[1,2]},"labelDetailsSupport":true},"insertTextMode":2,"completionItemKind":{"valueSet":[1,2,3,4,5,6,7,8,9,10,11,12,13,14,15,16,17,18,19,20,21,22,23,24,25]},"completionList":{"itemDefaults":["commitCharacters","editRange","insertTextFormat","insertTextMode"]}},"hover":{"dynamicRegistration":true,"contentFormat":["markdown","plaintext"]},"signatureHelp":{"dynamicRegistration":true,"signatureInformation":{"documentationFormat":["markdown","plaintext"],"parameterInformation":{"labelOffsetSupport":true},"activeParameterSupport":true},"contextSupport":true},"definition":{"dynamicRegistration":true,"linkSupport":true},"references":{"dynamicRegistration":true},"documentHighlight":{"dynamicRegistration":true},"documentSymbol":{"dynamicRegistration":true,"symbolKind":{"valueSet":[1,2,3,4,5,6,7,8,9,10,11,12,13,14,15,16,17,18,19,20,21,22,23,24,25,26]},"hierarchicalDocumentSymbolSupport":true,"tagSupport":{"valueSet":[1]},"labelSupport":true},"codeAction":{"dynamicRegistration":true,"isPreferredSupport":true,"disabledSupport":true,"dataSupport":true,"resolveSupport":{"properties":["edit"]},"codeActionLiteralSupport":{"codeActionKind":{"valueSet":["","quickfix","refactor","refactor.extract","refactor.inline","refactor.rewrite","source","source.organizeImports"]}},"honorsChangeAnnotations":false},"codeLens":{"dynamicRegistration":true},"formatting":{"dynamicRegistration":true},"rangeFormatting":{"dynamicRegistration":true},"onTypeFormatting":{"dynamicRegistration":true},"rename":{"dynamicRegistration":true,"prepareSupport":true,"prepareSupportDefaultBehavior":1,"honorsChangeAnnotations":true},"documentLink":{"dynamicRegistration":true,"tooltipSupport":true},"typeDefinition":{"dynamicRegistration":true,"linkSupport":true},"implementation":{"dynamicRegistration":true,"linkSupport":true},"colorProvider":{"dynamicRegistration":true},"foldingRange":{"dynamicRegistration":true,"rangeLimit":5000,"lineFoldingOnly":true,"foldingRangeKind":{"valueSet":["comment","imports","region"]},"foldingRange":{"collapsedText":false}},"declaration":{"dynamicRegistration":true,"linkSupport":true},"selectionRange":{"dynamicRegistration":true},"callHierarchy":{"dynamicRegistration":true},"semanticTokens":{"dynamicRegistration":true,"tokenTypes":["namespace","type","class","enum","interface","struct","typeParameter","parameter","variable","property","enumMember","event","function","method","macro","keyword","modifier","comment","string","number","regexp","operator","decorator","hcl-attrName","hcl-blockType","hcl-blockLabel","hcl-bool","hcl-string","hcl-number","hcl-objectKey","hcl-mapKey","hcl-keyword","hcl-referenceStep","hcl-typeComplex","hcl-typePrimitive","hcl-functionName"],"tokenModifiers":["declaration","definition","readonly","static","deprecated","abstract","async","modification","documentation","defaultLibrary","hcl-dependent","terraform-data","terraform-locals","terraform-module","terraform-output","terraform-provider","terraform-resource","terraform-provisioner","terraform-connection","terraform-variable","terraform-terraform","terraform-backend","terraform-name","terraform-type","terraform-requiredProviders"],"formats":["relative"],"requests":{"range":true,"full":{"delta":true}},"multilineTokenSupport":false,"overlappingTokenSupport":false,"serverCancelSupport":true,"augmentsSyntaxTokens":true},"linkedEditingRange":{"dynamicRegistration":true},"typeHierarchy":{"dynamicRegistration":true},"inlineValue":{"dynamicRegistration":true},"inlayHint":{"dynamicRegistration":true,"resolveSupport":{"properties":["tooltip","textEdits","label.tooltip","label.location","label.command"]}},"diagnostic":{"dynamicRegistration":true,"relatedDocumentSupport":false}},"window":{"showMessage":{"messageActionItem":{"additionalPropertiesSupport":true}},"showDocument":{"support":true},"workDoneProgress":true},"general":{"staleRequestSupport":{"cancel":true,"retryOnContentModified":["textDocument/semanticTokens/full","textDocument/semanticTokens/range","textDocument/semanticTokens/full/delta"]},"regularExpressions":{"engine":"ECMAScript","version":"ES2020"},"markdown":{"parser":"marked","version":"1.1.0"},"positionEncodings":["utf-16"]},"notebookDocument":{"synchronization":{"dynamicRegistration":true,"executionSummarySupport":true}},"experimental":{"refreshModuleProvidersCommandId":"client.refreshModuleProviders","refreshModuleCallsCommandId":"client.refreshModuleCalls","refreshTerraformVersionCommandId":"client.refreshTerraformVersion"}},"initializationOptions":{"validation":{"enableEnhancedValidation":true},"experimentalFeatures":{"validateOnSave":false,"prefillRequiredFields":false},"ignoreSingleFileWarning":false,"terraform":{"path":"","timeout":"","logFilePath":""},"indexing":{"ignorePaths":[],"ignoreDirectoryNames":[]}},"trace":"off","workspaceFolders":[{"uri":"file:///home/loganmancuso/SourceControl/Workspaces","name":"Workspaces"},{"uri":"file:///home/loganmancuso/SourceControl/Snippets/prompt-work","name":"prompt-work"},{"uri":"file:///home/loganmancuso/Documents/Backups/os-init","name":"os-init"},{"uri":"file:///home/loganmancuso/SourceControl/Personal/dotfiles","name":"dotfiles"}],"workDoneToken":"766c996c-ef58-478d-9584-153a6766ccac"}
2024/08/01 07:39:30 scheduler.go:56: launching eval loop 0
2024/08/01 07:39:30 service.go:476: started low priority scheduler
2024/08/01 07:39:30 scheduler.go:56: launching eval loop 0
2024/08/01 07:39:30 service.go:481: started high priority scheduler
2024/08/01 07:39:30 walker_paths.go:255: walking next dir: {"file:///home/loganmancuso/Documents/Backups/os-init"}
2024/08/01 07:39:30 walker.go:212: skipping ignored dir name: .git
2024/08/01 07:39:30 walker.go:242: walking of {file:///home/loganmancuso/Documents/Backups/os-init/bootstrap} finished
2024/08/01 07:39:30 walker.go:242: walking of {file:///home/loganmancuso/Documents/Backups/os-init/restic} finished
2024/08/01 07:39:30 walker.go:242: walking of {file:///home/loganmancuso/Documents/Backups/os-init/secrets/gnupg/.gnupg/crls.d} finished
2024/08/01 07:39:30 rpc_logger.go:53: Response to "initialize" (ID 0): {"capabilities":{"textDocumentSync":{"openClose":true,"change":2,"save":{}},"completionProvider":{"triggerCharacters":[".","["],"resolveProvider":true},"hoverProvider":true,"signatureHelpProvider":{"triggerCharacters":["(",","]},"declarationProvider":true,"definitionProvider":true,"referencesProvider":true,"documentSymbolProvider":true,"codeActionProvider":{"codeActionKinds":["source.formatAll.terraform"]},"codeLensProvider":{},"documentLinkProvider":{},"workspaceSymbolProvider":true,"documentFormattingProvider":true,"executeCommandProvider":{"commands":["terraform-ls.module.callers","terraform-ls.module.calls","terraform-ls.module.providers","terraform-ls.module.terraform","terraform-ls.rootmodules","terraform-ls.terraform.init","terraform-ls.terraform.validate"],"workDoneProgress":true},"semanticTokensProvider":{"legend":{"tokenTypes":["enumMember","function","keyword","number","parameter","property","string","type","variable","hcl-attrName","hcl-blockType","hcl-blockLabel","hcl-bool","hcl-string","hcl-number","hcl-objectKey","hcl-mapKey","hcl-keyword","hcl-referenceStep","hcl-typeComplex","hcl-typePrimitive","hcl-functionName"],"tokenModifiers":["defaultLibrary","hcl-dependent","terraform-backend","terraform-connection","terraform-data","terraform-locals","terraform-module","terraform-name","terraform-output","terraform-provider","terraform-provisioner","terraform-requiredProviders","terraform-resource","terraform-terraform","terraform-type","terraform-variable"]},"full":true},"workspace":{"workspaceFolders":{"supported":true,"changeNotifications":"workspace/didChangeWorkspaceFolders"},"fileOperations":{}},"experimental":{"referenceCountCodeLens":false,"refreshModuleProviders":true,"refreshModuleCalls":true,"refreshTerraformVersion":true}},"serverInfo":{"name":"terraform-ls","version":"0.1.0"}}
2024/08/01 07:39:30 walker.go:242: walking of {file:///home/loganmancuso/Documents/Backups/os-init/secrets/gnupg/.gnupg/openpgp-revocs.d} finished
2024/08/01 07:39:30 opts.go:215: Completed 1 requests [7.695738ms elapsed]
2024/08/01 07:39:30 walker.go:242: walking of {file:///home/loganmancuso/Documents/Backups/os-init/secrets/gnupg/.gnupg/private-keys-v1.d} finished
2024/08/01 07:39:30 walker.go:242: walking of {file:///home/loganmancuso/Documents/Backups/os-init/secrets/gnupg/.gnupg} finished
2024/08/01 07:39:30 walker.go:242: walking of {file:///home/loganmancuso/Documents/Backups/os-init/secrets/gnupg/crls.d} finished
2024/08/01 07:39:30 walker.go:242: walking of {file:///home/loganmancuso/Documents/Backups/os-init/secrets/gnupg/openpgp-revocs.d} finished
2024/08/01 07:39:30 walker.go:242: walking of {file:///home/loganmancuso/Documents/Backups/os-init/secrets/gnupg/private-keys-v1.d} finished
2024/08/01 07:39:30 walker.go:242: walking of {file:///home/loganmancuso/Documents/Backups/os-init/secrets/gnupg} finished
2024/08/01 07:39:30 walker.go:242: walking of {file:///home/loganmancuso/Documents/Backups/os-init/secrets/ssh/.ssh} finished
2024/08/01 07:39:30 walker.go:242: walking of {file:///home/loganmancuso/Documents/Backups/os-init/secrets/ssh} finished
2024/08/01 07:39:30 walker.go:242: walking of {file:///home/loganmancuso/Documents/Backups/os-init/secrets} finished
2024/08/01 07:39:30 walker.go:242: walking of {file:///home/loganmancuso/Documents/Backups/os-init} finished
2024/08/01 07:39:30 walker.go:156: walker: walking through {"file:///home/loganmancuso/Documents/Backups/os-init"} finished
2024/08/01 07:39:30 walker_paths.go:255: walking next dir: {"file:///home/loganmancuso/SourceControl/Personal/dotfiles"}
2024/08/01 07:39:30 walker.go:212: skipping ignored dir name: .git
2024/08/01 07:39:30 walker.go:242: walking of {file:///home/loganmancuso/SourceControl/Personal/dotfiles/bash/dot-config/bash} finished
2024/08/01 07:39:30 walker.go:242: walking of {file:///home/loganmancuso/SourceControl/Personal/dotfiles/bash/dot-config} finished
2024/08/01 07:39:30 walker.go:242: walking of {file:///home/loganmancuso/SourceControl/Personal/dotfiles/bash} finished
2024/08/01 07:39:30 walker.go:242: walking of {file:///home/loganmancuso/SourceControl/Personal/dotfiles/git} finished
2024/08/01 07:39:30 walker.go:242: walking of {file:///home/loganmancuso/SourceControl/Personal/dotfiles/nvim/dot-config/nvim/lua/configs} finished
2024/08/01 07:39:30 walker.go:242: walking of {file:///home/loganmancuso/SourceControl/Personal/dotfiles/nvim/dot-config/nvim/lua/plugins} finished
2024/08/01 07:39:30 walker.go:242: walking of {file:///home/loganmancuso/SourceControl/Personal/dotfiles/nvim/dot-config/nvim/lua} finished
2024/08/01 07:39:30 walker.go:242: walking of {file:///home/loganmancuso/SourceControl/Personal/dotfiles/nvim/dot-config/nvim/starter} finished
2024/08/01 07:39:30 walker.go:242: walking of {file:///home/loganmancuso/SourceControl/Personal/dotfiles/nvim/dot-config/nvim} finished
2024/08/01 07:39:30 walker.go:242: walking of {file:///home/loganmancuso/SourceControl/Personal/dotfiles/nvim/dot-config} finished
2024/08/01 07:39:30 walker.go:242: walking of {file:///home/loganmancuso/SourceControl/Personal/dotfiles/nvim} finished
2024/08/01 07:39:30 walker.go:242: walking of {file:///home/loganmancuso/SourceControl/Personal/dotfiles/ssh/dot-ssh} finished
2024/08/01 07:39:30 walker.go:242: walking of {file:///home/loganmancuso/SourceControl/Personal/dotfiles/ssh} finished
2024/08/01 07:39:30 walker.go:242: walking of {file:///home/loganmancuso/SourceControl/Personal/dotfiles} finished
2024/08/01 07:39:30 walker.go:156: walker: walking through {"file:///home/loganmancuso/SourceControl/Personal/dotfiles"} finished
2024/08/01 07:39:30 walker_paths.go:255: walking next dir: {"file:///home/loganmancuso/SourceControl/Snippets/prompt-work"}
2024/08/01 07:39:30 walker.go:212: skipping ignored dir name: .git
2024/08/01 07:39:30 walker.go:242: walking of {file:///home/loganmancuso/SourceControl/Snippets/prompt-work} finished
2024/08/01 07:39:30 walker.go:156: walker: walking through {"file:///home/loganmancuso/SourceControl/Snippets/prompt-work"} finished
2024/08/01 07:39:30 walker_paths.go:255: walking next dir: {"file:///home/loganmancuso/SourceControl/Workspaces"}
2024/08/01 07:39:30 walker.go:212: skipping ignored dir name: .git
2024/08/01 07:39:30 walker.go:242: walking of {file:///home/loganmancuso/SourceControl/Workspaces/Personal} finished
2024/08/01 07:39:30 walker.go:242: walking of {file:///home/loganmancuso/SourceControl/Workspaces/Professional} finished
2024/08/01 07:39:30 walker.go:242: walking of {file:///home/loganmancuso/SourceControl/Workspaces} finished
2024/08/01 07:39:30 walker.go:156: walker: walking through {"file:///home/loganmancuso/SourceControl/Workspaces"} finished
Client: Starting --> Running
Started client
2024/08/01 07:39:30 opts.go:215: Received request batch of size 1 (qlen=0)
2024/08/01 07:39:30 opts.go:215: Dequeued request batch of length 1 (qlen=0)
2024/08/01 07:39:30 rpc_logger.go:32: Incoming notification for "initialized": {}
2024/08/01 07:39:30 opts.go:215: Posting server call "client/registerCapability" {"registrations":[{"id":"204666ad-583a-b0be-c75b-d7ceb3327062","method":"workspace/didChangeWatchedFiles","registerOptions":{"watchers":[{"globPattern":"**/.terraform","kind":3},{"globPattern":"**/.terraform/modules/modules.json"},{"globPattern":"**/.terraform.lock.hcl"},{"globPattern":"**/.terraform/plugins/selections.json"},{"globPattern":"**/.terraform/plugins/linux_amd64/lock.json"}]}}]}
2024/08/01 07:39:30 opts.go:215: Received response for callback "1"
2024/08/01 07:39:30 opts.go:215: Received request batch of size 1 (qlen=0)
2024/08/01 07:39:30 opts.go:215: Dequeued request batch of length 1 (qlen=0)
2024/08/01 07:39:30 opts.go:215: Request check error for "$/setTrace" (params "{\"value\":\"off\"}"): [-32601] method not found
