2024-08-01 07:56:10.657 [info] Log level: Info
2024-08-01 07:56:10.657 [info] Validating found git in: "git"
2024-08-01 07:56:10.657 [info] Using git "2.43.0" from "git"
2024-08-01 07:56:10.657 [info] > git rev-parse --show-toplevel [7ms]
2024-08-01 07:56:10.657 [info] > git rev-parse --git-dir --git-common-dir [8ms]
2024-08-01 07:56:10.657 [info] Open repository: /home/loganmancuso/SourceControl/Workspaces
2024-08-01 07:56:10.677 [info] > git rev-parse --show-toplevel [6ms]
2024-08-01 07:56:10.678 [info] > git config --get commit.template [12ms]
2024-08-01 07:56:10.701 [info] > git rev-parse --git-dir --git-common-dir [13ms]
2024-08-01 07:56:10.711 [info] Open repository: /home/loganmancuso/SourceControl/Snippets/prompt-work
2024-08-01 07:56:10.739 [info] > git for-each-ref --format=%(refname)%00%(upstream:short)%00%(objectname)%00%(upstream:track)%00%(upstream:remotename)%00%(upstream:remoteref) refs/heads/main refs/remotes/main [42ms]
2024-08-01 07:56:10.752 [info] > git rev-parse --show-toplevel [24ms]
2024-08-01 07:56:10.753 [info] > git config --get commit.template [30ms]
2024-08-01 07:56:10.789 [info] > git rev-parse --git-dir --git-common-dir [24ms]
2024-08-01 07:56:10.797 [info] Open repository: /home/loganmancuso/Documents/Backups/os-init
2024-08-01 07:56:10.818 [info] > git status -z -uall [31ms]
2024-08-01 07:56:10.844 [info] > git for-each-ref --format=%(refname)%00%(upstream:short)%00%(objectname)%00%(upstream:track)%00%(upstream:remotename)%00%(upstream:remoteref) refs/heads/main refs/remotes/main [68ms]
2024-08-01 07:56:10.858 [info] > git merge-base refs/heads/main refs/remotes/gitlab/main [22ms]
2024-08-01 07:56:10.868 [info] > git rev-parse --show-toplevel [51ms]
2024-08-01 07:56:10.870 [info] > git config --get commit.template [59ms]
2024-08-01 07:56:10.925 [info] > git rev-list --count --left-right refs/heads/main...refs/remotes/gitlab/main [57ms]
2024-08-01 07:56:10.935 [info] > git config --get commit.template [79ms]
2024-08-01 07:56:10.959 [info] No remotes found in the git config file.
2024-08-01 07:56:10.968 [info] > git diff --name-status -z --diff-filter=ADMR bd6746c639d7a80f049c832de9e4db6da6b9d8b8...refs/remotes/gitlab/main [34ms]
2024-08-01 07:56:10.971 [info] > git rev-parse --git-dir --git-common-dir [58ms]
2024-08-01 07:56:10.979 [info] Open repository: /home/loganmancuso/SourceControl/Personal/dotfiles
2024-08-01 07:56:11.014 [info] > git status -z -uall [14ms]
2024-08-01 07:56:11.014 [info] > git for-each-ref --format=%(refname)%00%(upstream:short)%00%(objectname)%00%(upstream:track)%00%(upstream:remotename)%00%(upstream:remoteref) refs/heads/main refs/remotes/main [49ms]
2024-08-01 07:56:11.014 [warning] No such branch: main.
2024-08-01 07:56:11.025 [info] > git rev-parse --show-toplevel [12ms]
2024-08-01 07:56:11.026 [info] > git config --get commit.template [18ms]
2024-08-01 07:56:11.042 [info] > git for-each-ref --format=%(refname)%00%(upstream:short)%00%(objectname)%00%(upstream:track)%00%(upstream:remotename)%00%(upstream:remoteref) refs/heads/main refs/remotes/main [52ms]
2024-08-01 07:56:11.079 [info] > git status -z -uall [56ms]
2024-08-01 07:56:11.081 [info] > git merge-base refs/heads/main refs/remotes/origin/main [48ms]
2024-08-01 07:56:11.140 [info] > git rev-list --count --left-right refs/heads/main...refs/remotes/origin/main [49ms]
2024-08-01 07:56:11.149 [info] > git config --get commit.template [70ms]
2024-08-01 07:56:11.149 [info] > git rev-parse --show-toplevel [80ms]
2024-08-01 07:56:11.162 [info] > git diff --name-status -z --diff-filter=ADMR 1770558b62a41d58e989f9fd7d0be45bbe19d6df...refs/remotes/origin/main [14ms]
2024-08-01 07:56:11.163 [info] > git config --get commit.template [33ms]
2024-08-01 07:56:11.163 [info] > git for-each-ref --format=%(refname)%00%(upstream:short)%00%(objectname)%00%(upstream:track)%00%(upstream:remotename)%00%(upstream:remoteref) refs/heads/main refs/remotes/main [40ms]
2024-08-01 07:56:11.178 [info] > git rev-parse --show-toplevel [16ms]
2024-08-01 07:56:11.188 [info] No remotes found in the git config file.
2024-08-01 07:56:11.196 [info] > git for-each-ref --format=%(refname)%00%(upstream:short)%00%(objectname)%00%(upstream:track)%00%(upstream:remotename)%00%(upstream:remoteref) refs/heads/main refs/remotes/main [25ms]
2024-08-01 07:56:11.224 [info] > git status -z -uall [47ms]
2024-08-01 07:56:11.224 [info] > git rev-parse --show-toplevel [29ms]
2024-08-01 07:56:11.224 [info] > git for-each-ref --format=%(refname)%00%(upstream:short)%00%(objectname)%00%(upstream:track)%00%(upstream:remotename)%00%(upstream:remoteref) refs/heads/main refs/remotes/main [37ms]
2024-08-01 07:56:11.224 [warning] No such branch: main.
2024-08-01 07:56:11.266 [info] > git status -z -uall [37ms]
2024-08-01 07:56:11.266 [info] > git status -z -uall [8ms]
2024-08-01 07:56:11.302 [info] > git rev-parse --show-toplevel [37ms]
2024-08-01 07:56:11.385 [info] > git status -z -uall [13ms]
2024-08-01 07:56:11.386 [info] > git merge-base refs/heads/main refs/remotes/origin/main [74ms]
2024-08-01 07:56:11.424 [info] > git rev-list --count --left-right refs/heads/main...refs/remotes/origin/main [30ms]
2024-08-01 07:56:11.431 [info] > git config --get commit.template [46ms]
2024-08-01 07:56:11.431 [info] > git rev-parse --show-toplevel [53ms]
2024-08-01 07:56:11.457 [info] > git diff --name-status -z --diff-filter=ADMR 55a8928e704850e9425f48569244c52021ea52cb...refs/remotes/origin/main [26ms]
2024-08-01 07:56:11.476 [info] > git rev-parse --show-toplevel [20ms]
2024-08-01 07:56:11.493 [info] > git for-each-ref --format=%(refname)%00%(upstream:short)%00%(objectname)%00%(upstream:track)%00%(upstream:remotename)%00%(upstream:remoteref) refs/heads/main refs/remotes/main [21ms]
2024-08-01 07:56:11.509 [info] > git rev-parse --show-toplevel [17ms]
2024-08-01 07:56:11.554 [info] > git status -z -uall [14ms]
2024-08-01 07:56:11.554 [info] > git rev-parse --show-toplevel [31ms]
2024-08-01 07:56:11.574 [info] > git rev-parse --show-toplevel [9ms]
2024-08-01 07:56:11.732 [info] > git check-ignore -v -z --stdin [39ms]
2024-08-01 07:56:11.732 [info] > git check-ignore -v -z --stdin [27ms]
2024-08-01 07:56:11.734 [info] > git check-ignore -v -z --stdin [14ms]
2024-08-01 07:56:11.735 [info] > git check-ignore -v -z --stdin [7ms]
2024-08-01 07:56:12.109 [info] > git show --textconv :bootstrap/init-debian.sh [7ms]
2024-08-01 07:56:12.110 [info] > git ls-files --stage -- /home/loganmancuso/Documents/Backups/os-init/bootstrap/init-debian.sh [2ms]
2024-08-01 07:58:10.032 [info] > git rev-parse --show-toplevel [2ms]
2024-08-01 07:58:10.032 [info] fatal: not a git repository (or any of the parent directories): .git
2024-08-01 07:58:12.938 [info] > git show --textconv :bootstrap/init-debian.sh [9ms]
2024-08-01 07:58:12.940 [info] > git ls-files --stage -- /home/loganmancuso/Documents/Backups/os-init/bootstrap/init-debian.sh [3ms]
2024-08-01 07:58:13.545 [info] > git rev-parse --show-toplevel [2ms]
2024-08-01 07:58:13.545 [info] fatal: not a git repository (or any of the parent directories): .git
2024-08-01 07:58:14.545 [info] > git show --textconv :bootstrap/init-debian.sh [15ms]
2024-08-01 07:58:14.548 [info] > git ls-files --stage -- /home/loganmancuso/Documents/Backups/os-init/bootstrap/init-debian.sh [4ms]
2024-08-01 07:58:26.167 [info] No remotes found in the git config file.
2024-08-01 07:58:26.169 [info] > git config --get commit.template [13ms]
2024-08-01 07:58:26.170 [info] > git for-each-ref --format=%(refname)%00%(upstream:short)%00%(objectname)%00%(upstream:track)%00%(upstream:remotename)%00%(upstream:remoteref) refs/heads/main refs/remotes/main [3ms]
2024-08-01 07:58:26.171 [warning] No such branch: main.
2024-08-01 07:58:26.179 [info] > git status -z -uall [3ms]
2024-08-01 07:58:26.255 [info] > git ls-files --stage -- /home/loganmancuso/Documents/Backups/os-init/bootstrap/init-debian.sh [5ms]
2024-08-01 07:58:26.266 [info] > git cat-file -s 550c21b3b6776ef0bb61c2e87db735e32d7c6e31 [3ms]
2024-08-01 07:58:26.299 [info] > git show --textconv :bootstrap/init-debian.sh [22ms]
2024-08-01 07:58:40.057 [info] No remotes found in the git config file.
2024-08-01 07:58:40.058 [info] > git config --get commit.template [8ms]
2024-08-01 07:58:40.058 [info] > git for-each-ref --format=%(refname)%00%(upstream:short)%00%(objectname)%00%(upstream:track)%00%(upstream:remotename)%00%(upstream:remoteref) refs/heads/main refs/remotes/main [2ms]
2024-08-01 07:58:40.059 [warning] No such branch: main.
2024-08-01 07:58:40.066 [info] > git status -z -uall [3ms]
2024-08-01 07:58:40.154 [info] > git ls-files --stage -- /home/loganmancuso/Documents/Backups/os-init/bootstrap/init-debian.sh [2ms]
2024-08-01 07:58:40.162 [info] > git cat-file -s 550c21b3b6776ef0bb61c2e87db735e32d7c6e31 [3ms]
2024-08-01 07:58:40.180 [info] > git show --textconv :bootstrap/init-debian.sh [11ms]
2024-08-01 07:58:41.542 [info] > git ls-files --stage -- /home/loganmancuso/Documents/Backups/os-init/bootstrap/init-debian.sh [6ms]
2024-08-01 07:58:41.562 [info] > git cat-file -s 550c21b3b6776ef0bb61c2e87db735e32d7c6e31 [6ms]
2024-08-01 07:58:41.590 [info] > git show --textconv :bootstrap/init-debian.sh [9ms]
2024-08-01 07:58:45.103 [info] No remotes found in the git config file.
2024-08-01 07:58:45.104 [info] > git config --get commit.template [12ms]
2024-08-01 07:58:45.106 [info] > git for-each-ref --format=%(refname)%00%(upstream:short)%00%(objectname)%00%(upstream:track)%00%(upstream:remotename)%00%(upstream:remoteref) refs/heads/main refs/remotes/main [3ms]
2024-08-01 07:58:45.117 [info] > git status -z -uall [4ms]
2024-08-01 08:00:11.270 [info] > git for-each-ref --format=%(refname)%00%(upstream:short)%00%(objectname)%00%(upstream:track)%00%(upstream:remotename)%00%(upstream:remoteref) refs/heads/main [17ms]
2024-08-01 08:00:11.286 [info] > git merge-base refs/heads/main refs/remotes/origin/main [46ms]
2024-08-01 08:00:11.300 [info] > git merge-base refs/heads/main refs/remotes/gitlab/main [80ms]
2024-08-01 08:00:11.322 [info] > git rev-list --count --left-right refs/heads/main...refs/remotes/origin/main [21ms]
2024-08-01 08:00:11.324 [info] > git for-each-ref --format=%(refname)%00%(upstream:short)%00%(objectname)%00%(upstream:track)%00%(upstream:remotename)%00%(upstream:remoteref) refs/heads/main [38ms]
2024-08-01 08:00:11.335 [info] > git merge-base refs/heads/main refs/remotes/origin/main [67ms]
2024-08-01 08:00:11.351 [info] > git config --local branch.main.vscode-merge-base [16ms]
2024-08-01 08:00:11.351 [warning] git config failed: Failed to execute git
2024-08-01 08:00:11.365 [info] > git rev-list --count --left-right refs/heads/main...refs/remotes/gitlab/main [50ms]
2024-08-01 08:00:11.368 [info] > git rev-list --count --left-right refs/heads/main...refs/remotes/origin/main [19ms]
2024-08-01 08:00:11.372 [info] > git reflog refs/heads/main --grep-reflog=branch: Created from *. [7ms]
2024-08-01 08:00:11.402 [info] > git symbolic-ref --short refs/remotes/origin/HEAD [8ms]
2024-08-01 08:00:11.402 [info] fatal: ref refs/remotes/origin/HEAD is not a symbolic ref
2024-08-01 08:00:11.402 [info] GitHistoryProvider:resolveHistoryItemGroupBase - Failed to resolve history item group base for 'refs/heads/main'
2024-08-01 08:00:11.402 [info] GitHistoryProvider:resolveHistoryItemGroupCommonAncestor - Failed to resolve history item group base for 'refs/heads/main'
2024-08-01 08:00:11.831 [info] > git for-each-ref --format=%(refname)%00%(upstream:short)%00%(objectname)%00%(upstream:track)%00%(upstream:remotename)%00%(upstream:remoteref) refs/heads/main [3ms]
2024-08-01 08:00:11.842 [info] > git for-each-ref --format=%(refname)%00%(upstream:short)%00%(objectname)%00%(upstream:track)%00%(upstream:remotename)%00%(upstream:remoteref) refs/heads/main [3ms]
2024-08-01 08:00:11.858 [info] > git config --local branch.main.vscode-merge-base [6ms]
2024-08-01 08:00:11.859 [warning] git config failed: Failed to execute git
2024-08-01 08:00:11.879 [info] > git reflog refs/heads/main --grep-reflog=branch: Created from *. [5ms]
2024-08-01 08:00:11.896 [info] > git symbolic-ref --short refs/remotes/origin/HEAD [2ms]
2024-08-01 08:00:11.896 [info] fatal: ref refs/remotes/origin/HEAD is not a symbolic ref
2024-08-01 08:00:11.896 [info] GitHistoryProvider:resolveHistoryItemGroupBase - Failed to resolve history item group base for 'refs/heads/main'
2024-08-01 08:00:11.896 [info] GitHistoryProvider:resolveHistoryItemGroupCommonAncestor - Failed to resolve history item group base for 'refs/heads/main'
2024-08-01 08:00:12.380 [info] > git check-ignore -v -z --stdin [6ms]
2024-08-01 08:00:15.488 [info] > git show --textconv HEAD:README.md [9ms]
2024-08-01 08:00:15.491 [info] > git ls-tree -l HEAD -- /home/loganmancuso/SourceControl/Personal/dotfiles/README.md [4ms]
2024-08-01 08:00:28.585 [info] > git for-each-ref --format=%(refname)%00%(upstream:short)%00%(objectname)%00%(upstream:track)%00%(upstream:remotename)%00%(upstream:remoteref) refs/heads/main [2ms]
2024-08-01 08:00:28.594 [info] > git for-each-ref --format=%(refname)%00%(upstream:short)%00%(objectname)%00%(upstream:track)%00%(upstream:remotename)%00%(upstream:remoteref) refs/heads/main [2ms]
2024-08-01 08:00:28.602 [info] > git config --local branch.main.vscode-merge-base [2ms]
2024-08-01 08:00:28.602 [warning] git config failed: Failed to execute git
2024-08-01 08:00:28.613 [info] > git reflog refs/heads/main --grep-reflog=branch: Created from *. [2ms]
2024-08-01 08:00:28.621 [info] > git symbolic-ref --short refs/remotes/origin/HEAD [3ms]
2024-08-01 08:00:28.621 [info] fatal: ref refs/remotes/origin/HEAD is not a symbolic ref
2024-08-01 08:00:28.621 [info] GitHistoryProvider:resolveHistoryItemGroupBase - Failed to resolve history item group base for 'refs/heads/main'
2024-08-01 08:00:28.621 [info] GitHistoryProvider:resolveHistoryItemGroupCommonAncestor - Failed to resolve history item group base for 'refs/heads/main'
2024-08-01 08:00:30.638 [info] > git show --textconv :bootstrap/init-debian.sh [12ms]
2024-08-01 08:00:30.641 [info] > git ls-files --stage -- /home/loganmancuso/Documents/Backups/os-init/bootstrap/init-debian.sh [5ms]
2024-08-01 08:00:30.661 [info] > git cat-file -s 550c21b3b6776ef0bb61c2e87db735e32d7c6e31 [6ms]
2024-08-01 08:01:20.820 [info] > git show --textconv :stow-files.sh [20ms]
2024-08-01 08:01:20.827 [info] > git ls-files --stage -- /home/loganmancuso/SourceControl/Personal/dotfiles/stow-files.sh [9ms]
2024-08-01 08:01:21.051 [info] > git check-ignore -v -z --stdin [8ms]
2024-08-01 08:01:22.635 [info] > git show --textconv :bootstrap/init-debian.sh [11ms]
2024-08-01 08:01:22.640 [info] > git ls-files --stage -- /home/loganmancuso/Documents/Backups/os-init/bootstrap/init-debian.sh [6ms]
2024-08-01 08:01:22.656 [info] > git cat-file -s 550c21b3b6776ef0bb61c2e87db735e32d7c6e31 [5ms]
2024-08-01 08:01:27.319 [info] > git show --textconv :stow-files.sh [12ms]
2024-08-01 08:01:27.324 [info] > git ls-files --stage -- /home/loganmancuso/SourceControl/Personal/dotfiles/stow-files.sh [6ms]
2024-08-01 08:01:30.166 [info] > git show --textconv :bootstrap/init-debian.sh [12ms]
2024-08-01 08:01:30.167 [info] > git ls-files --stage -- /home/loganmancuso/Documents/Backups/os-init/bootstrap/init-debian.sh [2ms]
2024-08-01 08:01:30.179 [info] > git cat-file -s 550c21b3b6776ef0bb61c2e87db735e32d7c6e31 [4ms]
2024-08-01 08:01:37.867 [info] > git show --textconv :stow-files.sh [14ms]
2024-08-01 08:01:37.869 [info] > git ls-files --stage -- /home/loganmancuso/SourceControl/Personal/dotfiles/stow-files.sh [4ms]
2024-08-01 08:01:48.128 [info] > git show --textconv :README.md [22ms]
2024-08-01 08:01:48.131 [info] > git ls-files --stage -- /home/loganmancuso/SourceControl/Personal/dotfiles/README.md [6ms]
2024-08-01 08:01:48.147 [info] > git cat-file -s f1f6152a2dacaa90abaa89dda66ea2f2c1484132 [7ms]
2024-08-01 08:01:51.843 [info] > git show --textconv :stow-files.sh [13ms]
2024-08-01 08:01:51.846 [info] > git ls-files --stage -- /home/loganmancuso/SourceControl/Personal/dotfiles/stow-files.sh [5ms]
2024-08-01 08:02:46.397 [info] > git show --textconv :stow-files.sh [11ms]
2024-08-01 08:02:46.398 [info] > git ls-files --stage -- /home/loganmancuso/SourceControl/Personal/dotfiles/stow-files.sh [2ms]
2024-08-01 08:03:06.312 [info] > git show --textconv :README.md [14ms]
2024-08-01 08:03:06.316 [info] > git ls-files --stage -- /home/loganmancuso/SourceControl/Personal/dotfiles/README.md [4ms]
2024-08-01 08:03:06.329 [info] > git cat-file -s f1f6152a2dacaa90abaa89dda66ea2f2c1484132 [6ms]
2024-08-01 08:03:12.486 [info] > git show --textconv :stow-files.sh [12ms]
2024-08-01 08:03:12.488 [info] > git ls-files --stage -- /home/loganmancuso/SourceControl/Personal/dotfiles/stow-files.sh [3ms]
2024-08-01 08:03:30.882 [info] > git check-ignore -v -z --stdin [4ms]
2024-08-01 08:04:04.506 [info] > git config --get commit.template [11ms]
2024-08-01 08:04:04.507 [info] > git config --get commit.template [3ms]
2024-08-01 08:04:04.518 [info] No remotes found in the git config file.
2024-08-01 08:04:04.529 [info] > git for-each-ref --format=%(refname)%00%(upstream:short)%00%(objectname)%00%(upstream:track)%00%(upstream:remotename)%00%(upstream:remoteref) refs/heads/main refs/remotes/main [11ms]
2024-08-01 08:04:04.538 [info] > git for-each-ref --format=%(refname)%00%(upstream:short)%00%(objectname)%00%(upstream:track)%00%(upstream:remotename)%00%(upstream:remoteref) refs/heads/main refs/remotes/main [10ms]
2024-08-01 08:04:04.550 [info] > git status -z -uall [14ms]
2024-08-01 08:04:04.556 [info] > git status -z -uall [7ms]
2024-08-01 08:04:19.154 [info] > git config --get commit.template [27ms]
2024-08-01 08:04:19.176 [info] No remotes found in the git config file.
2024-08-01 08:04:19.194 [info] > git config --get commit.template [41ms]
2024-08-01 08:04:19.206 [info] > git for-each-ref --format=%(refname)%00%(upstream:short)%00%(objectname)%00%(upstream:track)%00%(upstream:remotename)%00%(upstream:remoteref) refs/heads/main refs/remotes/main [21ms]
2024-08-01 08:04:19.222 [info] > git for-each-ref --format=%(refname)%00%(upstream:short)%00%(objectname)%00%(upstream:track)%00%(upstream:remotename)%00%(upstream:remoteref) refs/heads/main refs/remotes/main [30ms]
2024-08-01 08:04:19.254 [info] > git status -z -uall [32ms]
2024-08-01 08:04:19.264 [info] > git status -z -uall [13ms]
2024-08-01 08:04:24.325 [info] > git config --get commit.template [25ms]
2024-08-01 08:04:24.332 [info] > git for-each-ref --format=%(refname)%00%(upstream:short)%00%(objectname)%00%(upstream:track)%00%(upstream:remotename)%00%(upstream:remoteref) refs/heads/main refs/remotes/main [9ms]
2024-08-01 08:04:24.362 [info] > git status -z -uall [10ms]
2024-08-01 08:04:25.018 [info] > git show --textconv :README.md [30ms]
2024-08-01 08:04:25.023 [info] > git ls-files --stage -- /home/loganmancuso/SourceControl/Personal/dotfiles/README.md [8ms]
2024-08-01 08:04:25.040 [info] > git cat-file -s f1f6152a2dacaa90abaa89dda66ea2f2c1484132 [4ms]
2024-08-01 08:04:29.384 [info] > git config --get commit.template [12ms]
2024-08-01 08:04:29.385 [info] > git for-each-ref --format=%(refname)%00%(upstream:short)%00%(objectname)%00%(upstream:track)%00%(upstream:remotename)%00%(upstream:remoteref) refs/heads/main refs/remotes/main [3ms]
2024-08-01 08:04:29.395 [info] > git status -z -uall [3ms]
2024-08-01 08:04:33.588 [info] > git show --textconv :stow-files.sh [7ms]
2024-08-01 08:04:33.590 [info] > git ls-files --stage -- /home/loganmancuso/SourceControl/Personal/dotfiles/stow-files.sh [3ms]
2024-08-01 08:04:34.414 [info] > git config --get commit.template [8ms]
2024-08-01 08:04:34.416 [info] > git for-each-ref --format=%(refname)%00%(upstream:short)%00%(objectname)%00%(upstream:track)%00%(upstream:remotename)%00%(upstream:remoteref) refs/heads/main refs/remotes/main [3ms]
2024-08-01 08:04:34.428 [info] > git status -z -uall [5ms]
2024-08-01 08:04:34.976 [info] > git show --textconv :stow-files.sh [23ms]
2024-08-01 08:04:34.983 [info] > git ls-files --stage -- /home/loganmancuso/SourceControl/Personal/dotfiles/stow-files.sh [10ms]
2024-08-01 08:04:40.372 [info] > git config --get commit.template [15ms]
2024-08-01 08:04:40.378 [info] > git for-each-ref --format=%(refname)%00%(upstream:short)%00%(objectname)%00%(upstream:track)%00%(upstream:remotename)%00%(upstream:remoteref) refs/heads/main refs/remotes/main [7ms]
2024-08-01 08:04:40.397 [info] > git status -z -uall [8ms]
2024-08-01 08:04:41.273 [info] > git show --textconv :restic/restore.sh [20ms]
2024-08-01 08:04:41.278 [info] > git ls-files --stage -- /home/loganmancuso/Documents/Backups/os-init/restic/restore.sh [8ms]
2024-08-01 08:04:41.289 [info] > git cat-file -s 87e7caa1e2b33aaecf24ddaba914e6f0c5431239 [3ms]
2024-08-01 08:04:42.031 [info] > git show --textconv :restic/backup.sh [13ms]
2024-08-01 08:04:42.033 [info] > git ls-files --stage -- /home/loganmancuso/Documents/Backups/os-init/restic/backup.sh [5ms]
2024-08-01 08:04:42.048 [info] > git cat-file -s ff708d1fe098bc298402c9bca68d3cb3b0c11773 [5ms]
2024-08-01 08:04:43.915 [info] > git show --textconv :bootstrap/init-debian.sh [12ms]
2024-08-01 08:04:43.918 [info] > git ls-files --stage -- /home/loganmancuso/Documents/Backups/os-init/bootstrap/init-debian.sh [5ms]
2024-08-01 08:04:43.930 [info] > git cat-file -s 550c21b3b6776ef0bb61c2e87db735e32d7c6e31 [3ms]
2024-08-01 08:05:29.212 [info] No remotes found in the git config file.
2024-08-01 08:05:29.214 [info] > git config --get commit.template [21ms]
2024-08-01 08:05:29.218 [info] > git for-each-ref --format=%(refname)%00%(upstream:short)%00%(objectname)%00%(upstream:track)%00%(upstream:remotename)%00%(upstream:remoteref) refs/heads/main refs/remotes/main [6ms]
2024-08-01 08:05:29.239 [info] > git status -z -uall [7ms]
2024-08-01 08:05:39.661 [info] No remotes found in the git config file.
2024-08-01 08:05:39.663 [info] > git config --get commit.template [16ms]
2024-08-01 08:05:39.665 [info] > git for-each-ref --format=%(refname)%00%(upstream:short)%00%(objectname)%00%(upstream:track)%00%(upstream:remotename)%00%(upstream:remoteref) refs/heads/main refs/remotes/main [4ms]
2024-08-01 08:05:39.682 [info] > git status -z -uall [6ms]
2024-08-01 08:05:58.065 [info] No remotes found in the git config file.
2024-08-01 08:05:58.065 [info] > git config --get commit.template [9ms]
2024-08-01 08:05:58.068 [info] > git for-each-ref --format=%(refname)%00%(upstream:short)%00%(objectname)%00%(upstream:track)%00%(upstream:remotename)%00%(upstream:remoteref) refs/heads/main refs/remotes/main [3ms]
2024-08-01 08:05:58.081 [info] > git status -z -uall [7ms]
2024-08-01 08:06:26.225 [info] No remotes found in the git config file.
2024-08-01 08:06:26.226 [info] > git config --get commit.template [19ms]
2024-08-01 08:06:26.231 [info] > git for-each-ref --format=%(refname)%00%(upstream:short)%00%(objectname)%00%(upstream:track)%00%(upstream:remotename)%00%(upstream:remoteref) refs/heads/main refs/remotes/main [7ms]
2024-08-01 08:06:26.247 [info] > git status -z -uall [6ms]
2024-08-01 08:07:11.788 [info] No remotes found in the git config file.
2024-08-01 08:07:11.789 [info] > git config --get commit.template [8ms]
2024-08-01 08:07:11.790 [info] > git for-each-ref --format=%(refname)%00%(upstream:short)%00%(objectname)%00%(upstream:track)%00%(upstream:remotename)%00%(upstream:remoteref) refs/heads/main refs/remotes/main [2ms]
2024-08-01 08:07:11.803 [info] > git status -z -uall [4ms]
2024-08-01 08:07:16.841 [info] No remotes found in the git config file.
2024-08-01 08:07:16.842 [info] > git config --get commit.template [18ms]
2024-08-01 08:07:16.844 [info] > git for-each-ref --format=%(refname)%00%(upstream:short)%00%(objectname)%00%(upstream:track)%00%(upstream:remotename)%00%(upstream:remoteref) refs/heads/main refs/remotes/main [4ms]
2024-08-01 08:07:16.853 [info] > git status -z -uall [3ms]
2024-08-01 08:07:21.899 [info] No remotes found in the git config file.
2024-08-01 08:07:21.902 [info] > git config --get commit.template [23ms]
2024-08-01 08:07:21.906 [info] > git for-each-ref --format=%(refname)%00%(upstream:short)%00%(objectname)%00%(upstream:track)%00%(upstream:remotename)%00%(upstream:remoteref) refs/heads/main refs/remotes/main [7ms]
2024-08-01 08:07:21.920 [info] > git status -z -uall [4ms]
2024-08-01 08:08:00.967 [info] No remotes found in the git config file.
2024-08-01 08:08:00.969 [info] > git config --get commit.template [21ms]
2024-08-01 08:08:00.973 [info] > git for-each-ref --format=%(refname)%00%(upstream:short)%00%(objectname)%00%(upstream:track)%00%(upstream:remotename)%00%(upstream:remoteref) refs/heads/main refs/remotes/main [7ms]
2024-08-01 08:08:00.991 [info] > git status -z -uall [4ms]
2024-08-01 08:08:11.908 [info] No remotes found in the git config file.
2024-08-01 08:08:11.910 [info] > git config --get commit.template [19ms]
2024-08-01 08:08:11.913 [info] > git for-each-ref --format=%(refname)%00%(upstream:short)%00%(objectname)%00%(upstream:track)%00%(upstream:remotename)%00%(upstream:remoteref) refs/heads/main refs/remotes/main [5ms]
2024-08-01 08:08:11.932 [info] > git status -z -uall [7ms]
2024-08-01 08:08:19.986 [info] No remotes found in the git config file.
2024-08-01 08:08:19.987 [info] > git config --get commit.template [19ms]
2024-08-01 08:08:19.991 [info] > git for-each-ref --format=%(refname)%00%(upstream:short)%00%(objectname)%00%(upstream:track)%00%(upstream:remotename)%00%(upstream:remoteref) refs/heads/main refs/remotes/main [6ms]
2024-08-01 08:08:20.007 [info] > git status -z -uall [6ms]
2024-08-01 08:08:30.074 [info] No remotes found in the git config file.
2024-08-01 08:08:30.075 [info] > git config --get commit.template [20ms]
2024-08-01 08:08:30.079 [info] > git for-each-ref --format=%(refname)%00%(upstream:short)%00%(objectname)%00%(upstream:track)%00%(upstream:remotename)%00%(upstream:remoteref) refs/heads/main refs/remotes/main [6ms]
2024-08-01 08:08:30.093 [info] > git status -z -uall [5ms]
2024-08-01 08:08:48.924 [info] No remotes found in the git config file.
2024-08-01 08:08:48.942 [info] > git config --get commit.template [19ms]
2024-08-01 08:08:48.945 [info] > git for-each-ref --format=%(refname)%00%(upstream:short)%00%(objectname)%00%(upstream:track)%00%(upstream:remotename)%00%(upstream:remoteref) refs/heads/main refs/remotes/main [5ms]
2024-08-01 08:08:48.956 [info] > git status -z -uall [4ms]
2024-08-01 08:08:53.999 [info] No remotes found in the git config file.
2024-08-01 08:08:54.001 [info] > git config --get commit.template [20ms]
2024-08-01 08:08:54.005 [info] > git for-each-ref --format=%(refname)%00%(upstream:short)%00%(objectname)%00%(upstream:track)%00%(upstream:remotename)%00%(upstream:remoteref) refs/heads/main refs/remotes/main [7ms]
2024-08-01 08:08:54.023 [info] > git status -z -uall [6ms]
2024-08-01 08:09:24.526 [info] No remotes found in the git config file.
2024-08-01 08:09:24.527 [info] > git config --get commit.template [15ms]
2024-08-01 08:09:24.530 [info] > git for-each-ref --format=%(refname)%00%(upstream:short)%00%(objectname)%00%(upstream:track)%00%(upstream:remotename)%00%(upstream:remoteref) refs/heads/main refs/remotes/main [4ms]
2024-08-01 08:09:24.542 [info] > git status -z -uall [4ms]
2024-08-01 08:10:52.622 [info] No remotes found in the git config file.
2024-08-01 08:10:52.624 [info] > git config --get commit.template [22ms]
2024-08-01 08:10:52.627 [info] > git for-each-ref --format=%(refname)%00%(upstream:short)%00%(objectname)%00%(upstream:track)%00%(upstream:remotename)%00%(upstream:remoteref) refs/heads/main refs/remotes/main [5ms]
2024-08-01 08:10:52.656 [info] > git status -z -uall [11ms]
2024-08-01 08:11:21.249 [info] No remotes found in the git config file.
2024-08-01 08:11:21.253 [info] > git config --get commit.template [23ms]
2024-08-01 08:11:21.255 [info] > git for-each-ref --format=%(refname)%00%(upstream:short)%00%(objectname)%00%(upstream:track)%00%(upstream:remotename)%00%(upstream:remoteref) refs/heads/main refs/remotes/main [7ms]
2024-08-01 08:11:21.272 [info] > git status -z -uall [6ms]
2024-08-01 08:11:31.961 [info] > git check-ignore -v -z --stdin [6ms]
2024-08-01 08:11:32.203 [info] No remotes found in the git config file.
2024-08-01 08:11:32.205 [info] > git config --get commit.template [20ms]
2024-08-01 08:11:32.210 [info] > git for-each-ref --format=%(refname)%00%(upstream:short)%00%(objectname)%00%(upstream:track)%00%(upstream:remotename)%00%(upstream:remoteref) refs/heads/main refs/remotes/main [7ms]
2024-08-01 08:11:32.226 [info] > git status -z -uall [4ms]
2024-08-01 08:14:53.684 [info] > git for-each-ref --format=%(refname)%00%(upstream:short)%00%(objectname)%00%(upstream:track)%00%(upstream:remotename)%00%(upstream:remoteref) refs/heads/main [3ms]
2024-08-01 08:14:53.696 [info] > git for-each-ref --format=%(refname)%00%(upstream:short)%00%(objectname)%00%(upstream:track)%00%(upstream:remotename)%00%(upstream:remoteref) refs/heads/main [3ms]
2024-08-01 08:14:53.709 [info] > git config --local branch.main.vscode-merge-base [3ms]
2024-08-01 08:14:53.709 [warning] git config failed: Failed to execute git
2024-08-01 08:14:53.722 [info] > git reflog refs/heads/main --grep-reflog=branch: Created from *. [5ms]
2024-08-01 08:14:53.738 [info] > git symbolic-ref --short refs/remotes/origin/HEAD [6ms]
2024-08-01 08:14:53.738 [info] fatal: ref refs/remotes/origin/HEAD is not a symbolic ref
2024-08-01 08:14:53.738 [info] GitHistoryProvider:resolveHistoryItemGroupBase - Failed to resolve history item group base for 'refs/heads/main'
2024-08-01 08:14:53.738 [info] GitHistoryProvider:resolveHistoryItemGroupCommonAncestor - Failed to resolve history item group base for 'refs/heads/main'
2024-08-01 08:14:53.848 [info] > git for-each-ref --format=%(refname)%00%(upstream:short)%00%(objectname)%00%(upstream:track)%00%(upstream:remotename)%00%(upstream:remoteref) refs/heads/main [3ms]
2024-08-01 08:14:53.857 [info] > git for-each-ref --format=%(refname)%00%(upstream:short)%00%(objectname)%00%(upstream:track)%00%(upstream:remotename)%00%(upstream:remoteref) refs/heads/main [2ms]
2024-08-01 08:14:53.866 [info] > git config --local branch.main.vscode-merge-base [3ms]
2024-08-01 08:14:53.866 [warning] git config failed: Failed to execute git
2024-08-01 08:14:53.879 [info] > git reflog refs/heads/main --grep-reflog=branch: Created from *. [4ms]
2024-08-01 08:14:53.889 [info] > git symbolic-ref --short refs/remotes/origin/HEAD [3ms]
2024-08-01 08:14:53.889 [info] fatal: ref refs/remotes/origin/HEAD is not a symbolic ref
2024-08-01 08:14:53.889 [info] GitHistoryProvider:resolveHistoryItemGroupBase - Failed to resolve history item group base for 'refs/heads/main'
2024-08-01 08:14:53.889 [info] GitHistoryProvider:resolveHistoryItemGroupCommonAncestor - Failed to resolve history item group base for 'refs/heads/main'
2024-08-01 08:14:54.396 [info] > git check-ignore -v -z --stdin [4ms]
2024-08-01 08:14:55.388 [info] > git show --textconv HEAD:bootstrap/init-debian.log [8ms]
2024-08-01 08:14:55.390 [info] > git ls-tree -l HEAD -- /home/loganmancuso/Documents/Backups/os-init/bootstrap/init-debian.log [2ms]
2024-08-01 08:14:59.364 [info] > git show --textconv HEAD:bootstrap/init-debian.sh [10ms]
2024-08-01 08:14:59.367 [info] > git ls-tree -l HEAD -- /home/loganmancuso/Documents/Backups/os-init/bootstrap/init-debian.sh [3ms]
2024-08-01 08:15:00.839 [info] > git for-each-ref --format=%(refname)%00%(upstream:short)%00%(objectname)%00%(upstream:track)%00%(upstream:remotename)%00%(upstream:remoteref) refs/heads/main [3ms]
2024-08-01 08:15:00.847 [info] > git for-each-ref --format=%(refname)%00%(upstream:short)%00%(objectname)%00%(upstream:track)%00%(upstream:remotename)%00%(upstream:remoteref) refs/heads/main [2ms]
2024-08-01 08:15:00.858 [info] > git config --local branch.main.vscode-merge-base [3ms]
2024-08-01 08:15:00.858 [warning] git config failed: Failed to execute git
2024-08-01 08:15:00.866 [info] > git reflog refs/heads/main --grep-reflog=branch: Created from *. [2ms]
2024-08-01 08:15:00.876 [info] > git symbolic-ref --short refs/remotes/origin/HEAD [2ms]
2024-08-01 08:15:00.876 [info] fatal: ref refs/remotes/origin/HEAD is not a symbolic ref
2024-08-01 08:15:00.876 [info] GitHistoryProvider:resolveHistoryItemGroupBase - Failed to resolve history item group base for 'refs/heads/main'
2024-08-01 08:15:00.876 [info] GitHistoryProvider:resolveHistoryItemGroupCommonAncestor - Failed to resolve history item group base for 'refs/heads/main'
2024-08-01 08:15:07.140 [info] > git show --textconv :.gitignore [14ms]
2024-08-01 08:15:07.143 [info] > git ls-files --stage -- /home/loganmancuso/Documents/Backups/os-init/.gitignore [4ms]
2024-08-01 08:15:07.398 [info] > git check-ignore -v -z --stdin [3ms]
2024-08-01 08:15:10.677 [info] > git check-ignore -v -z --stdin [43ms]
2024-08-01 08:15:10.678 [info] > git check-ignore -v -z --stdin [32ms]
2024-08-01 08:15:10.679 [info] > git check-ignore -v -z --stdin [21ms]
2024-08-01 08:15:10.680 [info] > git check-ignore -v -z --stdin [8ms]
2024-08-01 08:15:15.826 [info] > git for-each-ref --format=%(refname)%00%(upstream:short)%00%(objectname)%00%(upstream:track)%00%(upstream:remotename)%00%(upstream:remoteref) refs/heads/main [2ms]
2024-08-01 08:15:15.836 [info] > git for-each-ref --format=%(refname)%00%(upstream:short)%00%(objectname)%00%(upstream:track)%00%(upstream:remotename)%00%(upstream:remoteref) refs/heads/main [4ms]
2024-08-01 08:15:15.860 [info] > git config --local branch.main.vscode-merge-base [11ms]
2024-08-01 08:15:15.861 [warning] git config failed: Failed to execute git
2024-08-01 08:15:15.887 [info] > git reflog refs/heads/main --grep-reflog=branch: Created from *. [7ms]
2024-08-01 08:15:15.902 [info] > git symbolic-ref --short refs/remotes/origin/HEAD [4ms]
2024-08-01 08:15:15.902 [info] fatal: ref refs/remotes/origin/HEAD is not a symbolic ref
2024-08-01 08:15:15.902 [info] GitHistoryProvider:resolveHistoryItemGroupBase - Failed to resolve history item group base for 'refs/heads/main'
2024-08-01 08:15:15.902 [info] GitHistoryProvider:resolveHistoryItemGroupCommonAncestor - Failed to resolve history item group base for 'refs/heads/main'
2024-08-01 08:15:15.987 [info] > git for-each-ref --format=%(refname)%00%(upstream:short)%00%(objectname)%00%(upstream:track)%00%(upstream:remotename)%00%(upstream:remoteref) refs/heads/main [3ms]
2024-08-01 08:15:15.997 [info] > git for-each-ref --format=%(refname)%00%(upstream:short)%00%(objectname)%00%(upstream:track)%00%(upstream:remotename)%00%(upstream:remoteref) refs/heads/main [2ms]
2024-08-01 08:15:16.008 [info] > git config --local branch.main.vscode-merge-base [2ms]
2024-08-01 08:15:16.008 [warning] git config failed: Failed to execute git
2024-08-01 08:15:16.017 [info] > git reflog refs/heads/main --grep-reflog=branch: Created from *. [3ms]
2024-08-01 08:15:16.028 [info] > git symbolic-ref --short refs/remotes/origin/HEAD [2ms]
2024-08-01 08:15:16.028 [info] fatal: ref refs/remotes/origin/HEAD is not a symbolic ref
2024-08-01 08:15:16.028 [info] GitHistoryProvider:resolveHistoryItemGroupBase - Failed to resolve history item group base for 'refs/heads/main'
2024-08-01 08:15:16.028 [info] GitHistoryProvider:resolveHistoryItemGroupCommonAncestor - Failed to resolve history item group base for 'refs/heads/main'
2024-08-01 08:15:16.377 [info] > git check-ignore -v -z --stdin [15ms]
2024-08-01 08:15:16.380 [info] > git check-ignore -v -z --stdin [4ms]
2024-08-01 08:15:17.746 [info] > git show --textconv HEAD:bootstrap/init-debian.log [8ms]
2024-08-01 08:15:17.748 [info] > git ls-tree -l HEAD -- /home/loganmancuso/Documents/Backups/os-init/bootstrap/init-debian.log [2ms]
2024-08-01 08:15:50.182 [info] No remotes found in the git config file.
2024-08-01 08:15:50.183 [info] > git config --get commit.template [12ms]
2024-08-01 08:15:50.186 [info] > git for-each-ref --format=%(refname)%00%(upstream:short)%00%(objectname)%00%(upstream:track)%00%(upstream:remotename)%00%(upstream:remoteref) refs/heads/main refs/remotes/main [4ms]
2024-08-01 08:15:50.196 [info] > git status -z -uall [4ms]
2024-08-01 08:15:50.209 [info] > git for-each-ref --format=%(refname)%00%(upstream:short)%00%(objectname)%00%(upstream:track)%00%(upstream:remotename)%00%(upstream:remoteref) refs/heads/main [2ms]
2024-08-01 08:15:50.218 [info] > git for-each-ref --format=%(refname)%00%(upstream:short)%00%(objectname)%00%(upstream:track)%00%(upstream:remotename)%00%(upstream:remoteref) refs/heads/main [2ms]
2024-08-01 08:15:50.227 [info] > git config --local branch.main.vscode-merge-base [2ms]
2024-08-01 08:15:50.227 [warning] git config failed: Failed to execute git
2024-08-01 08:15:50.237 [info] > git reflog refs/heads/main --grep-reflog=branch: Created from *. [4ms]
2024-08-01 08:15:50.245 [info] > git symbolic-ref --short refs/remotes/origin/HEAD [2ms]
2024-08-01 08:15:50.245 [info] fatal: ref refs/remotes/origin/HEAD is not a symbolic ref
2024-08-01 08:15:50.245 [info] GitHistoryProvider:resolveHistoryItemGroupBase - Failed to resolve history item group base for 'refs/heads/main'
2024-08-01 08:15:50.245 [info] GitHistoryProvider:resolveHistoryItemGroupCommonAncestor - Failed to resolve history item group base for 'refs/heads/main'
2024-08-01 08:15:50.277 [info] > git for-each-ref --format=%(refname)%00%(upstream:short)%00%(objectname)%00%(upstream:track)%00%(upstream:remotename)%00%(upstream:remoteref) refs/heads/main [2ms]
2024-08-01 08:15:50.288 [info] > git for-each-ref --format=%(refname)%00%(upstream:short)%00%(objectname)%00%(upstream:track)%00%(upstream:remotename)%00%(upstream:remoteref) refs/heads/main [5ms]
2024-08-01 08:15:50.298 [info] > git config --local branch.main.vscode-merge-base [2ms]
2024-08-01 08:15:50.298 [warning] git config failed: Failed to execute git
2024-08-01 08:15:50.309 [info] > git reflog refs/heads/main --grep-reflog=branch: Created from *. [3ms]
2024-08-01 08:15:50.319 [info] > git symbolic-ref --short refs/remotes/origin/HEAD [3ms]
2024-08-01 08:15:50.319 [info] fatal: ref refs/remotes/origin/HEAD is not a symbolic ref
2024-08-01 08:15:50.319 [info] GitHistoryProvider:resolveHistoryItemGroupBase - Failed to resolve history item group base for 'refs/heads/main'
2024-08-01 08:15:50.319 [info] GitHistoryProvider:resolveHistoryItemGroupCommonAncestor - Failed to resolve history item group base for 'refs/heads/main'
2024-08-01 08:15:50.342 [info] > git for-each-ref --format=%(refname)%00%(upstream:short)%00%(objectname)%00%(upstream:track)%00%(upstream:remotename)%00%(upstream:remoteref) refs/heads/main [3ms]
2024-08-01 08:15:50.355 [info] > git for-each-ref --format=%(refname)%00%(upstream:short)%00%(objectname)%00%(upstream:track)%00%(upstream:remotename)%00%(upstream:remoteref) refs/heads/main [4ms]
2024-08-01 08:15:50.364 [info] > git config --local branch.main.vscode-merge-base [2ms]
2024-08-01 08:15:50.364 [warning] git config failed: Failed to execute git
2024-08-01 08:15:50.375 [info] > git reflog refs/heads/main --grep-reflog=branch: Created from *. [3ms]
2024-08-01 08:15:50.385 [info] > git symbolic-ref --short refs/remotes/origin/HEAD [3ms]
2024-08-01 08:15:50.385 [info] fatal: ref refs/remotes/origin/HEAD is not a symbolic ref
2024-08-01 08:15:50.385 [info] GitHistoryProvider:resolveHistoryItemGroupBase - Failed to resolve history item group base for 'refs/heads/main'
2024-08-01 08:15:50.385 [info] GitHistoryProvider:resolveHistoryItemGroupCommonAncestor - Failed to resolve history item group base for 'refs/heads/main'
2024-08-01 08:15:53.876 [info] > git show --textconv HEAD:init-debian.log [8ms]
2024-08-01 08:15:53.878 [info] > git ls-tree -l HEAD -- /home/loganmancuso/SourceControl/Personal/dotfiles/init-debian.log [2ms]
2024-08-01 08:16:00.164 [info] > git for-each-ref --format=%(refname)%00%(upstream:short)%00%(objectname)%00%(upstream:track)%00%(upstream:remotename)%00%(upstream:remoteref) refs/heads/main [2ms]
2024-08-01 08:16:00.175 [info] > git for-each-ref --format=%(refname)%00%(upstream:short)%00%(objectname)%00%(upstream:track)%00%(upstream:remotename)%00%(upstream:remoteref) refs/heads/main [3ms]
2024-08-01 08:16:00.186 [info] > git config --local branch.main.vscode-merge-base [4ms]
2024-08-01 08:16:00.186 [warning] git config failed: Failed to execute git
2024-08-01 08:16:00.194 [info] > git reflog refs/heads/main --grep-reflog=branch: Created from *. [2ms]
2024-08-01 08:16:00.204 [info] > git symbolic-ref --short refs/remotes/origin/HEAD [4ms]
2024-08-01 08:16:00.204 [info] fatal: ref refs/remotes/origin/HEAD is not a symbolic ref
2024-08-01 08:16:00.204 [info] GitHistoryProvider:resolveHistoryItemGroupBase - Failed to resolve history item group base for 'refs/heads/main'
2024-08-01 08:16:00.204 [info] GitHistoryProvider:resolveHistoryItemGroupCommonAncestor - Failed to resolve history item group base for 'refs/heads/main'
2024-08-01 08:16:01.674 [info] > git show --textconv :init-debian.log [13ms]
2024-08-01 08:16:01.676 [info] > git ls-files --stage -- /home/loganmancuso/SourceControl/Personal/dotfiles/init-debian.log [3ms]
2024-08-01 08:16:04.160 [info] > git show --textconv :.gitignore [18ms]
2024-08-01 08:16:04.163 [info] > git ls-files --stage -- /home/loganmancuso/Documents/Backups/os-init/.gitignore [3ms]
2024-08-01 08:16:04.174 [info] > git cat-file -s bf0824e596ed223ce8281e839c11e6c71d54892c [4ms]
2024-08-01 08:16:06.434 [info] > git show --textconv :README.md [9ms]
2024-08-01 08:16:06.437 [info] > git ls-files --stage -- /home/loganmancuso/SourceControl/Personal/dotfiles/README.md [4ms]
2024-08-01 08:16:06.447 [info] > git cat-file -s f1f6152a2dacaa90abaa89dda66ea2f2c1484132 [4ms]
2024-08-01 08:16:07.030 [info] > git show --textconv :stow-files.sh [14ms]
2024-08-01 08:16:07.032 [info] > git ls-files --stage -- /home/loganmancuso/SourceControl/Personal/dotfiles/stow-files.sh [4ms]
2024-08-01 08:16:52.978 [info] > git show --textconv :restic/backup.sh [20ms]
2024-08-01 08:16:52.983 [info] > git ls-files --stage -- /home/loganmancuso/Documents/Backups/os-init/restic/backup.sh [7ms]
2024-08-01 08:16:53.007 [info] > git cat-file -s ff708d1fe098bc298402c9bca68d3cb3b0c11773 [8ms]
2024-08-01 08:16:53.487 [info] > git show --textconv :restic/restore.sh [17ms]
2024-08-01 08:16:53.490 [info] > git ls-files --stage -- /home/loganmancuso/Documents/Backups/os-init/restic/restore.sh [4ms]
2024-08-01 08:16:53.500 [info] > git cat-file -s 87e7caa1e2b33aaecf24ddaba914e6f0c5431239 [3ms]
2024-08-01 08:16:55.256 [info] > git show --textconv :restic/restore.sh [8ms]
2024-08-01 08:16:55.257 [info] > git ls-files --stage -- /home/loganmancuso/Documents/Backups/os-init/restic/restore.sh [2ms]
2024-08-01 08:16:55.264 [info] > git cat-file -s 87e7caa1e2b33aaecf24ddaba914e6f0c5431239 [2ms]
2024-08-01 08:17:33.062 [info] > git ls-files --stage -- /home/loganmancuso/Documents/Backups/os-init/restic/backup.log [3ms]
2024-08-01 08:17:33.075 [info] > git cat-file -s 8631a750efb00d94ad8b083c26efd1ee9e697e54 [6ms]
2024-08-01 08:17:33.089 [info] > git show --textconv :restic/backup.log [39ms]
2024-08-01 08:17:35.685 [info] > git show --textconv :.gitignore [15ms]
2024-08-01 08:17:35.688 [info] > git ls-files --stage -- /home/loganmancuso/Documents/Backups/os-init/.gitignore [4ms]
2024-08-01 08:17:35.696 [info] > git cat-file -s bf0824e596ed223ce8281e839c11e6c71d54892c [2ms]
2024-08-01 08:17:36.147 [info] > git show --textconv :restic/restore.sh [10ms]
2024-08-01 08:17:36.148 [info] > git ls-files --stage -- /home/loganmancuso/Documents/Backups/os-init/restic/restore.sh [2ms]
2024-08-01 08:17:36.158 [info] > git cat-file -s 87e7caa1e2b33aaecf24ddaba914e6f0c5431239 [3ms]
2024-08-01 08:17:37.084 [info] > git check-ignore -v -z --stdin [3ms]
2024-08-01 08:17:38.285 [info] > git check-ignore -v -z --stdin [6ms]
2024-08-01 08:17:39.953 [info] > git check-ignore -v -z --stdin [6ms]
2024-08-01 08:17:41.452 [info] > git show --textconv :secrets/global_secrets.tfvars [9ms]
2024-08-01 08:17:41.454 [info] > git ls-files --stage -- /home/loganmancuso/Documents/Backups/os-init/secrets/global_secrets.tfvars [3ms]
2024-08-01 08:17:41.463 [info] > git cat-file -s b1ca295e9269623def276161bad6ac4dd47e53a2 [2ms]
2024-08-01 08:17:48.420 [info] > git show --textconv :secrets/global_secrets.tfvars [11ms]
2024-08-01 08:17:48.423 [info] > git ls-files --stage -- /home/loganmancuso/Documents/Backups/os-init/secrets/global_secrets.tfvars [6ms]
2024-08-01 08:17:48.432 [info] > git cat-file -s b1ca295e9269623def276161bad6ac4dd47e53a2 [3ms]
2024-08-01 08:17:54.582 [info] > git check-ignore -v -z --stdin [3ms]
2024-08-01 08:18:01.040 [info] > git show --textconv :stow-files.sh [21ms]
2024-08-01 08:18:01.046 [info] > git ls-files --stage -- /home/loganmancuso/SourceControl/Personal/dotfiles/stow-files.sh [8ms]
2024-08-01 08:18:01.068 [info] > git cat-file -s 0330d1590ebccf42cf40a1e43a5541d4d5186cab [8ms]
2024-08-01 08:18:11.059 [info] > git for-each-ref --format=%(refname)%00%(upstream:short)%00%(objectname)%00%(upstream:track)%00%(upstream:remotename)%00%(upstream:remoteref) refs/heads/main [2ms]
2024-08-01 08:18:11.068 [info] > git for-each-ref --format=%(refname)%00%(upstream:short)%00%(objectname)%00%(upstream:track)%00%(upstream:remotename)%00%(upstream:remoteref) refs/heads/main [2ms]
2024-08-01 08:18:11.079 [info] > git config --local branch.main.vscode-merge-base [2ms]
2024-08-01 08:18:11.079 [warning] git config failed: Failed to execute git
2024-08-01 08:18:11.088 [info] > git reflog refs/heads/main --grep-reflog=branch: Created from *. [4ms]
2024-08-01 08:18:11.096 [info] > git symbolic-ref --short refs/remotes/origin/HEAD [2ms]
2024-08-01 08:18:11.096 [info] fatal: ref refs/remotes/origin/HEAD is not a symbolic ref
2024-08-01 08:18:11.096 [info] GitHistoryProvider:resolveHistoryItemGroupBase - Failed to resolve history item group base for 'refs/heads/main'
2024-08-01 08:18:11.096 [info] GitHistoryProvider:resolveHistoryItemGroupCommonAncestor - Failed to resolve history item group base for 'refs/heads/main'
2024-08-01 08:18:11.146 [info] > git for-each-ref --format=%(refname)%00%(upstream:short)%00%(objectname)%00%(upstream:track)%00%(upstream:remotename)%00%(upstream:remoteref) refs/heads/main [2ms]
2024-08-01 08:18:11.159 [info] > git for-each-ref --format=%(refname)%00%(upstream:short)%00%(objectname)%00%(upstream:track)%00%(upstream:remotename)%00%(upstream:remoteref) refs/heads/main [5ms]
2024-08-01 08:18:11.174 [info] > git config --local branch.main.vscode-merge-base [5ms]
2024-08-01 08:18:11.174 [warning] git config failed: Failed to execute git
2024-08-01 08:18:11.185 [info] > git reflog refs/heads/main --grep-reflog=branch: Created from *. [3ms]
2024-08-01 08:18:11.198 [info] > git symbolic-ref --short refs/remotes/origin/HEAD [3ms]
2024-08-01 08:18:11.198 [info] fatal: ref refs/remotes/origin/HEAD is not a symbolic ref
2024-08-01 08:18:11.198 [info] GitHistoryProvider:resolveHistoryItemGroupBase - Failed to resolve history item group base for 'refs/heads/main'
2024-08-01 08:18:11.198 [info] GitHistoryProvider:resolveHistoryItemGroupCommonAncestor - Failed to resolve history item group base for 'refs/heads/main'
2024-08-01 08:18:12.544 [info] > git config --get commit.template [10ms]
2024-08-01 08:18:12.546 [info] > git for-each-ref --format=%(refname)%00%(upstream:short)%00%(objectname)%00%(upstream:track)%00%(upstream:remotename)%00%(upstream:remoteref) refs/heads/main refs/remotes/main [2ms]
2024-08-01 08:18:12.558 [info] > git status -z -uall [4ms]
2024-08-01 08:18:12.579 [info] > git merge-base refs/heads/main refs/remotes/origin/main [14ms]
2024-08-01 08:18:12.599 [info] > git rev-list --count --left-right refs/heads/main...refs/remotes/origin/main [11ms]
2024-08-01 08:18:12.608 [info] > git merge-base refs/heads/main refs/remotes/origin/main [30ms]
2024-08-01 08:18:12.618 [info] > git diff --name-status -z --diff-filter=ADMR 5c0229df9004fa290cca20572c5660a1c30e0c2a...refs/remotes/origin/main [10ms]
2024-08-01 08:18:12.622 [info] > git merge-base refs/heads/main refs/remotes/origin/main [24ms]
2024-08-01 08:18:12.634 [info] > git rev-list --count --left-right refs/heads/main...refs/remotes/origin/main [18ms]
2024-08-01 08:18:12.647 [info] > git rev-list --count --left-right refs/heads/main...refs/remotes/origin/main [15ms]
2024-08-01 08:18:12.648 [info] > git diff --name-status -z --diff-filter=ADMR 5c0229df9004fa290cca20572c5660a1c30e0c2a...refs/remotes/origin/main [3ms]
2024-08-01 08:18:14.941 [info] > git config --get commit.template [11ms]
2024-08-01 08:18:14.943 [info] > git for-each-ref --format=%(refname)%00%(upstream:short)%00%(objectname)%00%(upstream:track)%00%(upstream:remotename)%00%(upstream:remoteref) refs/heads/main refs/remotes/main [3ms]
2024-08-01 08:18:14.953 [info] > git status -z -uall [4ms]
2024-08-01 08:18:14.973 [info] > git merge-base refs/heads/main refs/remotes/gitlab/main [10ms]
2024-08-01 08:18:14.980 [info] > git merge-base refs/heads/main refs/remotes/gitlab/main [9ms]
2024-08-01 08:18:14.990 [info] > git rev-list --count --left-right refs/heads/main...refs/remotes/gitlab/main [12ms]
2024-08-01 08:18:15.000 [info] > git rev-list --count --left-right refs/heads/main...refs/remotes/gitlab/main [10ms]
2024-08-01 08:18:15.002 [info] > git diff --name-status -z --diff-filter=ADMR bd6746c639d7a80f049c832de9e4db6da6b9d8b8...refs/remotes/gitlab/main [3ms]
2024-08-01 08:19:16.562 [info] > git config --get commit.template [26ms]
2024-08-01 08:19:16.584 [info] > git config --get commit.template [27ms]
2024-08-01 08:19:16.600 [info] No remotes found in the git config file.
2024-08-01 08:19:16.622 [info] > git for-each-ref --format=%(refname)%00%(upstream:short)%00%(objectname)%00%(upstream:track)%00%(upstream:remotename)%00%(upstream:remoteref) refs/heads/main refs/remotes/main [22ms]
2024-08-01 08:19:16.640 [info] > git ls-files --stage -- /home/loganmancuso/SourceControl/Personal/dotfiles/stow-files.sh [60ms]
2024-08-01 08:19:16.658 [info] > git status -z -uall [19ms]
2024-08-01 08:19:16.667 [info] > git for-each-ref --format=%(refname)%00%(upstream:short)%00%(objectname)%00%(upstream:track)%00%(upstream:remotename)%00%(upstream:remoteref) refs/heads/main refs/remotes/main [50ms]
2024-08-01 08:19:16.668 [info] > git cat-file -s 0330d1590ebccf42cf40a1e43a5541d4d5186cab [16ms]
2024-08-01 08:19:16.712 [info] > git for-each-ref --format=%(refname)%00%(upstream:short)%00%(objectname)%00%(upstream:track)%00%(upstream:remotename)%00%(upstream:remoteref) refs/heads/main [24ms]
2024-08-01 08:19:16.745 [info] > git show --textconv :stow-files.sh [34ms]
2024-08-01 08:19:16.748 [info] > git for-each-ref --format=%(refname)%00%(upstream:short)%00%(objectname)%00%(upstream:track)%00%(upstream:remotename)%00%(upstream:remoteref) refs/heads/main [17ms]
2024-08-01 08:19:16.767 [info] > git status -z -uall [24ms]
2024-08-01 08:19:16.774 [info] > git config --local branch.main.vscode-merge-base [11ms]
2024-08-01 08:19:16.774 [warning] git config failed: Failed to execute git
2024-08-01 08:19:16.794 [info] > git reflog refs/heads/main --grep-reflog=branch: Created from *. [7ms]
2024-08-01 08:19:16.811 [info] > git symbolic-ref --short refs/remotes/origin/HEAD [6ms]
2024-08-01 08:19:16.811 [info] fatal: ref refs/remotes/origin/HEAD is not a symbolic ref
2024-08-01 08:19:16.811 [info] GitHistoryProvider:resolveHistoryItemGroupBase - Failed to resolve history item group base for 'refs/heads/main'
2024-08-01 08:19:16.811 [info] GitHistoryProvider:resolveHistoryItemGroupCommonAncestor - Failed to resolve history item group base for 'refs/heads/main'
2024-08-01 08:19:16.849 [info] > git for-each-ref --format=%(refname)%00%(upstream:short)%00%(objectname)%00%(upstream:track)%00%(upstream:remotename)%00%(upstream:remoteref) refs/heads/main [5ms]
2024-08-01 08:19:16.866 [info] > git for-each-ref --format=%(refname)%00%(upstream:short)%00%(objectname)%00%(upstream:track)%00%(upstream:remotename)%00%(upstream:remoteref) refs/heads/main [5ms]
2024-08-01 08:19:16.881 [info] > git config --local branch.main.vscode-merge-base [4ms]
2024-08-01 08:19:16.882 [warning] git config failed: Failed to execute git
2024-08-01 08:19:16.901 [info] > git reflog refs/heads/main --grep-reflog=branch: Created from *. [6ms]
2024-08-01 08:19:16.924 [info] > git symbolic-ref --short refs/remotes/origin/HEAD [6ms]
2024-08-01 08:19:16.924 [info] fatal: ref refs/remotes/origin/HEAD is not a symbolic ref
2024-08-01 08:19:16.924 [info] GitHistoryProvider:resolveHistoryItemGroupBase - Failed to resolve history item group base for 'refs/heads/main'
2024-08-01 08:19:16.924 [info] GitHistoryProvider:resolveHistoryItemGroupCommonAncestor - Failed to resolve history item group base for 'refs/heads/main'
2024-08-01 08:19:18.052 [info] > git for-each-ref --format=%(refname)%00%(upstream:short)%00%(objectname)%00%(upstream:track)%00%(upstream:remotename)%00%(upstream:remoteref) refs/heads/main [3ms]
2024-08-01 08:19:18.064 [info] > git for-each-ref --format=%(refname)%00%(upstream:short)%00%(objectname)%00%(upstream:track)%00%(upstream:remotename)%00%(upstream:remoteref) refs/heads/main [3ms]
2024-08-01 08:19:18.074 [info] > git config --local branch.main.vscode-merge-base [3ms]
2024-08-01 08:19:18.074 [warning] git config failed: Failed to execute git
2024-08-01 08:19:18.083 [info] > git reflog refs/heads/main --grep-reflog=branch: Created from *. [2ms]
2024-08-01 08:19:18.094 [info] > git symbolic-ref --short refs/remotes/origin/HEAD [3ms]
2024-08-01 08:19:18.094 [info] fatal: ref refs/remotes/origin/HEAD is not a symbolic ref
2024-08-01 08:19:18.094 [info] GitHistoryProvider:resolveHistoryItemGroupBase - Failed to resolve history item group base for 'refs/heads/main'
2024-08-01 08:19:18.094 [info] GitHistoryProvider:resolveHistoryItemGroupCommonAncestor - Failed to resolve history item group base for 'refs/heads/main'
2024-08-01 08:19:20.160 [info] > git check-ignore -v -z --stdin [7ms]
2024-08-01 08:19:21.701 [info] No remotes found in the git config file.
2024-08-01 08:19:21.703 [info] > git config --get commit.template [16ms]
2024-08-01 08:19:21.705 [info] > git for-each-ref --format=%(refname)%00%(upstream:short)%00%(objectname)%00%(upstream:track)%00%(upstream:remotename)%00%(upstream:remoteref) refs/heads/main refs/remotes/main [4ms]
2024-08-01 08:19:21.716 [info] > git status -z -uall [4ms]
2024-08-01 08:19:21.827 [info] > git for-each-ref --format=%(refname)%00%(upstream:short)%00%(objectname)%00%(upstream:track)%00%(upstream:remotename)%00%(upstream:remoteref) refs/heads/main refs/remotes/main [22ms]
2024-08-01 08:19:21.827 [info] > git config --get commit.template [42ms]
2024-08-01 08:19:21.830 [info] > git check-ignore -v -z --stdin [5ms]
2024-08-01 08:19:21.844 [info] > git status -z -uall [4ms]
2024-08-01 08:19:22.132 [info] > git show --textconv :git/dot-gitconfig [20ms]
2024-08-01 08:19:22.138 [info] > git ls-files --stage -- /home/loganmancuso/SourceControl/Personal/dotfiles/git/dot-gitconfig [8ms]
2024-08-01 08:19:22.163 [info] > git cat-file -s 3a0d5eb26d9abd516a1105c0192aaefe8d31ddc9 [7ms]
2024-08-01 08:19:28.612 [info] > git config --get commit.template [11ms]
2024-08-01 08:19:28.614 [info] > git for-each-ref --format=%(refname)%00%(upstream:short)%00%(objectname)%00%(upstream:track)%00%(upstream:remotename)%00%(upstream:remoteref) refs/heads/main refs/remotes/main [3ms]
2024-08-01 08:19:28.626 [info] > git status -z -uall [4ms]
2024-08-01 08:20:58.266 [info] > git for-each-ref --format=%(refname)%00%(upstream:short)%00%(objectname)%00%(upstream:track)%00%(upstream:remotename)%00%(upstream:remoteref) refs/heads/main [2ms]
2024-08-01 08:20:58.276 [info] > git for-each-ref --format=%(refname)%00%(upstream:short)%00%(objectname)%00%(upstream:track)%00%(upstream:remotename)%00%(upstream:remoteref) refs/heads/main [3ms]
2024-08-01 08:20:58.286 [info] > git config --local branch.main.vscode-merge-base [1ms]
2024-08-01 08:20:58.286 [warning] git config failed: Failed to execute git
2024-08-01 08:20:58.295 [info] > git reflog refs/heads/main --grep-reflog=branch: Created from *. [3ms]
2024-08-01 08:20:58.304 [info] > git symbolic-ref --short refs/remotes/origin/HEAD [2ms]
2024-08-01 08:20:58.304 [info] fatal: ref refs/remotes/origin/HEAD is not a symbolic ref
2024-08-01 08:20:58.304 [info] GitHistoryProvider:resolveHistoryItemGroupBase - Failed to resolve history item group base for 'refs/heads/main'
2024-08-01 08:20:58.304 [info] GitHistoryProvider:resolveHistoryItemGroupCommonAncestor - Failed to resolve history item group base for 'refs/heads/main'
2024-08-01 08:20:58.365 [info] > git for-each-ref --format=%(refname)%00%(upstream:short)%00%(objectname)%00%(upstream:track)%00%(upstream:remotename)%00%(upstream:remoteref) refs/heads/main [2ms]
2024-08-01 08:20:58.376 [info] > git for-each-ref --format=%(refname)%00%(upstream:short)%00%(objectname)%00%(upstream:track)%00%(upstream:remotename)%00%(upstream:remoteref) refs/heads/main [4ms]
2024-08-01 08:20:58.384 [info] > git config --local branch.main.vscode-merge-base [1ms]
2024-08-01 08:20:58.384 [warning] git config failed: Failed to execute git
2024-08-01 08:20:58.396 [info] > git reflog refs/heads/main --grep-reflog=branch: Created from *. [2ms]
2024-08-01 08:20:58.402 [info] > git symbolic-ref --short refs/remotes/origin/HEAD [2ms]
2024-08-01 08:20:58.402 [info] fatal: ref refs/remotes/origin/HEAD is not a symbolic ref
2024-08-01 08:20:58.402 [info] GitHistoryProvider:resolveHistoryItemGroupBase - Failed to resolve history item group base for 'refs/heads/main'
2024-08-01 08:20:58.402 [info] GitHistoryProvider:resolveHistoryItemGroupCommonAncestor - Failed to resolve history item group base for 'refs/heads/main'
2024-08-01 08:20:59.769 [info] > git show --textconv HEAD:git/dot-gitconfig [8ms]
2024-08-01 08:20:59.770 [info] > git ls-tree -l HEAD -- /home/loganmancuso/SourceControl/Personal/dotfiles/git/dot-gitconfig [2ms]
2024-08-01 08:21:04.890 [info] > git show --textconv :git/dot-gitconfig [8ms]
2024-08-01 08:21:04.891 [info] > git ls-files --stage -- /home/loganmancuso/SourceControl/Personal/dotfiles/git/dot-gitconfig [4ms]
2024-08-01 08:21:04.899 [info] > git cat-file -s 3a0d5eb26d9abd516a1105c0192aaefe8d31ddc9 [2ms]
2024-08-01 08:21:07.317 [info] > git for-each-ref --format=%(refname)%00%(upstream:short)%00%(objectname)%00%(upstream:track)%00%(upstream:remotename)%00%(upstream:remoteref) refs/heads/main [4ms]
2024-08-01 08:21:07.334 [info] > git for-each-ref --format=%(refname)%00%(upstream:short)%00%(objectname)%00%(upstream:track)%00%(upstream:remotename)%00%(upstream:remoteref) refs/heads/main [4ms]
2024-08-01 08:21:07.350 [info] > git config --local branch.main.vscode-merge-base [4ms]
2024-08-01 08:21:07.350 [warning] git config failed: Failed to execute git
2024-08-01 08:21:07.368 [info] > git reflog refs/heads/main --grep-reflog=branch: Created from *. [5ms]
2024-08-01 08:21:07.389 [info] > git symbolic-ref --short refs/remotes/origin/HEAD [7ms]
2024-08-01 08:21:07.389 [info] fatal: ref refs/remotes/origin/HEAD is not a symbolic ref
2024-08-01 08:21:07.389 [info] GitHistoryProvider:resolveHistoryItemGroupBase - Failed to resolve history item group base for 'refs/heads/main'
2024-08-01 08:21:07.389 [info] GitHistoryProvider:resolveHistoryItemGroupCommonAncestor - Failed to resolve history item group base for 'refs/heads/main'
2024-08-01 08:22:11.814 [info] > git check-ignore -v -z --stdin [7ms]
2024-08-01 08:22:12.335 [info] > git config --get commit.template [15ms]
2024-08-01 08:22:12.339 [info] > git for-each-ref --format=%(refname)%00%(upstream:short)%00%(objectname)%00%(upstream:track)%00%(upstream:remotename)%00%(upstream:remoteref) refs/heads/main refs/remotes/main [6ms]
2024-08-01 08:22:12.388 [info] > git status -z -uall [31ms]
2024-08-01 08:22:38.054 [info] > git config --get commit.template [22ms]
2024-08-01 08:22:38.060 [info] > git for-each-ref --format=%(refname)%00%(upstream:short)%00%(objectname)%00%(upstream:track)%00%(upstream:remotename)%00%(upstream:remoteref) refs/heads/main refs/remotes/main [7ms]
2024-08-01 08:22:38.093 [info] > git status -z -uall [22ms]
2024-08-01 08:22:40.746 [info] > git check-ignore -v -z --stdin [6ms]
2024-08-01 08:22:49.653 [info] > git config --get commit.template [20ms]
2024-08-01 08:22:49.659 [info] > git for-each-ref --format=%(refname)%00%(upstream:short)%00%(objectname)%00%(upstream:track)%00%(upstream:remotename)%00%(upstream:remoteref) refs/heads/main refs/remotes/main [7ms]
2024-08-01 08:22:49.698 [info] > git status -z -uall [23ms]
2024-08-01 08:22:49.732 [info] > git check-ignore -v -z --stdin [3ms]
2024-08-01 08:22:52.506 [info] > git check-ignore -v -z --stdin [5ms]
2024-08-01 08:22:56.798 [info] > git check-ignore -v -z --stdin [8ms]
2024-08-01 08:22:57.321 [info] > git config --get commit.template [20ms]
2024-08-01 08:22:57.326 [info] > git for-each-ref --format=%(refname)%00%(upstream:short)%00%(objectname)%00%(upstream:track)%00%(upstream:remotename)%00%(upstream:remoteref) refs/heads/main refs/remotes/main [7ms]
2024-08-01 08:22:57.369 [info] > git status -z -uall [27ms]
2024-08-01 08:23:03.265 [info] > git check-ignore -v -z --stdin [5ms]
2024-08-01 08:23:04.339 [info] > git check-ignore -v -z --stdin [5ms]
2024-08-01 08:23:05.434 [info] > git check-ignore -v -z --stdin [7ms]
2024-08-01 08:23:06.642 [info] > git check-ignore -v -z --stdin [6ms]
2024-08-01 08:23:15.663 [info] > git check-ignore -v -z --stdin [6ms]
2024-08-01 08:23:18.054 [info] > git show --textconv :vscode/dot-config/VSCodium/User/settings.json [9ms]
2024-08-01 08:23:18.056 [info] > git ls-files --stage -- /home/loganmancuso/SourceControl/Personal/dotfiles/vscode/dot-config/VSCodium/User/settings.json [3ms]
2024-08-01 08:23:18.802 [info] > git show --textconv :vscode/dot-config/VSCodium/User/syncLocalSettings.json [21ms]
2024-08-01 08:23:18.808 [info] > git ls-files --stage -- /home/loganmancuso/SourceControl/Personal/dotfiles/vscode/dot-config/VSCodium/User/syncLocalSettings.json [8ms]
2024-08-01 08:23:22.803 [info] > git check-ignore -v -z --stdin [4ms]
2024-08-01 08:23:31.186 [info] > git show --textconv :stow-files.sh [15ms]
2024-08-01 08:23:31.190 [info] > git ls-files --stage -- /home/loganmancuso/SourceControl/Personal/dotfiles/stow-files.sh [5ms]
2024-08-01 08:23:31.203 [info] > git cat-file -s 0330d1590ebccf42cf40a1e43a5541d4d5186cab [3ms]
2024-08-01 08:23:41.377 [info] > git config --get commit.template [12ms]
2024-08-01 08:23:41.380 [info] > git for-each-ref --format=%(refname)%00%(upstream:short)%00%(objectname)%00%(upstream:track)%00%(upstream:remotename)%00%(upstream:remoteref) refs/heads/main refs/remotes/main [3ms]
2024-08-01 08:23:41.405 [info] > git status -z -uall [18ms]
2024-08-01 08:23:51.975 [info] > git config --get commit.template [20ms]
2024-08-01 08:23:51.982 [info] > git for-each-ref --format=%(refname)%00%(upstream:short)%00%(objectname)%00%(upstream:track)%00%(upstream:remotename)%00%(upstream:remoteref) refs/heads/main refs/remotes/main [9ms]
2024-08-01 08:23:52.023 [info] > git status -z -uall [28ms]
2024-08-01 08:24:11.169 [info] > git config --get commit.template [20ms]
2024-08-01 08:24:11.171 [info] > git for-each-ref --format=%(refname)%00%(upstream:short)%00%(objectname)%00%(upstream:track)%00%(upstream:remotename)%00%(upstream:remoteref) refs/heads/main refs/remotes/main [4ms]
2024-08-01 08:24:11.197 [info] > git status -z -uall [17ms]
2024-08-01 08:24:28.730 [info] > git config --get commit.template [17ms]
2024-08-01 08:24:28.734 [info] > git for-each-ref --format=%(refname)%00%(upstream:short)%00%(objectname)%00%(upstream:track)%00%(upstream:remotename)%00%(upstream:remoteref) refs/heads/main refs/remotes/main [5ms]
2024-08-01 08:24:28.770 [info] > git status -z -uall [24ms]
2024-08-01 08:24:44.059 [info] > git config --get commit.template [16ms]
2024-08-01 08:24:44.065 [info] > git for-each-ref --format=%(refname)%00%(upstream:short)%00%(objectname)%00%(upstream:track)%00%(upstream:remotename)%00%(upstream:remoteref) refs/heads/main refs/remotes/main [7ms]
2024-08-01 08:24:44.103 [info] > git status -z -uall [27ms]
2024-08-01 08:24:44.152 [info] > git ls-files --stage -- /home/loganmancuso/SourceControl/Personal/dotfiles/stow-files.sh [4ms]
2024-08-01 08:24:44.165 [info] > git cat-file -s e2a816e55a5830f548db345562cd8a09ae765541 [2ms]
2024-08-01 08:24:44.180 [info] > git show --textconv :stow-files.sh [7ms]
2024-08-01 08:24:49.165 [info] > git config --get commit.template [19ms]
2024-08-01 08:24:49.169 [info] > git for-each-ref --format=%(refname)%00%(upstream:short)%00%(objectname)%00%(upstream:track)%00%(upstream:remotename)%00%(upstream:remoteref) refs/heads/main refs/remotes/main [6ms]
2024-08-01 08:24:49.215 [info] > git status -z -uall [33ms]
