2024-08-01 07:39:30.173 [info] Log level: Info
2024-08-01 07:39:30.173 [info] Validating found git in: "git"
2024-08-01 07:39:30.173 [info] Using git "2.43.0" from "git"
2024-08-01 07:39:30.173 [info] > git rev-parse --show-toplevel [37ms]
2024-08-01 07:39:30.173 [info] > git rev-parse --git-dir --git-common-dir [3ms]
2024-08-01 07:39:30.173 [info] Open repository: /home/loganmancuso/SourceControl/Workspaces
2024-08-01 07:39:30.174 [info] > git config --get commit.template [9ms]
2024-08-01 07:39:30.176 [info] > git rev-parse --show-toplevel [4ms]
2024-08-01 07:39:30.205 [info] > git for-each-ref --format=%(refname)%00%(upstream:short)%00%(objectname)%00%(upstream:track)%00%(upstream:remotename)%00%(upstream:remoteref) refs/heads/main refs/remotes/main [20ms]
2024-08-01 07:39:30.218 [info] > git rev-parse --git-dir --git-common-dir [25ms]
2024-08-01 07:39:30.222 [info] Open repository: /home/loganmancuso/SourceControl/Snippets/prompt-work
2024-08-01 07:39:30.275 [info] > git rev-parse --show-toplevel [14ms]
2024-08-01 07:39:30.276 [info] > git config --get commit.template [23ms]
2024-08-01 07:39:30.307 [info] > git status -z -uall [21ms]
2024-08-01 07:39:30.319 [info] > git rev-parse --git-dir --git-common-dir [26ms]
2024-08-01 07:39:30.333 [info] Open repository: /home/loganmancuso/Documents/Backups/os-init
2024-08-01 07:39:30.412 [info] > git merge-base refs/heads/main refs/remotes/gitlab/main [58ms]
2024-08-01 07:39:30.423 [info] > git for-each-ref --format=%(refname)%00%(upstream:short)%00%(objectname)%00%(upstream:track)%00%(upstream:remotename)%00%(upstream:remoteref) refs/heads/main refs/remotes/main [120ms]
2024-08-01 07:39:30.456 [info] > git rev-list --count --left-right refs/heads/main...refs/remotes/gitlab/main [34ms]
2024-08-01 07:39:30.465 [info] > git config --get commit.template [60ms]
2024-08-01 07:39:30.466 [info] > git rev-parse --show-toplevel [71ms]
2024-08-01 07:39:30.466 [info] > git config --get commit.template [85ms]
2024-08-01 07:39:30.487 [info] > git diff --name-status -z --diff-filter=ADMR bd6746c639d7a80f049c832de9e4db6da6b9d8b8...refs/remotes/gitlab/main [22ms]
2024-08-01 07:39:30.495 [info] No remotes found in the git config file.
2024-08-01 07:39:30.508 [info] > git for-each-ref --format=%(refname)%00%(upstream:short)%00%(objectname)%00%(upstream:track)%00%(upstream:remotename)%00%(upstream:remoteref) refs/heads/main refs/remotes/main [13ms]
2024-08-01 07:39:30.508 [warning] No such branch: main.
2024-08-01 07:39:30.517 [info] > git rev-parse --git-dir --git-common-dir [30ms]
2024-08-01 07:39:30.531 [info] Open repository: /home/loganmancuso/SourceControl/Personal/dotfiles
2024-08-01 07:39:30.553 [info] > git status -z -uall [45ms]
2024-08-01 07:39:30.553 [info] > git status -z -uall [37ms]
2024-08-01 07:39:30.577 [info] > git for-each-ref --format=%(refname)%00%(upstream:short)%00%(objectname)%00%(upstream:track)%00%(upstream:remotename)%00%(upstream:remoteref) refs/heads/main refs/remotes/main [76ms]
2024-08-01 07:39:30.591 [info] > git merge-base refs/heads/main refs/remotes/origin/main [22ms]
2024-08-01 07:39:30.599 [info] > git rev-parse --show-toplevel [48ms]
2024-08-01 07:39:30.599 [info] > git config --get commit.template [57ms]
2024-08-01 07:39:30.617 [info] > git rev-list --count --left-right refs/heads/main...refs/remotes/origin/main [19ms]
2024-08-01 07:39:30.624 [info] > git config --get commit.template [34ms]
2024-08-01 07:39:30.624 [info] > git config --get commit.template [39ms]
2024-08-01 07:39:30.642 [info] > git diff --name-status -z --diff-filter=ADMR 1770558b62a41d58e989f9fd7d0be45bbe19d6df...refs/remotes/origin/main [18ms]
2024-08-01 07:39:30.643 [info] > git rev-parse --show-toplevel [28ms]
2024-08-01 07:39:30.645 [info] No remotes found in the git config file.
2024-08-01 07:39:30.744 [info] > git status -z -uall [78ms]
2024-08-01 07:39:30.745 [info] > git rev-parse --show-toplevel [72ms]
2024-08-01 07:39:30.747 [info] > git for-each-ref --format=%(refname)%00%(upstream:short)%00%(objectname)%00%(upstream:track)%00%(upstream:remotename)%00%(upstream:remoteref) refs/heads/main refs/remotes/main [89ms]
2024-08-01 07:39:30.748 [info] > git for-each-ref --format=%(refname)%00%(upstream:short)%00%(objectname)%00%(upstream:track)%00%(upstream:remotename)%00%(upstream:remoteref) refs/heads/main refs/remotes/main [96ms]
2024-08-01 07:39:30.748 [warning] No such branch: main.
2024-08-01 07:39:30.756 [info] > git for-each-ref --format=%(refname)%00%(upstream:short)%00%(objectname)%00%(upstream:track)%00%(upstream:remotename)%00%(upstream:remoteref) refs/heads/main refs/remotes/main [115ms]
2024-08-01 07:39:30.844 [info] > git status -z -uall [88ms]
2024-08-01 07:39:30.857 [info] > git rev-parse --show-toplevel [72ms]
2024-08-01 07:39:30.900 [info] > git status -z -uall [26ms]
2024-08-01 07:39:30.900 [info] > git status -z -uall [19ms]
2024-08-01 07:39:30.900 [info] > git rev-parse --show-toplevel [12ms]
2024-08-01 07:39:30.943 [info] > git merge-base refs/heads/main refs/remotes/origin/main [35ms]
2024-08-01 07:39:30.977 [info] > git rev-list --count --left-right refs/heads/main...refs/remotes/origin/main [25ms]
2024-08-01 07:39:30.987 [info] > git config --get commit.template [45ms]
2024-08-01 07:39:30.987 [info] > git rev-parse --show-toplevel [53ms]
2024-08-01 07:39:31.029 [info] > git rev-parse --show-toplevel [21ms]
2024-08-01 07:39:31.029 [info] > git diff --name-status -z --diff-filter=ADMR 55a8928e704850e9425f48569244c52021ea52cb...refs/remotes/origin/main [43ms]
2024-08-01 07:39:31.043 [info] > git for-each-ref --format=%(refname)%00%(upstream:short)%00%(objectname)%00%(upstream:track)%00%(upstream:remotename)%00%(upstream:remoteref) refs/heads/main refs/remotes/main [15ms]
2024-08-01 07:39:31.067 [info] > git rev-parse --show-toplevel [18ms]
2024-08-01 07:39:31.103 [info] > git status -z -uall [8ms]
2024-08-01 07:39:31.103 [info] > git rev-parse --show-toplevel [24ms]
2024-08-01 07:39:31.156 [info] > git check-ignore -v -z --stdin [33ms]
2024-08-01 07:39:31.157 [info] > git check-ignore -v -z --stdin [27ms]
2024-08-01 07:39:31.157 [info] > git check-ignore -v -z --stdin [20ms]
2024-08-01 07:39:31.158 [info] > git check-ignore -v -z --stdin [15ms]
2024-08-01 07:39:31.158 [info] > git rev-parse --show-toplevel [43ms]
2024-08-01 07:39:31.467 [info] > git show --textconv :restic/backup.sh [7ms]
2024-08-01 07:39:31.468 [info] > git ls-files --stage -- /home/loganmancuso/Documents/Backups/os-init/restic/backup.sh [2ms]
2024-08-01 07:39:33.140 [info] > git show --textconv :bootstrap/init-debian.sh [6ms]
2024-08-01 07:39:33.141 [info] > git ls-files --stage -- /home/loganmancuso/Documents/Backups/os-init/bootstrap/init-debian.sh [2ms]
2024-08-01 07:40:41.590 [info] No remotes found in the git config file.
2024-08-01 07:40:41.594 [info] > git config --get commit.template [21ms]
2024-08-01 07:40:41.595 [info] > git for-each-ref --format=%(refname)%00%(upstream:short)%00%(objectname)%00%(upstream:track)%00%(upstream:remotename)%00%(upstream:remoteref) refs/heads/main refs/remotes/main [6ms]
2024-08-01 07:40:41.596 [warning] No such branch: main.
2024-08-01 07:40:41.612 [info] > git status -z -uall [5ms]
2024-08-01 07:40:48.901 [info] No remotes found in the git config file.
2024-08-01 07:40:48.904 [info] > git config --get commit.template [18ms]
2024-08-01 07:40:48.906 [info] > git for-each-ref --format=%(refname)%00%(upstream:short)%00%(objectname)%00%(upstream:track)%00%(upstream:remotename)%00%(upstream:remoteref) refs/heads/main refs/remotes/main [5ms]
2024-08-01 07:40:48.907 [warning] No such branch: main.
2024-08-01 07:40:48.924 [info] > git status -z -uall [4ms]
2024-08-01 07:41:07.696 [info] > git rev-parse --show-toplevel [2ms]
2024-08-01 07:41:07.696 [info] fatal: not a git repository (or any of the parent directories): .git
2024-08-01 07:42:07.249 [info] > git show --textconv :bootstrap/init-debian.sh [9ms]
2024-08-01 07:42:07.251 [info] > git ls-files --stage -- /home/loganmancuso/Documents/Backups/os-init/bootstrap/init-debian.sh [3ms]
2024-08-01 07:42:16.118 [info] > git rev-parse --show-toplevel [2ms]
2024-08-01 07:42:16.118 [info] fatal: not a git repository (or any of the parent directories): .git
2024-08-01 07:42:41.393 [info] > git show --textconv :bootstrap/init-debian.sh [8ms]
2024-08-01 07:42:41.395 [info] > git ls-files --stage -- /home/loganmancuso/Documents/Backups/os-init/bootstrap/init-debian.sh [3ms]
2024-08-01 07:43:33.472 [info] No remotes found in the git config file.
2024-08-01 07:43:33.472 [info] > git config --get commit.template [6ms]
2024-08-01 07:43:33.473 [info] > git for-each-ref --format=%(refname)%00%(upstream:short)%00%(objectname)%00%(upstream:track)%00%(upstream:remotename)%00%(upstream:remoteref) refs/heads/main refs/remotes/main [2ms]
2024-08-01 07:43:33.473 [warning] No such branch: main.
2024-08-01 07:43:33.480 [info] > git status -z -uall [2ms]
2024-08-01 07:43:33.648 [info] > git rev-parse --show-toplevel [2ms]
2024-08-01 07:43:33.648 [info] fatal: not a git repository (or any of the parent directories): .git
2024-08-01 07:43:38.008 [info] > git show --textconv :bootstrap/init-debian.sh [9ms]
2024-08-01 07:43:38.010 [info] > git ls-files --stage -- /home/loganmancuso/Documents/Backups/os-init/bootstrap/init-debian.sh [3ms]
2024-08-01 07:43:45.982 [info] > git rev-parse --show-toplevel [1ms]
2024-08-01 07:43:45.982 [info] fatal: not a git repository (or any of the parent directories): .git
2024-08-01 07:43:51.786 [info] > git show --textconv :bootstrap/init-debian.sh [7ms]
2024-08-01 07:43:51.788 [info] > git ls-files --stage -- /home/loganmancuso/Documents/Backups/os-init/bootstrap/init-debian.sh [2ms]
2024-08-01 07:44:16.184 [info] No remotes found in the git config file.
2024-08-01 07:44:16.197 [info] > git config --get commit.template [13ms]
2024-08-01 07:44:16.198 [info] > git for-each-ref --format=%(refname)%00%(upstream:short)%00%(objectname)%00%(upstream:track)%00%(upstream:remotename)%00%(upstream:remoteref) refs/heads/main refs/remotes/main [3ms]
2024-08-01 07:44:16.198 [warning] No such branch: main.
2024-08-01 07:44:16.218 [info] > git status -z -uall [6ms]
2024-08-01 07:44:16.536 [info] > git rev-parse --show-toplevel [4ms]
2024-08-01 07:44:16.536 [info] fatal: not a git repository (or any of the parent directories): .git
2024-08-01 07:44:22.193 [info] > git show --textconv :bootstrap/init-debian.sh [20ms]
2024-08-01 07:44:22.198 [info] > git ls-files --stage -- /home/loganmancuso/Documents/Backups/os-init/bootstrap/init-debian.sh [6ms]
2024-08-01 07:44:28.633 [info] > git rev-parse --show-toplevel [2ms]
2024-08-01 07:44:28.633 [info] fatal: not a git repository (or any of the parent directories): .git
2024-08-01 07:44:54.582 [info] > git show --textconv :bootstrap/init-debian.sh [14ms]
2024-08-01 07:44:54.583 [info] > git ls-files --stage -- /home/loganmancuso/Documents/Backups/os-init/bootstrap/init-debian.sh [4ms]
2024-08-01 07:45:02.430 [info] > git rev-parse --show-toplevel [1ms]
2024-08-01 07:45:02.430 [info] fatal: not a git repository (or any of the parent directories): .git
