2024-07-31 23:00:27.836 [info] Extension host with pid 50463 started
2024-07-31 23:00:27.837 [info] Skipping acquiring lock for /home/loganmancuso/.config/VSCodium/User/workspaceStorage/77f35f266b2704abb99b6f16ff5252d6.
2024-07-31 23:00:28.104 [info] ExtensionService#_doActivateExtension vscode.emmet, startup: false, activationEvent: 'onLanguage'
2024-07-31 23:00:28.368 [info] ExtensionService#_doActivateExtension vscode.git-base, startup: true, activationEvent: '*', root cause: vscode.git
2024-07-31 23:00:28.370 [info] ExtensionService#_doActivateExtension Shan.code-settings-sync, startup: true, activationEvent: '*'
2024-07-31 23:00:28.705 [info] ExtensionService#_doActivateExtension vscode.git, startup: true, activationEvent: '*'
2024-07-31 23:00:28.747 [info] ExtensionService#_doActivateExtension vscode.github, startup: true, activationEvent: '*'
2024-07-31 23:00:29.042 [info] ExtensionService#_doActivateExtension gamunu.opentofu, startup: true, activationEvent: 'workspaceContains:**/*.tf,**/*.tfvars'
2024-07-31 23:00:29.310 [info] Eager extensions activated
2024-07-31 23:00:29.396 [info] ExtensionService#_doActivateExtension vscode.debug-auto-launch, startup: false, activationEvent: 'onStartupFinished'
2024-07-31 23:00:29.398 [info] ExtensionService#_doActivateExtension vscode.merge-conflict, startup: false, activationEvent: 'onStartupFinished'
2024-07-31 23:05:08.899 [info] ExtensionService#_doActivateExtension vscode.extension-editing, startup: false, activationEvent: 'onLanguage:markdown'
2024-07-31 23:05:08.905 [info] ExtensionService#_doActivateExtension vscode.markdown-language-features, startup: false, activationEvent: 'onLanguage:markdown'
2024-07-31 23:05:09.474 [info] ExtensionService#_doActivateExtension vscode.markdown-math, startup: false, activationEvent: 'api', root cause: vscode.markdown-language-features
2024-07-31 23:08:08.439 [info] ExtensionService#_doActivateExtension vscode.json-language-features, startup: false, activationEvent: 'onLanguage:jsonc'
2024-07-31 23:08:08.468 [info] ExtensionService#_doActivateExtension vscode.typescript-language-features, startup: false, activationEvent: 'onLanguage:jsonc'
2024-07-31 23:08:08.554 [info] Extension host terminating: renderer closed the MessagePort
2024-07-31 23:08:08.584 [error] Canceled: Canceled
	at Object.I [as canceled] (/snap/codium/394/usr/share/codium/resources/app/out/vs/workbench/api/node/extensionHostProcess.js:10:1182)
	at /snap/codium/394/usr/share/codium/resources/app/out/vs/workbench/api/node/extensionHostProcess.js:150:3004
	at Array.forEach (<anonymous>)
	at c.dispose (/snap/codium/394/usr/share/codium/resources/app/out/vs/workbench/api/node/extensionHostProcess.js:150:2908)
	at f.terminate (/snap/codium/394/usr/share/codium/resources/app/out/vs/workbench/api/node/extensionHostProcess.js:159:10454)
	at a.terminate (/snap/codium/394/usr/share/codium/resources/app/out/vs/workbench/api/node/extensionHostProcess.js:163:1908)
	at t (/snap/codium/394/usr/share/codium/resources/app/out/vs/workbench/api/node/extensionHostProcess.js:176:11627)
	at MessagePortMain.<anonymous> (/snap/codium/394/usr/share/codium/resources/app/out/vs/workbench/api/node/extensionHostProcess.js:176:7702)
	at MessagePortMain.emit (node:events:517:28)
	at MessagePortMain._internalPort.emit (node:electron/js2c/utility_init:2:2285) setContext undefined
2024-07-31 23:08:08.584 [error] Canceled: Canceled
	at Object.I [as canceled] (/snap/codium/394/usr/share/codium/resources/app/out/vs/workbench/api/node/extensionHostProcess.js:10:1182)
	at /snap/codium/394/usr/share/codium/resources/app/out/vs/workbench/api/node/extensionHostProcess.js:150:3004
	at Array.forEach (<anonymous>)
	at c.dispose (/snap/codium/394/usr/share/codium/resources/app/out/vs/workbench/api/node/extensionHostProcess.js:150:2908)
	at f.terminate (/snap/codium/394/usr/share/codium/resources/app/out/vs/workbench/api/node/extensionHostProcess.js:159:10454)
	at a.terminate (/snap/codium/394/usr/share/codium/resources/app/out/vs/workbench/api/node/extensionHostProcess.js:163:1908)
	at t (/snap/codium/394/usr/share/codium/resources/app/out/vs/workbench/api/node/extensionHostProcess.js:176:11627)
	at MessagePortMain.<anonymous> (/snap/codium/394/usr/share/codium/resources/app/out/vs/workbench/api/node/extensionHostProcess.js:176:7702)
	at MessagePortMain.emit (node:events:517:28)
	at MessagePortMain._internalPort.emit (node:electron/js2c/utility_init:2:2285) setContext undefined
2024-07-31 23:08:08.587 [error] Canceled: Canceled
	at new L (/snap/codium/394/usr/share/codium/resources/app/out/vs/workbench/api/node/extensionHostProcess.js:143:50578)
	at c._remoteCall (/snap/codium/394/usr/share/codium/resources/app/out/vs/workbench/api/node/extensionHostProcess.js:150:7677)
	at x.<computed>.z.charCodeAt.x.<computed> (/snap/codium/394/usr/share/codium/resources/app/out/vs/workbench/api/node/extensionHostProcess.js:150:4229)
	at r._doExecuteCommand (/snap/codium/394/usr/share/codium/resources/app/out/vs/workbench/api/node/extensionHostProcess.js:153:224943)
	at r.executeCommand (/snap/codium/394/usr/share/codium/resources/app/out/vs/workbench/api/node/extensionHostProcess.js:153:224268)
	at _.registerCommand.description (/snap/codium/394/usr/share/codium/resources/app/out/vs/workbench/api/node/extensionHostProcess.js:153:223512)
	at r._executeContributedCommand (/snap/codium/394/usr/share/codium/resources/app/out/vs/workbench/api/node/extensionHostProcess.js:153:225581)
	at r._doExecuteCommand (/snap/codium/394/usr/share/codium/resources/app/out/vs/workbench/api/node/extensionHostProcess.js:153:224401)
	at r.executeCommand (/snap/codium/394/usr/share/codium/resources/app/out/vs/workbench/api/node/extensionHostProcess.js:153:224268)
	at Object.executeCommand (/snap/codium/394/usr/share/codium/resources/app/out/vs/workbench/api/node/extensionHostProcess.js:163:29252)
	at a.O [as value] (/snap/codium/394/usr/share/codium/resources/app/extensions/git/dist/main.js:2:945087)
	at o._deliver (/snap/codium/394/usr/share/codium/resources/app/out/vs/workbench/api/node/extensionHostProcess.js:82:838)
	at o._deliverQueue (/snap/codium/394/usr/share/codium/resources/app/out/vs/workbench/api/node/extensionHostProcess.js:82:929)
	at o.fire (/snap/codium/394/usr/share/codium/resources/app/out/vs/workbench/api/node/extensionHostProcess.js:82:1264)
	at Object.p [as dispose] (/snap/codium/394/usr/share/codium/resources/app/extensions/git/dist/main.js:2:964171)
	at /snap/codium/394/usr/share/codium/resources/app/extensions/git/dist/main.js:2:970209
	at Array.forEach (<anonymous>)
	at f.dispose (/snap/codium/394/usr/share/codium/resources/app/extensions/git/dist/main.js:2:970195)
	at d.<anonymous> (/snap/codium/394/usr/share/codium/resources/app/out/vs/workbench/api/node/extensionHostProcess.js:151:5993)
	at d.dispose (/snap/codium/394/usr/share/codium/resources/app/out/vs/workbench/api/node/extensionHostProcess.js:151:6090)
	at d.<anonymous> (/snap/codium/394/usr/share/codium/resources/app/extensions/git/dist/main.js:2:947344)
	at d.dispose (/snap/codium/394/usr/share/codium/resources/app/out/vs/workbench/api/node/extensionHostProcess.js:151:6090)
	at a (/snap/codium/394/usr/share/codium/resources/app/out/vs/workbench/api/node/extensionHostProcess.js:30:758)
	at f._deactivate (/snap/codium/394/usr/share/codium/resources/app/out/vs/workbench/api/node/extensionHostProcess.js:159:12988)
	at /snap/codium/394/usr/share/codium/resources/app/out/vs/workbench/api/node/extensionHostProcess.js:159:10107
	at Array.map (<anonymous>)
	at f._deactivateAll (/snap/codium/394/usr/share/codium/resources/app/out/vs/workbench/api/node/extensionHostProcess.js:159:10094)
	at f.terminate (/snap/codium/394/usr/share/codium/resources/app/out/vs/workbench/api/node/extensionHostProcess.js:159:10478)
	at a.terminate (/snap/codium/394/usr/share/codium/resources/app/out/vs/workbench/api/node/extensionHostProcess.js:163:1908)
	at t (/snap/codium/394/usr/share/codium/resources/app/out/vs/workbench/api/node/extensionHostProcess.js:176:11627)
	at MessagePortMain.<anonymous> (/snap/codium/394/usr/share/codium/resources/app/out/vs/workbench/api/node/extensionHostProcess.js:176:7702)
	at MessagePortMain.emit (node:events:517:28)
	at MessagePortMain._internalPort.emit (node:electron/js2c/utility_init:2:2285) setContext undefined
2024-07-31 23:08:08.589 [error] Canceled: Canceled
	at new L (/snap/codium/394/usr/share/codium/resources/app/out/vs/workbench/api/node/extensionHostProcess.js:143:50578)
	at c._remoteCall (/snap/codium/394/usr/share/codium/resources/app/out/vs/workbench/api/node/extensionHostProcess.js:150:7677)
	at x.<computed>.z.charCodeAt.x.<computed> (/snap/codium/394/usr/share/codium/resources/app/out/vs/workbench/api/node/extensionHostProcess.js:150:4229)
	at r._doExecuteCommand (/snap/codium/394/usr/share/codium/resources/app/out/vs/workbench/api/node/extensionHostProcess.js:153:224943)
	at r.executeCommand (/snap/codium/394/usr/share/codium/resources/app/out/vs/workbench/api/node/extensionHostProcess.js:153:224268)
	at _.registerCommand.description (/snap/codium/394/usr/share/codium/resources/app/out/vs/workbench/api/node/extensionHostProcess.js:153:223512)
	at r._executeContributedCommand (/snap/codium/394/usr/share/codium/resources/app/out/vs/workbench/api/node/extensionHostProcess.js:153:225581)
	at r._doExecuteCommand (/snap/codium/394/usr/share/codium/resources/app/out/vs/workbench/api/node/extensionHostProcess.js:153:224401)
	at r.executeCommand (/snap/codium/394/usr/share/codium/resources/app/out/vs/workbench/api/node/extensionHostProcess.js:153:224268)
	at Object.executeCommand (/snap/codium/394/usr/share/codium/resources/app/out/vs/workbench/api/node/extensionHostProcess.js:163:29252)
	at set hasGitHubRepositories [as hasGitHubRepositories] (/snap/codium/394/usr/share/codium/resources/app/extensions/github/dist/extension.js:2:322918)
	at /snap/codium/394/usr/share/codium/resources/app/extensions/github/dist/extension.js:2:323877
	at a.value (/snap/codium/394/usr/share/codium/resources/app/extensions/git/dist/main.js:2:1050660)
	at o._deliver (/snap/codium/394/usr/share/codium/resources/app/out/vs/workbench/api/node/extensionHostProcess.js:82:838)
	at o._deliverQueue (/snap/codium/394/usr/share/codium/resources/app/out/vs/workbench/api/node/extensionHostProcess.js:82:929)
	at o.fire (/snap/codium/394/usr/share/codium/resources/app/out/vs/workbench/api/node/extensionHostProcess.js:82:1264)
	at Object.p [as dispose] (/snap/codium/394/usr/share/codium/resources/app/extensions/git/dist/main.js:2:964171)
	at /snap/codium/394/usr/share/codium/resources/app/extensions/git/dist/main.js:2:970209
	at Array.forEach (<anonymous>)
	at f.dispose (/snap/codium/394/usr/share/codium/resources/app/extensions/git/dist/main.js:2:970195)
	at d.<anonymous> (/snap/codium/394/usr/share/codium/resources/app/out/vs/workbench/api/node/extensionHostProcess.js:151:5993)
	at d.dispose (/snap/codium/394/usr/share/codium/resources/app/out/vs/workbench/api/node/extensionHostProcess.js:151:6090)
	at d.<anonymous> (/snap/codium/394/usr/share/codium/resources/app/extensions/git/dist/main.js:2:947344)
	at d.dispose (/snap/codium/394/usr/share/codium/resources/app/out/vs/workbench/api/node/extensionHostProcess.js:151:6090)
	at a (/snap/codium/394/usr/share/codium/resources/app/out/vs/workbench/api/node/extensionHostProcess.js:30:758)
	at f._deactivate (/snap/codium/394/usr/share/codium/resources/app/out/vs/workbench/api/node/extensionHostProcess.js:159:12988)
	at /snap/codium/394/usr/share/codium/resources/app/out/vs/workbench/api/node/extensionHostProcess.js:159:10107
	at Array.map (<anonymous>)
	at f._deactivateAll (/snap/codium/394/usr/share/codium/resources/app/out/vs/workbench/api/node/extensionHostProcess.js:159:10094)
	at f.terminate (/snap/codium/394/usr/share/codium/resources/app/out/vs/workbench/api/node/extensionHostProcess.js:159:10478)
	at a.terminate (/snap/codium/394/usr/share/codium/resources/app/out/vs/workbench/api/node/extensionHostProcess.js:163:1908)
	at t (/snap/codium/394/usr/share/codium/resources/app/out/vs/workbench/api/node/extensionHostProcess.js:176:11627)
	at MessagePortMain.<anonymous> (/snap/codium/394/usr/share/codium/resources/app/out/vs/workbench/api/node/extensionHostProcess.js:176:7702)
	at MessagePortMain.emit (node:events:517:28)
	at MessagePortMain._internalPort.emit (node:electron/js2c/utility_init:2:2285) setContext undefined
2024-07-31 23:08:08.590 [error] Canceled: Canceled
	at new L (/snap/codium/394/usr/share/codium/resources/app/out/vs/workbench/api/node/extensionHostProcess.js:143:50578)
	at c._remoteCall (/snap/codium/394/usr/share/codium/resources/app/out/vs/workbench/api/node/extensionHostProcess.js:150:7677)
	at x.<computed>.z.charCodeAt.x.<computed> (/snap/codium/394/usr/share/codium/resources/app/out/vs/workbench/api/node/extensionHostProcess.js:150:4229)
	at r._doExecuteCommand (/snap/codium/394/usr/share/codium/resources/app/out/vs/workbench/api/node/extensionHostProcess.js:153:224943)
	at r.executeCommand (/snap/codium/394/usr/share/codium/resources/app/out/vs/workbench/api/node/extensionHostProcess.js:153:224268)
	at _.registerCommand.description (/snap/codium/394/usr/share/codium/resources/app/out/vs/workbench/api/node/extensionHostProcess.js:153:223512)
	at r._executeContributedCommand (/snap/codium/394/usr/share/codium/resources/app/out/vs/workbench/api/node/extensionHostProcess.js:153:225581)
	at r._doExecuteCommand (/snap/codium/394/usr/share/codium/resources/app/out/vs/workbench/api/node/extensionHostProcess.js:153:224401)
	at r.executeCommand (/snap/codium/394/usr/share/codium/resources/app/out/vs/workbench/api/node/extensionHostProcess.js:153:224268)
	at Object.executeCommand (/snap/codium/394/usr/share/codium/resources/app/out/vs/workbench/api/node/extensionHostProcess.js:163:29252)
	at a.O [as value] (/snap/codium/394/usr/share/codium/resources/app/extensions/git/dist/main.js:2:945087)
	at o._deliver (/snap/codium/394/usr/share/codium/resources/app/out/vs/workbench/api/node/extensionHostProcess.js:82:838)
	at o._deliverQueue (/snap/codium/394/usr/share/codium/resources/app/out/vs/workbench/api/node/extensionHostProcess.js:82:929)
	at o.fire (/snap/codium/394/usr/share/codium/resources/app/out/vs/workbench/api/node/extensionHostProcess.js:82:1264)
	at Object.p [as dispose] (/snap/codium/394/usr/share/codium/resources/app/extensions/git/dist/main.js:2:964171)
	at /snap/codium/394/usr/share/codium/resources/app/extensions/git/dist/main.js:2:970209
	at Array.forEach (<anonymous>)
	at f.dispose (/snap/codium/394/usr/share/codium/resources/app/extensions/git/dist/main.js:2:970195)
	at d.<anonymous> (/snap/codium/394/usr/share/codium/resources/app/out/vs/workbench/api/node/extensionHostProcess.js:151:5993)
	at d.dispose (/snap/codium/394/usr/share/codium/resources/app/out/vs/workbench/api/node/extensionHostProcess.js:151:6090)
	at d.<anonymous> (/snap/codium/394/usr/share/codium/resources/app/extensions/git/dist/main.js:2:947344)
	at d.dispose (/snap/codium/394/usr/share/codium/resources/app/out/vs/workbench/api/node/extensionHostProcess.js:151:6090)
	at a (/snap/codium/394/usr/share/codium/resources/app/out/vs/workbench/api/node/extensionHostProcess.js:30:758)
	at f._deactivate (/snap/codium/394/usr/share/codium/resources/app/out/vs/workbench/api/node/extensionHostProcess.js:159:12988)
	at /snap/codium/394/usr/share/codium/resources/app/out/vs/workbench/api/node/extensionHostProcess.js:159:10107
	at Array.map (<anonymous>)
	at f._deactivateAll (/snap/codium/394/usr/share/codium/resources/app/out/vs/workbench/api/node/extensionHostProcess.js:159:10094)
	at f.terminate (/snap/codium/394/usr/share/codium/resources/app/out/vs/workbench/api/node/extensionHostProcess.js:159:10478)
	at a.terminate (/snap/codium/394/usr/share/codium/resources/app/out/vs/workbench/api/node/extensionHostProcess.js:163:1908)
	at t (/snap/codium/394/usr/share/codium/resources/app/out/vs/workbench/api/node/extensionHostProcess.js:176:11627)
	at MessagePortMain.<anonymous> (/snap/codium/394/usr/share/codium/resources/app/out/vs/workbench/api/node/extensionHostProcess.js:176:7702)
	at MessagePortMain.emit (node:events:517:28)
	at MessagePortMain._internalPort.emit (node:electron/js2c/utility_init:2:2285) setContext undefined
2024-07-31 23:08:08.591 [error] Canceled: Canceled
	at new L (/snap/codium/394/usr/share/codium/resources/app/out/vs/workbench/api/node/extensionHostProcess.js:143:50578)
	at c._remoteCall (/snap/codium/394/usr/share/codium/resources/app/out/vs/workbench/api/node/extensionHostProcess.js:150:7677)
	at x.<computed>.z.charCodeAt.x.<computed> (/snap/codium/394/usr/share/codium/resources/app/out/vs/workbench/api/node/extensionHostProcess.js:150:4229)
	at r._doExecuteCommand (/snap/codium/394/usr/share/codium/resources/app/out/vs/workbench/api/node/extensionHostProcess.js:153:224943)
	at r.executeCommand (/snap/codium/394/usr/share/codium/resources/app/out/vs/workbench/api/node/extensionHostProcess.js:153:224268)
	at _.registerCommand.description (/snap/codium/394/usr/share/codium/resources/app/out/vs/workbench/api/node/extensionHostProcess.js:153:223512)
	at r._executeContributedCommand (/snap/codium/394/usr/share/codium/resources/app/out/vs/workbench/api/node/extensionHostProcess.js:153:225581)
	at r._doExecuteCommand (/snap/codium/394/usr/share/codium/resources/app/out/vs/workbench/api/node/extensionHostProcess.js:153:224401)
	at r.executeCommand (/snap/codium/394/usr/share/codium/resources/app/out/vs/workbench/api/node/extensionHostProcess.js:153:224268)
	at Object.executeCommand (/snap/codium/394/usr/share/codium/resources/app/out/vs/workbench/api/node/extensionHostProcess.js:163:29252)
	at set hasGitHubRepositories [as hasGitHubRepositories] (/snap/codium/394/usr/share/codium/resources/app/extensions/github/dist/extension.js:2:322918)
	at /snap/codium/394/usr/share/codium/resources/app/extensions/github/dist/extension.js:2:323877
	at a.value (/snap/codium/394/usr/share/codium/resources/app/extensions/git/dist/main.js:2:1050660)
	at o._deliver (/snap/codium/394/usr/share/codium/resources/app/out/vs/workbench/api/node/extensionHostProcess.js:82:838)
	at o._deliverQueue (/snap/codium/394/usr/share/codium/resources/app/out/vs/workbench/api/node/extensionHostProcess.js:82:929)
	at o.fire (/snap/codium/394/usr/share/codium/resources/app/out/vs/workbench/api/node/extensionHostProcess.js:82:1264)
	at Object.p [as dispose] (/snap/codium/394/usr/share/codium/resources/app/extensions/git/dist/main.js:2:964171)
	at /snap/codium/394/usr/share/codium/resources/app/extensions/git/dist/main.js:2:970209
	at Array.forEach (<anonymous>)
	at f.dispose (/snap/codium/394/usr/share/codium/resources/app/extensions/git/dist/main.js:2:970195)
	at d.<anonymous> (/snap/codium/394/usr/share/codium/resources/app/out/vs/workbench/api/node/extensionHostProcess.js:151:5993)
	at d.dispose (/snap/codium/394/usr/share/codium/resources/app/out/vs/workbench/api/node/extensionHostProcess.js:151:6090)
	at d.<anonymous> (/snap/codium/394/usr/share/codium/resources/app/extensions/git/dist/main.js:2:947344)
	at d.dispose (/snap/codium/394/usr/share/codium/resources/app/out/vs/workbench/api/node/extensionHostProcess.js:151:6090)
	at a (/snap/codium/394/usr/share/codium/resources/app/out/vs/workbench/api/node/extensionHostProcess.js:30:758)
	at f._deactivate (/snap/codium/394/usr/share/codium/resources/app/out/vs/workbench/api/node/extensionHostProcess.js:159:12988)
	at /snap/codium/394/usr/share/codium/resources/app/out/vs/workbench/api/node/extensionHostProcess.js:159:10107
	at Array.map (<anonymous>)
	at f._deactivateAll (/snap/codium/394/usr/share/codium/resources/app/out/vs/workbench/api/node/extensionHostProcess.js:159:10094)
	at f.terminate (/snap/codium/394/usr/share/codium/resources/app/out/vs/workbench/api/node/extensionHostProcess.js:159:10478)
	at a.terminate (/snap/codium/394/usr/share/codium/resources/app/out/vs/workbench/api/node/extensionHostProcess.js:163:1908)
	at t (/snap/codium/394/usr/share/codium/resources/app/out/vs/workbench/api/node/extensionHostProcess.js:176:11627)
	at MessagePortMain.<anonymous> (/snap/codium/394/usr/share/codium/resources/app/out/vs/workbench/api/node/extensionHostProcess.js:176:7702)
	at MessagePortMain.emit (node:events:517:28)
	at MessagePortMain._internalPort.emit (node:electron/js2c/utility_init:2:2285) setContext undefined
2024-07-31 23:08:08.619 [info] Extension host with pid 50463 exiting with code 0
2024-07-31 23:08:09.198 [info] Extension host with pid 55143 started
2024-07-31 23:08:09.198 [info] Skipping acquiring lock for /home/loganmancuso/.config/VSCodium/User/workspaceStorage/77f35f266b2704abb99b6f16ff5252d6.
2024-07-31 23:08:09.215 [info] ExtensionService#_doActivateExtension vscode.emmet, startup: false, activationEvent: 'onLanguage'
2024-07-31 23:08:09.224 [info] ExtensionService#_doActivateExtension vscode.extension-editing, startup: false, activationEvent: 'onLanguage:markdown'
2024-07-31 23:08:09.229 [info] ExtensionService#_doActivateExtension vscode.markdown-language-features, startup: false, activationEvent: 'onLanguage:markdown'
2024-07-31 23:08:09.342 [info] ExtensionService#_doActivateExtension vscode.git-base, startup: false, activationEvent: 'onFileSystem:git', root cause: vscode.git
2024-07-31 23:08:09.345 [info] ExtensionService#_doActivateExtension vscode.json-language-features, startup: false, activationEvent: 'onLanguage:jsonc'
2024-07-31 23:08:09.366 [info] ExtensionService#_doActivateExtension vscode.typescript-language-features, startup: false, activationEvent: 'onLanguage:jsonc'
2024-07-31 23:08:09.430 [info] ExtensionService#_doActivateExtension vscode.git, startup: false, activationEvent: 'onFileSystem:git'
2024-07-31 23:08:09.826 [info] ExtensionService#_doActivateExtension vscode.github, startup: true, activationEvent: '*'
2024-07-31 23:08:09.840 [info] ExtensionService#_doActivateExtension Shan.code-settings-sync, startup: true, activationEvent: '*'
2024-07-31 23:08:10.074 [info] ExtensionService#_doActivateExtension gamunu.opentofu, startup: true, activationEvent: 'workspaceContains:**/*.tf,**/*.tfvars'
2024-07-31 23:08:10.196 [info] Eager extensions activated
2024-07-31 23:08:10.236 [info] ExtensionService#_doActivateExtension vscode.debug-auto-launch, startup: false, activationEvent: 'onStartupFinished'
2024-07-31 23:08:10.240 [info] ExtensionService#_doActivateExtension vscode.merge-conflict, startup: false, activationEvent: 'onStartupFinished'
2024-07-31 23:08:10.946 [info] Extension host terminating: renderer closed the MessagePort
2024-07-31 23:08:10.980 [error] Canceled: Canceled
	at new L (/snap/codium/394/usr/share/codium/resources/app/out/vs/workbench/api/node/extensionHostProcess.js:143:50578)
	at c._remoteCall (/snap/codium/394/usr/share/codium/resources/app/out/vs/workbench/api/node/extensionHostProcess.js:150:7677)
	at x.<computed>.z.charCodeAt.x.<computed> (/snap/codium/394/usr/share/codium/resources/app/out/vs/workbench/api/node/extensionHostProcess.js:150:4229)
	at r._doExecuteCommand (/snap/codium/394/usr/share/codium/resources/app/out/vs/workbench/api/node/extensionHostProcess.js:153:224943)
	at r.executeCommand (/snap/codium/394/usr/share/codium/resources/app/out/vs/workbench/api/node/extensionHostProcess.js:153:224268)
	at _.registerCommand.description (/snap/codium/394/usr/share/codium/resources/app/out/vs/workbench/api/node/extensionHostProcess.js:153:223512)
	at r._executeContributedCommand (/snap/codium/394/usr/share/codium/resources/app/out/vs/workbench/api/node/extensionHostProcess.js:153:225581)
	at r._doExecuteCommand (/snap/codium/394/usr/share/codium/resources/app/out/vs/workbench/api/node/extensionHostProcess.js:153:224401)
	at r.executeCommand (/snap/codium/394/usr/share/codium/resources/app/out/vs/workbench/api/node/extensionHostProcess.js:153:224268)
	at Object.executeCommand (/snap/codium/394/usr/share/codium/resources/app/out/vs/workbench/api/node/extensionHostProcess.js:163:29252)
	at a.O [as value] (/snap/codium/394/usr/share/codium/resources/app/extensions/git/dist/main.js:2:945087)
	at o._deliver (/snap/codium/394/usr/share/codium/resources/app/out/vs/workbench/api/node/extensionHostProcess.js:82:838)
	at o._deliverQueue (/snap/codium/394/usr/share/codium/resources/app/out/vs/workbench/api/node/extensionHostProcess.js:82:929)
	at o.fire (/snap/codium/394/usr/share/codium/resources/app/out/vs/workbench/api/node/extensionHostProcess.js:82:1264)
	at Object.p [as dispose] (/snap/codium/394/usr/share/codium/resources/app/extensions/git/dist/main.js:2:964171)
	at /snap/codium/394/usr/share/codium/resources/app/extensions/git/dist/main.js:2:970209
	at Array.forEach (<anonymous>)
	at f.dispose (/snap/codium/394/usr/share/codium/resources/app/extensions/git/dist/main.js:2:970195)
	at d.<anonymous> (/snap/codium/394/usr/share/codium/resources/app/out/vs/workbench/api/node/extensionHostProcess.js:151:5993)
	at d.dispose (/snap/codium/394/usr/share/codium/resources/app/out/vs/workbench/api/node/extensionHostProcess.js:151:6090)
	at d.<anonymous> (/snap/codium/394/usr/share/codium/resources/app/extensions/git/dist/main.js:2:947344)
	at d.dispose (/snap/codium/394/usr/share/codium/resources/app/out/vs/workbench/api/node/extensionHostProcess.js:151:6090)
	at a (/snap/codium/394/usr/share/codium/resources/app/out/vs/workbench/api/node/extensionHostProcess.js:30:758)
	at f._deactivate (/snap/codium/394/usr/share/codium/resources/app/out/vs/workbench/api/node/extensionHostProcess.js:159:12988)
	at /snap/codium/394/usr/share/codium/resources/app/out/vs/workbench/api/node/extensionHostProcess.js:159:10107
	at Array.map (<anonymous>)
	at f._deactivateAll (/snap/codium/394/usr/share/codium/resources/app/out/vs/workbench/api/node/extensionHostProcess.js:159:10094)
	at f.terminate (/snap/codium/394/usr/share/codium/resources/app/out/vs/workbench/api/node/extensionHostProcess.js:159:10478)
	at a.terminate (/snap/codium/394/usr/share/codium/resources/app/out/vs/workbench/api/node/extensionHostProcess.js:163:1908)
	at t (/snap/codium/394/usr/share/codium/resources/app/out/vs/workbench/api/node/extensionHostProcess.js:176:11627)
	at MessagePortMain.<anonymous> (/snap/codium/394/usr/share/codium/resources/app/out/vs/workbench/api/node/extensionHostProcess.js:176:7702)
	at MessagePortMain.emit (node:events:517:28)
	at MessagePortMain._internalPort.emit (node:electron/js2c/utility_init:2:2285) setContext undefined
2024-07-31 23:08:10.981 [error] Canceled: Canceled
	at new L (/snap/codium/394/usr/share/codium/resources/app/out/vs/workbench/api/node/extensionHostProcess.js:143:50578)
	at c._remoteCall (/snap/codium/394/usr/share/codium/resources/app/out/vs/workbench/api/node/extensionHostProcess.js:150:7677)
	at x.<computed>.z.charCodeAt.x.<computed> (/snap/codium/394/usr/share/codium/resources/app/out/vs/workbench/api/node/extensionHostProcess.js:150:4229)
	at r._doExecuteCommand (/snap/codium/394/usr/share/codium/resources/app/out/vs/workbench/api/node/extensionHostProcess.js:153:224943)
	at r.executeCommand (/snap/codium/394/usr/share/codium/resources/app/out/vs/workbench/api/node/extensionHostProcess.js:153:224268)
	at _.registerCommand.description (/snap/codium/394/usr/share/codium/resources/app/out/vs/workbench/api/node/extensionHostProcess.js:153:223512)
	at r._executeContributedCommand (/snap/codium/394/usr/share/codium/resources/app/out/vs/workbench/api/node/extensionHostProcess.js:153:225581)
	at r._doExecuteCommand (/snap/codium/394/usr/share/codium/resources/app/out/vs/workbench/api/node/extensionHostProcess.js:153:224401)
	at r.executeCommand (/snap/codium/394/usr/share/codium/resources/app/out/vs/workbench/api/node/extensionHostProcess.js:153:224268)
	at Object.executeCommand (/snap/codium/394/usr/share/codium/resources/app/out/vs/workbench/api/node/extensionHostProcess.js:163:29252)
	at set hasGitHubRepositories [as hasGitHubRepositories] (/snap/codium/394/usr/share/codium/resources/app/extensions/github/dist/extension.js:2:322918)
	at /snap/codium/394/usr/share/codium/resources/app/extensions/github/dist/extension.js:2:323877
	at a.value (/snap/codium/394/usr/share/codium/resources/app/extensions/git/dist/main.js:2:1050660)
	at o._deliver (/snap/codium/394/usr/share/codium/resources/app/out/vs/workbench/api/node/extensionHostProcess.js:82:838)
	at o._deliverQueue (/snap/codium/394/usr/share/codium/resources/app/out/vs/workbench/api/node/extensionHostProcess.js:82:929)
	at o.fire (/snap/codium/394/usr/share/codium/resources/app/out/vs/workbench/api/node/extensionHostProcess.js:82:1264)
	at Object.p [as dispose] (/snap/codium/394/usr/share/codium/resources/app/extensions/git/dist/main.js:2:964171)
	at /snap/codium/394/usr/share/codium/resources/app/extensions/git/dist/main.js:2:970209
	at Array.forEach (<anonymous>)
	at f.dispose (/snap/codium/394/usr/share/codium/resources/app/extensions/git/dist/main.js:2:970195)
	at d.<anonymous> (/snap/codium/394/usr/share/codium/resources/app/out/vs/workbench/api/node/extensionHostProcess.js:151:5993)
	at d.dispose (/snap/codium/394/usr/share/codium/resources/app/out/vs/workbench/api/node/extensionHostProcess.js:151:6090)
	at d.<anonymous> (/snap/codium/394/usr/share/codium/resources/app/extensions/git/dist/main.js:2:947344)
	at d.dispose (/snap/codium/394/usr/share/codium/resources/app/out/vs/workbench/api/node/extensionHostProcess.js:151:6090)
	at a (/snap/codium/394/usr/share/codium/resources/app/out/vs/workbench/api/node/extensionHostProcess.js:30:758)
	at f._deactivate (/snap/codium/394/usr/share/codium/resources/app/out/vs/workbench/api/node/extensionHostProcess.js:159:12988)
	at /snap/codium/394/usr/share/codium/resources/app/out/vs/workbench/api/node/extensionHostProcess.js:159:10107
	at Array.map (<anonymous>)
	at f._deactivateAll (/snap/codium/394/usr/share/codium/resources/app/out/vs/workbench/api/node/extensionHostProcess.js:159:10094)
	at f.terminate (/snap/codium/394/usr/share/codium/resources/app/out/vs/workbench/api/node/extensionHostProcess.js:159:10478)
	at a.terminate (/snap/codium/394/usr/share/codium/resources/app/out/vs/workbench/api/node/extensionHostProcess.js:163:1908)
	at t (/snap/codium/394/usr/share/codium/resources/app/out/vs/workbench/api/node/extensionHostProcess.js:176:11627)
	at MessagePortMain.<anonymous> (/snap/codium/394/usr/share/codium/resources/app/out/vs/workbench/api/node/extensionHostProcess.js:176:7702)
	at MessagePortMain.emit (node:events:517:28)
	at MessagePortMain._internalPort.emit (node:electron/js2c/utility_init:2:2285) setContext undefined
2024-07-31 23:08:10.982 [error] Canceled: Canceled
	at new L (/snap/codium/394/usr/share/codium/resources/app/out/vs/workbench/api/node/extensionHostProcess.js:143:50578)
	at c._remoteCall (/snap/codium/394/usr/share/codium/resources/app/out/vs/workbench/api/node/extensionHostProcess.js:150:7677)
	at x.<computed>.z.charCodeAt.x.<computed> (/snap/codium/394/usr/share/codium/resources/app/out/vs/workbench/api/node/extensionHostProcess.js:150:4229)
	at r._doExecuteCommand (/snap/codium/394/usr/share/codium/resources/app/out/vs/workbench/api/node/extensionHostProcess.js:153:224943)
	at r.executeCommand (/snap/codium/394/usr/share/codium/resources/app/out/vs/workbench/api/node/extensionHostProcess.js:153:224268)
	at _.registerCommand.description (/snap/codium/394/usr/share/codium/resources/app/out/vs/workbench/api/node/extensionHostProcess.js:153:223512)
	at r._executeContributedCommand (/snap/codium/394/usr/share/codium/resources/app/out/vs/workbench/api/node/extensionHostProcess.js:153:225581)
	at r._doExecuteCommand (/snap/codium/394/usr/share/codium/resources/app/out/vs/workbench/api/node/extensionHostProcess.js:153:224401)
	at r.executeCommand (/snap/codium/394/usr/share/codium/resources/app/out/vs/workbench/api/node/extensionHostProcess.js:153:224268)
	at Object.executeCommand (/snap/codium/394/usr/share/codium/resources/app/out/vs/workbench/api/node/extensionHostProcess.js:163:29252)
	at a.O [as value] (/snap/codium/394/usr/share/codium/resources/app/extensions/git/dist/main.js:2:945087)
	at o._deliver (/snap/codium/394/usr/share/codium/resources/app/out/vs/workbench/api/node/extensionHostProcess.js:82:838)
	at o._deliverQueue (/snap/codium/394/usr/share/codium/resources/app/out/vs/workbench/api/node/extensionHostProcess.js:82:929)
	at o.fire (/snap/codium/394/usr/share/codium/resources/app/out/vs/workbench/api/node/extensionHostProcess.js:82:1264)
	at Object.p [as dispose] (/snap/codium/394/usr/share/codium/resources/app/extensions/git/dist/main.js:2:964171)
	at /snap/codium/394/usr/share/codium/resources/app/extensions/git/dist/main.js:2:970209
	at Array.forEach (<anonymous>)
	at f.dispose (/snap/codium/394/usr/share/codium/resources/app/extensions/git/dist/main.js:2:970195)
	at d.<anonymous> (/snap/codium/394/usr/share/codium/resources/app/out/vs/workbench/api/node/extensionHostProcess.js:151:5993)
	at d.dispose (/snap/codium/394/usr/share/codium/resources/app/out/vs/workbench/api/node/extensionHostProcess.js:151:6090)
	at d.<anonymous> (/snap/codium/394/usr/share/codium/resources/app/extensions/git/dist/main.js:2:947344)
	at d.dispose (/snap/codium/394/usr/share/codium/resources/app/out/vs/workbench/api/node/extensionHostProcess.js:151:6090)
	at a (/snap/codium/394/usr/share/codium/resources/app/out/vs/workbench/api/node/extensionHostProcess.js:30:758)
	at f._deactivate (/snap/codium/394/usr/share/codium/resources/app/out/vs/workbench/api/node/extensionHostProcess.js:159:12988)
	at /snap/codium/394/usr/share/codium/resources/app/out/vs/workbench/api/node/extensionHostProcess.js:159:10107
	at Array.map (<anonymous>)
	at f._deactivateAll (/snap/codium/394/usr/share/codium/resources/app/out/vs/workbench/api/node/extensionHostProcess.js:159:10094)
	at f.terminate (/snap/codium/394/usr/share/codium/resources/app/out/vs/workbench/api/node/extensionHostProcess.js:159:10478)
	at a.terminate (/snap/codium/394/usr/share/codium/resources/app/out/vs/workbench/api/node/extensionHostProcess.js:163:1908)
	at t (/snap/codium/394/usr/share/codium/resources/app/out/vs/workbench/api/node/extensionHostProcess.js:176:11627)
	at MessagePortMain.<anonymous> (/snap/codium/394/usr/share/codium/resources/app/out/vs/workbench/api/node/extensionHostProcess.js:176:7702)
	at MessagePortMain.emit (node:events:517:28)
	at MessagePortMain._internalPort.emit (node:electron/js2c/utility_init:2:2285) setContext undefined
2024-07-31 23:08:10.982 [error] Canceled: Canceled
	at new L (/snap/codium/394/usr/share/codium/resources/app/out/vs/workbench/api/node/extensionHostProcess.js:143:50578)
	at c._remoteCall (/snap/codium/394/usr/share/codium/resources/app/out/vs/workbench/api/node/extensionHostProcess.js:150:7677)
	at x.<computed>.z.charCodeAt.x.<computed> (/snap/codium/394/usr/share/codium/resources/app/out/vs/workbench/api/node/extensionHostProcess.js:150:4229)
	at r._doExecuteCommand (/snap/codium/394/usr/share/codium/resources/app/out/vs/workbench/api/node/extensionHostProcess.js:153:224943)
	at r.executeCommand (/snap/codium/394/usr/share/codium/resources/app/out/vs/workbench/api/node/extensionHostProcess.js:153:224268)
	at _.registerCommand.description (/snap/codium/394/usr/share/codium/resources/app/out/vs/workbench/api/node/extensionHostProcess.js:153:223512)
	at r._executeContributedCommand (/snap/codium/394/usr/share/codium/resources/app/out/vs/workbench/api/node/extensionHostProcess.js:153:225581)
	at r._doExecuteCommand (/snap/codium/394/usr/share/codium/resources/app/out/vs/workbench/api/node/extensionHostProcess.js:153:224401)
	at r.executeCommand (/snap/codium/394/usr/share/codium/resources/app/out/vs/workbench/api/node/extensionHostProcess.js:153:224268)
	at Object.executeCommand (/snap/codium/394/usr/share/codium/resources/app/out/vs/workbench/api/node/extensionHostProcess.js:163:29252)
	at set hasGitHubRepositories [as hasGitHubRepositories] (/snap/codium/394/usr/share/codium/resources/app/extensions/github/dist/extension.js:2:322918)
	at /snap/codium/394/usr/share/codium/resources/app/extensions/github/dist/extension.js:2:323877
	at a.value (/snap/codium/394/usr/share/codium/resources/app/extensions/git/dist/main.js:2:1050660)
	at o._deliver (/snap/codium/394/usr/share/codium/resources/app/out/vs/workbench/api/node/extensionHostProcess.js:82:838)
	at o._deliverQueue (/snap/codium/394/usr/share/codium/resources/app/out/vs/workbench/api/node/extensionHostProcess.js:82:929)
	at o.fire (/snap/codium/394/usr/share/codium/resources/app/out/vs/workbench/api/node/extensionHostProcess.js:82:1264)
	at Object.p [as dispose] (/snap/codium/394/usr/share/codium/resources/app/extensions/git/dist/main.js:2:964171)
	at /snap/codium/394/usr/share/codium/resources/app/extensions/git/dist/main.js:2:970209
	at Array.forEach (<anonymous>)
	at f.dispose (/snap/codium/394/usr/share/codium/resources/app/extensions/git/dist/main.js:2:970195)
	at d.<anonymous> (/snap/codium/394/usr/share/codium/resources/app/out/vs/workbench/api/node/extensionHostProcess.js:151:5993)
	at d.dispose (/snap/codium/394/usr/share/codium/resources/app/out/vs/workbench/api/node/extensionHostProcess.js:151:6090)
	at d.<anonymous> (/snap/codium/394/usr/share/codium/resources/app/extensions/git/dist/main.js:2:947344)
	at d.dispose (/snap/codium/394/usr/share/codium/resources/app/out/vs/workbench/api/node/extensionHostProcess.js:151:6090)
	at a (/snap/codium/394/usr/share/codium/resources/app/out/vs/workbench/api/node/extensionHostProcess.js:30:758)
	at f._deactivate (/snap/codium/394/usr/share/codium/resources/app/out/vs/workbench/api/node/extensionHostProcess.js:159:12988)
	at /snap/codium/394/usr/share/codium/resources/app/out/vs/workbench/api/node/extensionHostProcess.js:159:10107
	at Array.map (<anonymous>)
	at f._deactivateAll (/snap/codium/394/usr/share/codium/resources/app/out/vs/workbench/api/node/extensionHostProcess.js:159:10094)
	at f.terminate (/snap/codium/394/usr/share/codium/resources/app/out/vs/workbench/api/node/extensionHostProcess.js:159:10478)
	at a.terminate (/snap/codium/394/usr/share/codium/resources/app/out/vs/workbench/api/node/extensionHostProcess.js:163:1908)
	at t (/snap/codium/394/usr/share/codium/resources/app/out/vs/workbench/api/node/extensionHostProcess.js:176:11627)
	at MessagePortMain.<anonymous> (/snap/codium/394/usr/share/codium/resources/app/out/vs/workbench/api/node/extensionHostProcess.js:176:7702)
	at MessagePortMain.emit (node:events:517:28)
	at MessagePortMain._internalPort.emit (node:electron/js2c/utility_init:2:2285) setContext undefined
2024-07-31 23:08:10.986 [info] Extension host with pid 55143 exiting with code 0
2024-07-31 23:08:11.513 [info] Extension host with pid 55351 started
2024-07-31 23:08:11.513 [info] Skipping acquiring lock for /home/loganmancuso/.config/VSCodium/User/workspaceStorage/77f35f266b2704abb99b6f16ff5252d6.
2024-07-31 23:08:11.552 [info] ExtensionService#_doActivateExtension vscode.emmet, startup: false, activationEvent: 'onLanguage'
2024-07-31 23:08:11.564 [info] ExtensionService#_doActivateExtension vscode.extension-editing, startup: false, activationEvent: 'onLanguage:markdown'
2024-07-31 23:08:11.571 [info] ExtensionService#_doActivateExtension vscode.markdown-language-features, startup: false, activationEvent: 'onLanguage:markdown'
2024-07-31 23:08:11.620 [info] ExtensionService#_doActivateExtension vscode.git-base, startup: false, activationEvent: 'onFileSystem:git', root cause: vscode.git
2024-07-31 23:08:11.623 [info] ExtensionService#_doActivateExtension vscode.json-language-features, startup: false, activationEvent: 'onLanguage:jsonc'
2024-07-31 23:08:11.644 [info] ExtensionService#_doActivateExtension vscode.typescript-language-features, startup: false, activationEvent: 'onLanguage:jsonc'
2024-07-31 23:08:11.721 [info] ExtensionService#_doActivateExtension vscode.git, startup: false, activationEvent: 'onFileSystem:git'
2024-07-31 23:08:12.161 [info] ExtensionService#_doActivateExtension vscode.github, startup: true, activationEvent: '*'
2024-07-31 23:08:12.169 [info] ExtensionService#_doActivateExtension Shan.code-settings-sync, startup: true, activationEvent: '*'
2024-07-31 23:08:12.786 [info] ExtensionService#_doActivateExtension gamunu.opentofu, startup: true, activationEvent: 'workspaceContains:**/*.tf,**/*.tfvars'
2024-07-31 23:08:12.889 [info] Eager extensions activated
2024-07-31 23:08:12.955 [info] ExtensionService#_doActivateExtension vscode.debug-auto-launch, startup: false, activationEvent: 'onStartupFinished'
2024-07-31 23:08:12.965 [info] ExtensionService#_doActivateExtension vscode.merge-conflict, startup: false, activationEvent: 'onStartupFinished'
2024-07-31 23:08:30.634 [info] Extension host terminating: renderer closed the MessagePort
2024-07-31 23:08:30.659 [error] Canceled: Canceled
	at new L (/snap/codium/394/usr/share/codium/resources/app/out/vs/workbench/api/node/extensionHostProcess.js:143:50578)
	at c._remoteCall (/snap/codium/394/usr/share/codium/resources/app/out/vs/workbench/api/node/extensionHostProcess.js:150:7677)
	at x.<computed>.z.charCodeAt.x.<computed> (/snap/codium/394/usr/share/codium/resources/app/out/vs/workbench/api/node/extensionHostProcess.js:150:4229)
	at r._doExecuteCommand (/snap/codium/394/usr/share/codium/resources/app/out/vs/workbench/api/node/extensionHostProcess.js:153:224943)
	at r.executeCommand (/snap/codium/394/usr/share/codium/resources/app/out/vs/workbench/api/node/extensionHostProcess.js:153:224268)
	at _.registerCommand.description (/snap/codium/394/usr/share/codium/resources/app/out/vs/workbench/api/node/extensionHostProcess.js:153:223512)
	at r._executeContributedCommand (/snap/codium/394/usr/share/codium/resources/app/out/vs/workbench/api/node/extensionHostProcess.js:153:225581)
	at r._doExecuteCommand (/snap/codium/394/usr/share/codium/resources/app/out/vs/workbench/api/node/extensionHostProcess.js:153:224401)
	at r.executeCommand (/snap/codium/394/usr/share/codium/resources/app/out/vs/workbench/api/node/extensionHostProcess.js:153:224268)
	at Object.executeCommand (/snap/codium/394/usr/share/codium/resources/app/out/vs/workbench/api/node/extensionHostProcess.js:163:29252)
	at a.O [as value] (/snap/codium/394/usr/share/codium/resources/app/extensions/git/dist/main.js:2:945087)
	at o._deliver (/snap/codium/394/usr/share/codium/resources/app/out/vs/workbench/api/node/extensionHostProcess.js:82:838)
	at o._deliverQueue (/snap/codium/394/usr/share/codium/resources/app/out/vs/workbench/api/node/extensionHostProcess.js:82:929)
	at o.fire (/snap/codium/394/usr/share/codium/resources/app/out/vs/workbench/api/node/extensionHostProcess.js:82:1264)
	at Object.p [as dispose] (/snap/codium/394/usr/share/codium/resources/app/extensions/git/dist/main.js:2:964171)
	at /snap/codium/394/usr/share/codium/resources/app/extensions/git/dist/main.js:2:970209
	at Array.forEach (<anonymous>)
	at f.dispose (/snap/codium/394/usr/share/codium/resources/app/extensions/git/dist/main.js:2:970195)
	at d.<anonymous> (/snap/codium/394/usr/share/codium/resources/app/out/vs/workbench/api/node/extensionHostProcess.js:151:5993)
	at d.dispose (/snap/codium/394/usr/share/codium/resources/app/out/vs/workbench/api/node/extensionHostProcess.js:151:6090)
	at d.<anonymous> (/snap/codium/394/usr/share/codium/resources/app/extensions/git/dist/main.js:2:947344)
	at d.dispose (/snap/codium/394/usr/share/codium/resources/app/out/vs/workbench/api/node/extensionHostProcess.js:151:6090)
	at a (/snap/codium/394/usr/share/codium/resources/app/out/vs/workbench/api/node/extensionHostProcess.js:30:758)
	at f._deactivate (/snap/codium/394/usr/share/codium/resources/app/out/vs/workbench/api/node/extensionHostProcess.js:159:12988)
	at /snap/codium/394/usr/share/codium/resources/app/out/vs/workbench/api/node/extensionHostProcess.js:159:10107
	at Array.map (<anonymous>)
	at f._deactivateAll (/snap/codium/394/usr/share/codium/resources/app/out/vs/workbench/api/node/extensionHostProcess.js:159:10094)
	at f.terminate (/snap/codium/394/usr/share/codium/resources/app/out/vs/workbench/api/node/extensionHostProcess.js:159:10478)
	at a.terminate (/snap/codium/394/usr/share/codium/resources/app/out/vs/workbench/api/node/extensionHostProcess.js:163:1908)
	at t (/snap/codium/394/usr/share/codium/resources/app/out/vs/workbench/api/node/extensionHostProcess.js:176:11627)
	at MessagePortMain.<anonymous> (/snap/codium/394/usr/share/codium/resources/app/out/vs/workbench/api/node/extensionHostProcess.js:176:7702)
	at MessagePortMain.emit (node:events:517:28)
	at MessagePortMain._internalPort.emit (node:electron/js2c/utility_init:2:2285) setContext undefined
2024-07-31 23:08:30.661 [error] Canceled: Canceled
	at new L (/snap/codium/394/usr/share/codium/resources/app/out/vs/workbench/api/node/extensionHostProcess.js:143:50578)
	at c._remoteCall (/snap/codium/394/usr/share/codium/resources/app/out/vs/workbench/api/node/extensionHostProcess.js:150:7677)
	at x.<computed>.z.charCodeAt.x.<computed> (/snap/codium/394/usr/share/codium/resources/app/out/vs/workbench/api/node/extensionHostProcess.js:150:4229)
	at r._doExecuteCommand (/snap/codium/394/usr/share/codium/resources/app/out/vs/workbench/api/node/extensionHostProcess.js:153:224943)
	at r.executeCommand (/snap/codium/394/usr/share/codium/resources/app/out/vs/workbench/api/node/extensionHostProcess.js:153:224268)
	at _.registerCommand.description (/snap/codium/394/usr/share/codium/resources/app/out/vs/workbench/api/node/extensionHostProcess.js:153:223512)
	at r._executeContributedCommand (/snap/codium/394/usr/share/codium/resources/app/out/vs/workbench/api/node/extensionHostProcess.js:153:225581)
	at r._doExecuteCommand (/snap/codium/394/usr/share/codium/resources/app/out/vs/workbench/api/node/extensionHostProcess.js:153:224401)
	at r.executeCommand (/snap/codium/394/usr/share/codium/resources/app/out/vs/workbench/api/node/extensionHostProcess.js:153:224268)
	at Object.executeCommand (/snap/codium/394/usr/share/codium/resources/app/out/vs/workbench/api/node/extensionHostProcess.js:163:29252)
	at set hasGitHubRepositories [as hasGitHubRepositories] (/snap/codium/394/usr/share/codium/resources/app/extensions/github/dist/extension.js:2:322918)
	at /snap/codium/394/usr/share/codium/resources/app/extensions/github/dist/extension.js:2:323877
	at a.value (/snap/codium/394/usr/share/codium/resources/app/extensions/git/dist/main.js:2:1050660)
	at o._deliver (/snap/codium/394/usr/share/codium/resources/app/out/vs/workbench/api/node/extensionHostProcess.js:82:838)
	at o._deliverQueue (/snap/codium/394/usr/share/codium/resources/app/out/vs/workbench/api/node/extensionHostProcess.js:82:929)
	at o.fire (/snap/codium/394/usr/share/codium/resources/app/out/vs/workbench/api/node/extensionHostProcess.js:82:1264)
	at Object.p [as dispose] (/snap/codium/394/usr/share/codium/resources/app/extensions/git/dist/main.js:2:964171)
	at /snap/codium/394/usr/share/codium/resources/app/extensions/git/dist/main.js:2:970209
	at Array.forEach (<anonymous>)
	at f.dispose (/snap/codium/394/usr/share/codium/resources/app/extensions/git/dist/main.js:2:970195)
	at d.<anonymous> (/snap/codium/394/usr/share/codium/resources/app/out/vs/workbench/api/node/extensionHostProcess.js:151:5993)
	at d.dispose (/snap/codium/394/usr/share/codium/resources/app/out/vs/workbench/api/node/extensionHostProcess.js:151:6090)
	at d.<anonymous> (/snap/codium/394/usr/share/codium/resources/app/extensions/git/dist/main.js:2:947344)
	at d.dispose (/snap/codium/394/usr/share/codium/resources/app/out/vs/workbench/api/node/extensionHostProcess.js:151:6090)
	at a (/snap/codium/394/usr/share/codium/resources/app/out/vs/workbench/api/node/extensionHostProcess.js:30:758)
	at f._deactivate (/snap/codium/394/usr/share/codium/resources/app/out/vs/workbench/api/node/extensionHostProcess.js:159:12988)
	at /snap/codium/394/usr/share/codium/resources/app/out/vs/workbench/api/node/extensionHostProcess.js:159:10107
	at Array.map (<anonymous>)
	at f._deactivateAll (/snap/codium/394/usr/share/codium/resources/app/out/vs/workbench/api/node/extensionHostProcess.js:159:10094)
	at f.terminate (/snap/codium/394/usr/share/codium/resources/app/out/vs/workbench/api/node/extensionHostProcess.js:159:10478)
	at a.terminate (/snap/codium/394/usr/share/codium/resources/app/out/vs/workbench/api/node/extensionHostProcess.js:163:1908)
	at t (/snap/codium/394/usr/share/codium/resources/app/out/vs/workbench/api/node/extensionHostProcess.js:176:11627)
	at MessagePortMain.<anonymous> (/snap/codium/394/usr/share/codium/resources/app/out/vs/workbench/api/node/extensionHostProcess.js:176:7702)
	at MessagePortMain.emit (node:events:517:28)
	at MessagePortMain._internalPort.emit (node:electron/js2c/utility_init:2:2285) setContext undefined
2024-07-31 23:08:30.661 [error] Canceled: Canceled
	at new L (/snap/codium/394/usr/share/codium/resources/app/out/vs/workbench/api/node/extensionHostProcess.js:143:50578)
	at c._remoteCall (/snap/codium/394/usr/share/codium/resources/app/out/vs/workbench/api/node/extensionHostProcess.js:150:7677)
	at x.<computed>.z.charCodeAt.x.<computed> (/snap/codium/394/usr/share/codium/resources/app/out/vs/workbench/api/node/extensionHostProcess.js:150:4229)
	at r._doExecuteCommand (/snap/codium/394/usr/share/codium/resources/app/out/vs/workbench/api/node/extensionHostProcess.js:153:224943)
	at r.executeCommand (/snap/codium/394/usr/share/codium/resources/app/out/vs/workbench/api/node/extensionHostProcess.js:153:224268)
	at _.registerCommand.description (/snap/codium/394/usr/share/codium/resources/app/out/vs/workbench/api/node/extensionHostProcess.js:153:223512)
	at r._executeContributedCommand (/snap/codium/394/usr/share/codium/resources/app/out/vs/workbench/api/node/extensionHostProcess.js:153:225581)
	at r._doExecuteCommand (/snap/codium/394/usr/share/codium/resources/app/out/vs/workbench/api/node/extensionHostProcess.js:153:224401)
	at r.executeCommand (/snap/codium/394/usr/share/codium/resources/app/out/vs/workbench/api/node/extensionHostProcess.js:153:224268)
	at Object.executeCommand (/snap/codium/394/usr/share/codium/resources/app/out/vs/workbench/api/node/extensionHostProcess.js:163:29252)
	at a.O [as value] (/snap/codium/394/usr/share/codium/resources/app/extensions/git/dist/main.js:2:945087)
	at o._deliver (/snap/codium/394/usr/share/codium/resources/app/out/vs/workbench/api/node/extensionHostProcess.js:82:838)
	at o._deliverQueue (/snap/codium/394/usr/share/codium/resources/app/out/vs/workbench/api/node/extensionHostProcess.js:82:929)
	at o.fire (/snap/codium/394/usr/share/codium/resources/app/out/vs/workbench/api/node/extensionHostProcess.js:82:1264)
	at Object.p [as dispose] (/snap/codium/394/usr/share/codium/resources/app/extensions/git/dist/main.js:2:964171)
	at /snap/codium/394/usr/share/codium/resources/app/extensions/git/dist/main.js:2:970209
	at Array.forEach (<anonymous>)
	at f.dispose (/snap/codium/394/usr/share/codium/resources/app/extensions/git/dist/main.js:2:970195)
	at d.<anonymous> (/snap/codium/394/usr/share/codium/resources/app/out/vs/workbench/api/node/extensionHostProcess.js:151:5993)
	at d.dispose (/snap/codium/394/usr/share/codium/resources/app/out/vs/workbench/api/node/extensionHostProcess.js:151:6090)
	at d.<anonymous> (/snap/codium/394/usr/share/codium/resources/app/extensions/git/dist/main.js:2:947344)
	at d.dispose (/snap/codium/394/usr/share/codium/resources/app/out/vs/workbench/api/node/extensionHostProcess.js:151:6090)
	at a (/snap/codium/394/usr/share/codium/resources/app/out/vs/workbench/api/node/extensionHostProcess.js:30:758)
	at f._deactivate (/snap/codium/394/usr/share/codium/resources/app/out/vs/workbench/api/node/extensionHostProcess.js:159:12988)
	at /snap/codium/394/usr/share/codium/resources/app/out/vs/workbench/api/node/extensionHostProcess.js:159:10107
	at Array.map (<anonymous>)
	at f._deactivateAll (/snap/codium/394/usr/share/codium/resources/app/out/vs/workbench/api/node/extensionHostProcess.js:159:10094)
	at f.terminate (/snap/codium/394/usr/share/codium/resources/app/out/vs/workbench/api/node/extensionHostProcess.js:159:10478)
	at a.terminate (/snap/codium/394/usr/share/codium/resources/app/out/vs/workbench/api/node/extensionHostProcess.js:163:1908)
	at t (/snap/codium/394/usr/share/codium/resources/app/out/vs/workbench/api/node/extensionHostProcess.js:176:11627)
	at MessagePortMain.<anonymous> (/snap/codium/394/usr/share/codium/resources/app/out/vs/workbench/api/node/extensionHostProcess.js:176:7702)
	at MessagePortMain.emit (node:events:517:28)
	at MessagePortMain._internalPort.emit (node:electron/js2c/utility_init:2:2285) setContext undefined
2024-07-31 23:08:30.662 [error] Canceled: Canceled
	at new L (/snap/codium/394/usr/share/codium/resources/app/out/vs/workbench/api/node/extensionHostProcess.js:143:50578)
	at c._remoteCall (/snap/codium/394/usr/share/codium/resources/app/out/vs/workbench/api/node/extensionHostProcess.js:150:7677)
	at x.<computed>.z.charCodeAt.x.<computed> (/snap/codium/394/usr/share/codium/resources/app/out/vs/workbench/api/node/extensionHostProcess.js:150:4229)
	at r._doExecuteCommand (/snap/codium/394/usr/share/codium/resources/app/out/vs/workbench/api/node/extensionHostProcess.js:153:224943)
	at r.executeCommand (/snap/codium/394/usr/share/codium/resources/app/out/vs/workbench/api/node/extensionHostProcess.js:153:224268)
	at _.registerCommand.description (/snap/codium/394/usr/share/codium/resources/app/out/vs/workbench/api/node/extensionHostProcess.js:153:223512)
	at r._executeContributedCommand (/snap/codium/394/usr/share/codium/resources/app/out/vs/workbench/api/node/extensionHostProcess.js:153:225581)
	at r._doExecuteCommand (/snap/codium/394/usr/share/codium/resources/app/out/vs/workbench/api/node/extensionHostProcess.js:153:224401)
	at r.executeCommand (/snap/codium/394/usr/share/codium/resources/app/out/vs/workbench/api/node/extensionHostProcess.js:153:224268)
	at Object.executeCommand (/snap/codium/394/usr/share/codium/resources/app/out/vs/workbench/api/node/extensionHostProcess.js:163:29252)
	at set hasGitHubRepositories [as hasGitHubRepositories] (/snap/codium/394/usr/share/codium/resources/app/extensions/github/dist/extension.js:2:322918)
	at /snap/codium/394/usr/share/codium/resources/app/extensions/github/dist/extension.js:2:323877
	at a.value (/snap/codium/394/usr/share/codium/resources/app/extensions/git/dist/main.js:2:1050660)
	at o._deliver (/snap/codium/394/usr/share/codium/resources/app/out/vs/workbench/api/node/extensionHostProcess.js:82:838)
	at o._deliverQueue (/snap/codium/394/usr/share/codium/resources/app/out/vs/workbench/api/node/extensionHostProcess.js:82:929)
	at o.fire (/snap/codium/394/usr/share/codium/resources/app/out/vs/workbench/api/node/extensionHostProcess.js:82:1264)
	at Object.p [as dispose] (/snap/codium/394/usr/share/codium/resources/app/extensions/git/dist/main.js:2:964171)
	at /snap/codium/394/usr/share/codium/resources/app/extensions/git/dist/main.js:2:970209
	at Array.forEach (<anonymous>)
	at f.dispose (/snap/codium/394/usr/share/codium/resources/app/extensions/git/dist/main.js:2:970195)
	at d.<anonymous> (/snap/codium/394/usr/share/codium/resources/app/out/vs/workbench/api/node/extensionHostProcess.js:151:5993)
	at d.dispose (/snap/codium/394/usr/share/codium/resources/app/out/vs/workbench/api/node/extensionHostProcess.js:151:6090)
	at d.<anonymous> (/snap/codium/394/usr/share/codium/resources/app/extensions/git/dist/main.js:2:947344)
	at d.dispose (/snap/codium/394/usr/share/codium/resources/app/out/vs/workbench/api/node/extensionHostProcess.js:151:6090)
	at a (/snap/codium/394/usr/share/codium/resources/app/out/vs/workbench/api/node/extensionHostProcess.js:30:758)
	at f._deactivate (/snap/codium/394/usr/share/codium/resources/app/out/vs/workbench/api/node/extensionHostProcess.js:159:12988)
	at /snap/codium/394/usr/share/codium/resources/app/out/vs/workbench/api/node/extensionHostProcess.js:159:10107
	at Array.map (<anonymous>)
	at f._deactivateAll (/snap/codium/394/usr/share/codium/resources/app/out/vs/workbench/api/node/extensionHostProcess.js:159:10094)
	at f.terminate (/snap/codium/394/usr/share/codium/resources/app/out/vs/workbench/api/node/extensionHostProcess.js:159:10478)
	at a.terminate (/snap/codium/394/usr/share/codium/resources/app/out/vs/workbench/api/node/extensionHostProcess.js:163:1908)
	at t (/snap/codium/394/usr/share/codium/resources/app/out/vs/workbench/api/node/extensionHostProcess.js:176:11627)
	at MessagePortMain.<anonymous> (/snap/codium/394/usr/share/codium/resources/app/out/vs/workbench/api/node/extensionHostProcess.js:176:7702)
	at MessagePortMain.emit (node:events:517:28)
	at MessagePortMain._internalPort.emit (node:electron/js2c/utility_init:2:2285) setContext undefined
2024-07-31 23:08:30.662 [error] Canceled: Canceled
	at new L (/snap/codium/394/usr/share/codium/resources/app/out/vs/workbench/api/node/extensionHostProcess.js:143:50578)
	at c._remoteCall (/snap/codium/394/usr/share/codium/resources/app/out/vs/workbench/api/node/extensionHostProcess.js:150:7677)
	at x.<computed>.z.charCodeAt.x.<computed> (/snap/codium/394/usr/share/codium/resources/app/out/vs/workbench/api/node/extensionHostProcess.js:150:4229)
	at r._doExecuteCommand (/snap/codium/394/usr/share/codium/resources/app/out/vs/workbench/api/node/extensionHostProcess.js:153:224943)
	at r.executeCommand (/snap/codium/394/usr/share/codium/resources/app/out/vs/workbench/api/node/extensionHostProcess.js:153:224268)
	at _.registerCommand.description (/snap/codium/394/usr/share/codium/resources/app/out/vs/workbench/api/node/extensionHostProcess.js:153:223512)
	at r._executeContributedCommand (/snap/codium/394/usr/share/codium/resources/app/out/vs/workbench/api/node/extensionHostProcess.js:153:225581)
	at r._doExecuteCommand (/snap/codium/394/usr/share/codium/resources/app/out/vs/workbench/api/node/extensionHostProcess.js:153:224401)
	at r.executeCommand (/snap/codium/394/usr/share/codium/resources/app/out/vs/workbench/api/node/extensionHostProcess.js:153:224268)
	at Object.executeCommand (/snap/codium/394/usr/share/codium/resources/app/out/vs/workbench/api/node/extensionHostProcess.js:163:29252)
	at a.O [as value] (/snap/codium/394/usr/share/codium/resources/app/extensions/git/dist/main.js:2:945087)
	at o._deliver (/snap/codium/394/usr/share/codium/resources/app/out/vs/workbench/api/node/extensionHostProcess.js:82:838)
	at o._deliverQueue (/snap/codium/394/usr/share/codium/resources/app/out/vs/workbench/api/node/extensionHostProcess.js:82:929)
	at o.fire (/snap/codium/394/usr/share/codium/resources/app/out/vs/workbench/api/node/extensionHostProcess.js:82:1264)
	at Object.p [as dispose] (/snap/codium/394/usr/share/codium/resources/app/extensions/git/dist/main.js:2:964171)
	at /snap/codium/394/usr/share/codium/resources/app/extensions/git/dist/main.js:2:970209
	at Array.forEach (<anonymous>)
	at f.dispose (/snap/codium/394/usr/share/codium/resources/app/extensions/git/dist/main.js:2:970195)
	at d.<anonymous> (/snap/codium/394/usr/share/codium/resources/app/out/vs/workbench/api/node/extensionHostProcess.js:151:5993)
	at d.dispose (/snap/codium/394/usr/share/codium/resources/app/out/vs/workbench/api/node/extensionHostProcess.js:151:6090)
	at d.<anonymous> (/snap/codium/394/usr/share/codium/resources/app/extensions/git/dist/main.js:2:947344)
	at d.dispose (/snap/codium/394/usr/share/codium/resources/app/out/vs/workbench/api/node/extensionHostProcess.js:151:6090)
	at a (/snap/codium/394/usr/share/codium/resources/app/out/vs/workbench/api/node/extensionHostProcess.js:30:758)
	at f._deactivate (/snap/codium/394/usr/share/codium/resources/app/out/vs/workbench/api/node/extensionHostProcess.js:159:12988)
	at /snap/codium/394/usr/share/codium/resources/app/out/vs/workbench/api/node/extensionHostProcess.js:159:10107
	at Array.map (<anonymous>)
	at f._deactivateAll (/snap/codium/394/usr/share/codium/resources/app/out/vs/workbench/api/node/extensionHostProcess.js:159:10094)
	at f.terminate (/snap/codium/394/usr/share/codium/resources/app/out/vs/workbench/api/node/extensionHostProcess.js:159:10478)
	at a.terminate (/snap/codium/394/usr/share/codium/resources/app/out/vs/workbench/api/node/extensionHostProcess.js:163:1908)
	at t (/snap/codium/394/usr/share/codium/resources/app/out/vs/workbench/api/node/extensionHostProcess.js:176:11627)
	at MessagePortMain.<anonymous> (/snap/codium/394/usr/share/codium/resources/app/out/vs/workbench/api/node/extensionHostProcess.js:176:7702)
	at MessagePortMain.emit (node:events:517:28)
	at MessagePortMain._internalPort.emit (node:electron/js2c/utility_init:2:2285) setContext undefined
2024-07-31 23:08:30.662 [error] Canceled: Canceled
	at new L (/snap/codium/394/usr/share/codium/resources/app/out/vs/workbench/api/node/extensionHostProcess.js:143:50578)
	at c._remoteCall (/snap/codium/394/usr/share/codium/resources/app/out/vs/workbench/api/node/extensionHostProcess.js:150:7677)
	at x.<computed>.z.charCodeAt.x.<computed> (/snap/codium/394/usr/share/codium/resources/app/out/vs/workbench/api/node/extensionHostProcess.js:150:4229)
	at r._doExecuteCommand (/snap/codium/394/usr/share/codium/resources/app/out/vs/workbench/api/node/extensionHostProcess.js:153:224943)
	at r.executeCommand (/snap/codium/394/usr/share/codium/resources/app/out/vs/workbench/api/node/extensionHostProcess.js:153:224268)
	at _.registerCommand.description (/snap/codium/394/usr/share/codium/resources/app/out/vs/workbench/api/node/extensionHostProcess.js:153:223512)
	at r._executeContributedCommand (/snap/codium/394/usr/share/codium/resources/app/out/vs/workbench/api/node/extensionHostProcess.js:153:225581)
	at r._doExecuteCommand (/snap/codium/394/usr/share/codium/resources/app/out/vs/workbench/api/node/extensionHostProcess.js:153:224401)
	at r.executeCommand (/snap/codium/394/usr/share/codium/resources/app/out/vs/workbench/api/node/extensionHostProcess.js:153:224268)
	at Object.executeCommand (/snap/codium/394/usr/share/codium/resources/app/out/vs/workbench/api/node/extensionHostProcess.js:163:29252)
	at set hasGitHubRepositories [as hasGitHubRepositories] (/snap/codium/394/usr/share/codium/resources/app/extensions/github/dist/extension.js:2:322918)
	at /snap/codium/394/usr/share/codium/resources/app/extensions/github/dist/extension.js:2:323877
	at a.value (/snap/codium/394/usr/share/codium/resources/app/extensions/git/dist/main.js:2:1050660)
	at o._deliver (/snap/codium/394/usr/share/codium/resources/app/out/vs/workbench/api/node/extensionHostProcess.js:82:838)
	at o._deliverQueue (/snap/codium/394/usr/share/codium/resources/app/out/vs/workbench/api/node/extensionHostProcess.js:82:929)
	at o.fire (/snap/codium/394/usr/share/codium/resources/app/out/vs/workbench/api/node/extensionHostProcess.js:82:1264)
	at Object.p [as dispose] (/snap/codium/394/usr/share/codium/resources/app/extensions/git/dist/main.js:2:964171)
	at /snap/codium/394/usr/share/codium/resources/app/extensions/git/dist/main.js:2:970209
	at Array.forEach (<anonymous>)
	at f.dispose (/snap/codium/394/usr/share/codium/resources/app/extensions/git/dist/main.js:2:970195)
	at d.<anonymous> (/snap/codium/394/usr/share/codium/resources/app/out/vs/workbench/api/node/extensionHostProcess.js:151:5993)
	at d.dispose (/snap/codium/394/usr/share/codium/resources/app/out/vs/workbench/api/node/extensionHostProcess.js:151:6090)
	at d.<anonymous> (/snap/codium/394/usr/share/codium/resources/app/extensions/git/dist/main.js:2:947344)
	at d.dispose (/snap/codium/394/usr/share/codium/resources/app/out/vs/workbench/api/node/extensionHostProcess.js:151:6090)
	at a (/snap/codium/394/usr/share/codium/resources/app/out/vs/workbench/api/node/extensionHostProcess.js:30:758)
	at f._deactivate (/snap/codium/394/usr/share/codium/resources/app/out/vs/workbench/api/node/extensionHostProcess.js:159:12988)
	at /snap/codium/394/usr/share/codium/resources/app/out/vs/workbench/api/node/extensionHostProcess.js:159:10107
	at Array.map (<anonymous>)
	at f._deactivateAll (/snap/codium/394/usr/share/codium/resources/app/out/vs/workbench/api/node/extensionHostProcess.js:159:10094)
	at f.terminate (/snap/codium/394/usr/share/codium/resources/app/out/vs/workbench/api/node/extensionHostProcess.js:159:10478)
	at a.terminate (/snap/codium/394/usr/share/codium/resources/app/out/vs/workbench/api/node/extensionHostProcess.js:163:1908)
	at t (/snap/codium/394/usr/share/codium/resources/app/out/vs/workbench/api/node/extensionHostProcess.js:176:11627)
	at MessagePortMain.<anonymous> (/snap/codium/394/usr/share/codium/resources/app/out/vs/workbench/api/node/extensionHostProcess.js:176:7702)
	at MessagePortMain.emit (node:events:517:28)
	at MessagePortMain._internalPort.emit (node:electron/js2c/utility_init:2:2285) setContext undefined
2024-07-31 23:08:30.666 [info] Extension host with pid 55351 exiting with code 0
2024-07-31 23:08:31.520 [info] Extension host with pid 55653 started
2024-07-31 23:08:31.520 [info] Skipping acquiring lock for /home/loganmancuso/.config/VSCodium/User/workspaceStorage/77f35f266b2704abb99b6f16ff5252d6.
2024-07-31 23:08:31.572 [info] ExtensionService#_doActivateExtension vscode.emmet, startup: false, activationEvent: 'onLanguage'
2024-07-31 23:08:31.591 [info] ExtensionService#_doActivateExtension vscode.extension-editing, startup: false, activationEvent: 'onLanguage:markdown'
2024-07-31 23:08:31.605 [info] ExtensionService#_doActivateExtension vscode.markdown-language-features, startup: false, activationEvent: 'onLanguage:markdown'
2024-07-31 23:08:31.729 [info] ExtensionService#_doActivateExtension vscode.git-base, startup: false, activationEvent: 'onFileSystem:git', root cause: vscode.git
2024-07-31 23:08:31.733 [info] ExtensionService#_doActivateExtension vscode.json-language-features, startup: false, activationEvent: 'onLanguage:jsonc'
2024-07-31 23:08:31.770 [info] ExtensionService#_doActivateExtension vscode.typescript-language-features, startup: false, activationEvent: 'onLanguage:jsonc'
2024-07-31 23:08:31.906 [info] ExtensionService#_doActivateExtension vscode.git, startup: false, activationEvent: 'onFileSystem:git'
2024-07-31 23:08:32.618 [info] ExtensionService#_doActivateExtension vscode.github, startup: true, activationEvent: '*'
2024-07-31 23:08:32.628 [info] ExtensionService#_doActivateExtension Shan.code-settings-sync, startup: true, activationEvent: '*'
2024-07-31 23:08:32.874 [info] ExtensionService#_doActivateExtension gamunu.opentofu, startup: true, activationEvent: 'workspaceContains:**/*.tf,**/*.tfvars'
2024-07-31 23:08:33.065 [info] Eager extensions activated
2024-07-31 23:08:33.108 [info] ExtensionService#_doActivateExtension vscode.debug-auto-launch, startup: false, activationEvent: 'onStartupFinished'
2024-07-31 23:08:33.110 [info] ExtensionService#_doActivateExtension vscode.merge-conflict, startup: false, activationEvent: 'onStartupFinished'
2024-07-31 23:09:50.442 [info] ExtensionService#_doActivateExtension vscode.markdown-math, startup: false, activationEvent: 'api', root cause: vscode.markdown-language-features
2024-07-31 23:10:03.410 [info] ExtensionService#_doActivateExtension vscode.npm, startup: false, activationEvent: 'onLanguage:json'
2024-07-31 23:11:18.373 [warning] [Decorations] CAPPING events from decorations provider vscode.git 659
2024-07-31 23:11:18.432 [warning] [Decorations] CAPPING events from decorations provider vscode.git 659
2024-07-31 23:11:29.915 [warning] [Decorations] CAPPING events from decorations provider vscode.git 659
2024-07-31 23:11:36.902 [warning] [Decorations] CAPPING events from decorations provider vscode.git 658
2024-07-31 23:11:45.335 [warning] [Decorations] CAPPING events from decorations provider vscode.git 655
2024-08-01 00:32:54.812 [info] ExtensionService#_doActivateExtension ms-azuretools.vscode-docker, startup: false, activationEvent: 'onView:dockerContainers'
